2025-08-04 17:36:25.261 -06:00 [INF] User profile is available. Using 'C:\Users\hoshu\AppData\Local\ASP.NET\DataProtection-Keys' as key repository and Windows DPAPI to encrypt keys at rest.
2025-08-04 17:36:26.648 -06:00 [WRN] No store type was specified for the decimal property 'Total' on entity type 'Order'. This will cause values to be silently truncated if they do not fit in the default precision and scale. Explicitly specify the SQL server column type that can accommodate all the values in 'OnModelCreating' using 'HasColumnType', specify precision and scale using 'HasPrecision', or configure a value converter using 'HasConversion'.
2025-08-04 17:36:26.656 -06:00 [WRN] No store type was specified for the decimal property 'PrecioUnitario' on entity type 'OrderDetail'. This will cause values to be silently truncated if they do not fit in the default precision and scale. Explicitly specify the SQL server column type that can accommodate all the values in 'OnModelCreating' using 'HasColumnType', specify precision and scale using 'HasPrecision', or configure a value converter using 'HasConversion'.
2025-08-04 17:36:26.662 -06:00 [WRN] No store type was specified for the decimal property 'Precio' on entity type 'Product'. This will cause values to be silently truncated if they do not fit in the default precision and scale. Explicitly specify the SQL server column type that can accommodate all the values in 'OnModelCreating' using 'HasColumnType', specify precision and scale using 'HasPrecision', or configure a value converter using 'HasConversion'.
2025-08-04 17:36:28.873 -06:00 [INF] Executed DbCommand (237ms) [Parameters=[@__normalizedName_0='?' (Size = 256)], CommandType='"Text"', CommandTimeout='30']
SELECT TOP(1) [a].[Id], [a].[ConcurrencyStamp], [a].[Name], [a].[NormalizedName]
FROM [AspNetRoles] AS [a]
WHERE [a].[NormalizedName] = @__normalizedName_0
2025-08-04 17:36:29.266 -06:00 [INF] Executed DbCommand (17ms) [Parameters=[@__normalizedEmail_0='?' (Size = 256)], CommandType='"Text"', CommandTimeout='30']
SELECT TOP(2) [a].[Id], [a].[AccessFailedCount], [a].[ConcurrencyStamp], [a].[Email], [a].[EmailConfirmed], [a].[LockoutEnabled], [a].[LockoutEnd], [a].[NormalizedEmail], [a].[NormalizedUserName], [a].[PasswordHash], [a].[PhoneNumber], [a].[PhoneNumberConfirmed], [a].[SecurityStamp], [a].[TwoFactorEnabled], [a].[UserName]
FROM [AspNetUsers] AS [a]
WHERE [a].[NormalizedEmail] = @__normalizedEmail_0
2025-08-04 17:36:29.436 -06:00 [INF] Executed DbCommand (12ms) [Parameters=[@__normalizedRoleName_0='?' (Size = 256)], CommandType='"Text"', CommandTimeout='30']
SELECT TOP(2) [a].[Id], [a].[ConcurrencyStamp], [a].[Name], [a].[NormalizedName]
FROM [AspNetRoles] AS [a]
WHERE [a].[NormalizedName] = @__normalizedRoleName_0
2025-08-04 17:36:29.564 -06:00 [INF] Executed DbCommand (7ms) [Parameters=[@__p_0='?' (Size = 450), @__p_1='?' (Size = 450)], CommandType='"Text"', CommandTimeout='30']
SELECT TOP(1) [a].[UserId], [a].[RoleId]
FROM [AspNetUserRoles] AS [a]
WHERE [a].[UserId] = @__p_0 AND [a].[RoleId] = @__p_1
2025-08-04 17:36:29.623 -06:00 [INF] Executed DbCommand (8ms) [Parameters=[@__normalizedEmail_0='?' (Size = 256)], CommandType='"Text"', CommandTimeout='30']
SELECT TOP(2) [a].[Id], [a].[AccessFailedCount], [a].[ConcurrencyStamp], [a].[Email], [a].[EmailConfirmed], [a].[LockoutEnabled], [a].[LockoutEnd], [a].[NormalizedEmail], [a].[NormalizedUserName], [a].[PasswordHash], [a].[PhoneNumber], [a].[PhoneNumberConfirmed], [a].[SecurityStamp], [a].[TwoFactorEnabled], [a].[UserName]
FROM [AspNetUsers] AS [a]
WHERE [a].[NormalizedEmail] = @__normalizedEmail_0
2025-08-04 17:36:29.642 -06:00 [INF] Executed DbCommand (6ms) [Parameters=[@__normalizedRoleName_0='?' (Size = 256)], CommandType='"Text"', CommandTimeout='30']
SELECT TOP(2) [a].[Id], [a].[ConcurrencyStamp], [a].[Name], [a].[NormalizedName]
FROM [AspNetRoles] AS [a]
WHERE [a].[NormalizedName] = @__normalizedRoleName_0
2025-08-04 17:36:29.658 -06:00 [INF] Executed DbCommand (6ms) [Parameters=[@__p_0='?' (Size = 450), @__p_1='?' (Size = 450)], CommandType='"Text"', CommandTimeout='30']
SELECT TOP(1) [a].[UserId], [a].[RoleId]
FROM [AspNetUserRoles] AS [a]
WHERE [a].[UserId] = @__p_0 AND [a].[RoleId] = @__p_1
2025-08-04 17:36:29.669 -06:00 [INF] Executed DbCommand (3ms) [Parameters=[@__normalizedEmail_0='?' (Size = 256)], CommandType='"Text"', CommandTimeout='30']
SELECT TOP(2) [a].[Id], [a].[AccessFailedCount], [a].[ConcurrencyStamp], [a].[Email], [a].[EmailConfirmed], [a].[LockoutEnabled], [a].[LockoutEnd], [a].[NormalizedEmail], [a].[NormalizedUserName], [a].[PasswordHash], [a].[PhoneNumber], [a].[PhoneNumberConfirmed], [a].[SecurityStamp], [a].[TwoFactorEnabled], [a].[UserName]
FROM [AspNetUsers] AS [a]
WHERE [a].[NormalizedEmail] = @__normalizedEmail_0
2025-08-04 17:36:29.679 -06:00 [INF] Executed DbCommand (2ms) [Parameters=[@__normalizedRoleName_0='?' (Size = 256)], CommandType='"Text"', CommandTimeout='30']
SELECT TOP(2) [a].[Id], [a].[ConcurrencyStamp], [a].[Name], [a].[NormalizedName]
FROM [AspNetRoles] AS [a]
WHERE [a].[NormalizedName] = @__normalizedRoleName_0
2025-08-04 17:36:29.688 -06:00 [INF] Executed DbCommand (2ms) [Parameters=[@__p_0='?' (Size = 450), @__p_1='?' (Size = 450)], CommandType='"Text"', CommandTimeout='30']
SELECT TOP(1) [a].[UserId], [a].[RoleId]
FROM [AspNetUserRoles] AS [a]
WHERE [a].[UserId] = @__p_0 AND [a].[RoleId] = @__p_1
2025-08-04 17:36:31.032 -06:00 [INF] Now listening on: http://localhost:5116
2025-08-04 17:36:31.209 -06:00 [INF] Application started. Press Ctrl+C to shut down.
2025-08-04 17:36:31.214 -06:00 [INF] Hosting environment: Development
2025-08-04 17:36:31.220 -06:00 [INF] Content root path: C:\Users\hoshu\source\repos\PaginaBizu\PaginaBizu
2025-08-04 17:36:32.540 -06:00 [INF] Request starting HTTP/1.1 GET http://localhost:5116/ - null null
2025-08-04 17:36:33.091 -06:00 [WRN] Failed to determine the https port for redirect.
2025-08-04 17:36:33.197 -06:00 [INF] Executing endpoint 'PaginaBizu.Controllers.HomeController.Index (PaginaBizu)'
2025-08-04 17:36:33.230 -06:00 [INF] Route matched with {action = "Index", controller = "Home", page = "", area = ""}. Executing controller action with signature Microsoft.AspNetCore.Mvc.IActionResult Index() on controller PaginaBizu.Controllers.HomeController (PaginaBizu).
2025-08-04 17:36:33.248 -06:00 [INF] ➡️ Acción ejecutándose: Home/Index | Usuario: No autenticado | IP: ::1 | Hora: "2025-08-04T17:36:33.2481939-06:00"
2025-08-04 17:36:33.260 -06:00 [INF] ✅ Acción ejecutada: Home/Index | Hora: "2025-08-04T17:36:33.2599829-06:00"
2025-08-04 17:36:33.283 -06:00 [INF] Executing ViewResult, running view Index.
2025-08-04 17:36:33.501 -06:00 [INF] Executed ViewResult - view Index executed in 226.2072ms.
2025-08-04 17:36:33.508 -06:00 [INF] Executed action PaginaBizu.Controllers.HomeController.Index (PaginaBizu) in 270.8643ms
2025-08-04 17:36:33.512 -06:00 [INF] Executed endpoint 'PaginaBizu.Controllers.HomeController.Index (PaginaBizu)'
2025-08-04 17:36:33.531 -06:00 [INF] Request finished HTTP/1.1 GET http://localhost:5116/ - 200 null text/html; charset=utf-8 1030.1464ms
2025-08-04 17:36:33.561 -06:00 [INF] Request starting HTTP/1.1 GET http://localhost:5116/css/style.css - null null
2025-08-04 17:36:33.568 -06:00 [INF] Request starting HTTP/1.1 GET http://localhost:5116/assets/bootstrap/css/bootstrap.min.css - null null
2025-08-04 17:36:33.597 -06:00 [INF] Request starting HTTP/1.1 GET http://localhost:5116/assets/fonts/simple-line-icons.min.css - null null
2025-08-04 17:36:33.576 -06:00 [INF] Request starting HTTP/1.1 GET http://localhost:5116/assets/css/vanilla-zoom.min.css - null null
2025-08-04 17:36:33.578 -06:00 [INF] Request starting HTTP/1.1 GET http://localhost:5116/assets/css/baguetteBox.min.css - null null
2025-08-04 17:36:33.600 -06:00 [INF] Request starting HTTP/1.1 GET http://localhost:5116/css/glow-form.css - null null
2025-08-04 17:36:33.625 -06:00 [INF] The file /css/style.css was not modified
2025-08-04 17:36:33.625 -06:00 [INF] The file /assets/bootstrap/css/bootstrap.min.css was not modified
2025-08-04 17:36:33.628 -06:00 [INF] The file /assets/fonts/simple-line-icons.min.css was not modified
2025-08-04 17:36:33.636 -06:00 [INF] The file /assets/css/vanilla-zoom.min.css was not modified
2025-08-04 17:36:33.643 -06:00 [INF] The file /assets/css/baguetteBox.min.css was not modified
2025-08-04 17:36:33.655 -06:00 [INF] Request finished HTTP/1.1 GET http://localhost:5116/css/style.css - 304 null text/css 94.245ms
2025-08-04 17:36:33.664 -06:00 [INF] Request finished HTTP/1.1 GET http://localhost:5116/assets/bootstrap/css/bootstrap.min.css - 304 null text/css 95.6572ms
2025-08-04 17:36:33.651 -06:00 [INF] The file /css/glow-form.css was not modified
2025-08-04 17:36:33.703 -06:00 [INF] Request finished HTTP/1.1 GET http://localhost:5116/assets/fonts/simple-line-icons.min.css - 304 null text/css 106.1208ms
2025-08-04 17:36:33.706 -06:00 [INF] Request finished HTTP/1.1 GET http://localhost:5116/assets/css/vanilla-zoom.min.css - 304 null text/css 130.1274ms
2025-08-04 17:36:33.709 -06:00 [INF] Request finished HTTP/1.1 GET http://localhost:5116/assets/css/baguetteBox.min.css - 304 null text/css 132.63ms
2025-08-04 17:36:33.720 -06:00 [INF] Request starting HTTP/1.1 GET http://localhost:5116/assets/img/scenery/66824523eb89f54aaf11e243-gold-bracelets-for-women-18k-gold-plated.jpg - null null
2025-08-04 17:36:33.730 -06:00 [INF] Request starting HTTP/1.1 GET http://localhost:5116/assets/img/scenery/61-HMICpUTL._AC_UY1000_.jpg - null null
2025-08-04 17:36:33.734 -06:00 [INF] Request finished HTTP/1.1 GET http://localhost:5116/css/glow-form.css - 304 null text/css 134.1079ms
2025-08-04 17:36:33.784 -06:00 [INF] The file /assets/img/scenery/66824523eb89f54aaf11e243-gold-bracelets-for-women-18k-gold-plated.jpg was not modified
2025-08-04 17:36:33.793 -06:00 [INF] The file /assets/img/scenery/61-HMICpUTL._AC_UY1000_.jpg was not modified
2025-08-04 17:36:33.810 -06:00 [INF] Request finished HTTP/1.1 GET http://localhost:5116/assets/img/scenery/66824523eb89f54aaf11e243-gold-bracelets-for-women-18k-gold-plated.jpg - 304 null image/jpeg 89.3196ms
2025-08-04 17:36:33.814 -06:00 [INF] Request finished HTTP/1.1 GET http://localhost:5116/assets/img/scenery/61-HMICpUTL._AC_UY1000_.jpg - 304 null image/jpeg 83.8513ms
2025-08-04 17:36:34.441 -06:00 [INF] Request starting HTTP/1.1 GET http://localhost:5116/assets/img/scenery/pulsera-aine-stone-gold.jpg - null null
2025-08-04 17:36:34.448 -06:00 [INF] Request starting HTTP/1.1 GET http://localhost:5116/assets/img/scenery/09a84a043cf1b58d59b0e39a12c60491.jpg - null null
2025-08-04 17:36:34.449 -06:00 [INF] Request starting HTTP/1.1 GET http://localhost:5116/assets/img/scenery/il_570xN.2179198790_o9bo.jpeg - null null
2025-08-04 17:36:34.450 -06:00 [INF] Request starting HTTP/1.1 GET http://localhost:5116/assets/js/baguetteBox.min.js - null null
2025-08-04 17:36:34.450 -06:00 [INF] Request starting HTTP/1.1 GET http://localhost:5116/assets/js/theme.js - null null
2025-08-04 17:36:34.450 -06:00 [INF] Request starting HTTP/1.1 GET http://localhost:5116/assets/js/vanilla-zoom.js - null null
2025-08-04 17:36:34.458 -06:00 [INF] The file /assets/img/scenery/pulsera-aine-stone-gold.jpg was not modified
2025-08-04 17:36:34.464 -06:00 [INF] The file /assets/img/scenery/09a84a043cf1b58d59b0e39a12c60491.jpg was not modified
2025-08-04 17:36:34.473 -06:00 [INF] The file /assets/img/scenery/il_570xN.2179198790_o9bo.jpeg was not modified
2025-08-04 17:36:34.480 -06:00 [INF] The file /assets/js/baguetteBox.min.js was not modified
2025-08-04 17:36:34.488 -06:00 [INF] The file /assets/js/theme.js was not modified
2025-08-04 17:36:34.495 -06:00 [INF] The file /assets/js/vanilla-zoom.js was not modified
2025-08-04 17:36:34.498 -06:00 [INF] Request finished HTTP/1.1 GET http://localhost:5116/assets/img/scenery/pulsera-aine-stone-gold.jpg - 304 null image/jpeg 57.5415ms
2025-08-04 17:36:34.502 -06:00 [INF] Request finished HTTP/1.1 GET http://localhost:5116/assets/img/scenery/09a84a043cf1b58d59b0e39a12c60491.jpg - 304 null image/jpeg 54.7895ms
2025-08-04 17:36:34.510 -06:00 [INF] Request finished HTTP/1.1 GET http://localhost:5116/assets/img/scenery/il_570xN.2179198790_o9bo.jpeg - 304 null image/jpeg 61.0747ms
2025-08-04 17:36:34.514 -06:00 [INF] Request finished HTTP/1.1 GET http://localhost:5116/assets/js/baguetteBox.min.js - 304 null text/javascript 64.6354ms
2025-08-04 17:36:34.519 -06:00 [INF] Request finished HTTP/1.1 GET http://localhost:5116/assets/js/theme.js - 304 null text/javascript 69.0479ms
2025-08-04 17:36:34.522 -06:00 [INF] Request finished HTTP/1.1 GET http://localhost:5116/assets/js/vanilla-zoom.js - 304 null text/javascript 71.7648ms
2025-08-04 17:36:34.531 -06:00 [INF] Request starting HTTP/1.1 GET http://localhost:5116/css/tailwindcss - null null
2025-08-04 17:36:34.541 -06:00 [INF] Request starting HTTP/1.1 GET http://localhost:5116/images/bg.png - null null
2025-08-04 17:36:34.565 -06:00 [INF] Request starting HTTP/1.1 GET http://localhost:5116/_vs/browserLink - null null
2025-08-04 17:36:34.575 -06:00 [INF] Request starting HTTP/1.1 GET http://localhost:5116/assets/img/scenery/17001222879e9360ad6ad00d7ff0a6b62437cfbf97_thumbnail_720x.jpg - null null
2025-08-04 17:36:34.585 -06:00 [INF] Request starting HTTP/1.1 GET http://localhost:5116/_framework/aspnetcore-browser-refresh.js - null null
2025-08-04 17:36:34.617 -06:00 [INF] The file /assets/img/scenery/17001222879e9360ad6ad00d7ff0a6b62437cfbf97_thumbnail_720x.jpg was not modified
2025-08-04 17:36:34.605 -06:00 [INF] Request finished HTTP/1.1 GET http://localhost:5116/images/bg.png - 404 0 null 63.9115ms
2025-08-04 17:36:34.600 -06:00 [INF] Request finished HTTP/1.1 GET http://localhost:5116/css/tailwindcss - 404 0 null 69.7734ms
2025-08-04 17:36:34.642 -06:00 [INF] Request finished HTTP/1.1 GET http://localhost:5116/assets/img/scenery/17001222879e9360ad6ad00d7ff0a6b62437cfbf97_thumbnail_720x.jpg - 304 null image/jpeg 66.9089ms
2025-08-04 17:36:34.658 -06:00 [INF] Request reached the end of the middleware pipeline without being handled by application code. Request path: GET http://localhost:5116/images/bg.png, Response status code: 404
2025-08-04 17:36:34.669 -06:00 [INF] Request reached the end of the middleware pipeline without being handled by application code. Request path: GET http://localhost:5116/css/tailwindcss, Response status code: 404
2025-08-04 17:36:34.644 -06:00 [INF] Request finished HTTP/1.1 GET http://localhost:5116/_framework/aspnetcore-browser-refresh.js - 200 16505 application/javascript; charset=utf-8 58.3521ms
2025-08-04 17:36:34.690 -06:00 [INF] Request starting HTTP/1.1 GET http://localhost:5116/assets/img/depositphotos_5028610-stock-photo-beautiful-woman.jpg - null null
2025-08-04 17:36:34.711 -06:00 [INF] Request starting HTTP/1.1 GET http://localhost:5116/assets/fonts/Simple-Line-Icons.woff2?v=2.4.0 - null null
2025-08-04 17:36:34.721 -06:00 [INF] The file /assets/img/depositphotos_5028610-stock-photo-beautiful-woman.jpg was not modified
2025-08-04 17:36:34.734 -06:00 [INF] The file /assets/fonts/Simple-Line-Icons.woff2 was not modified
2025-08-04 17:36:34.737 -06:00 [INF] Request finished HTTP/1.1 GET http://localhost:5116/assets/img/depositphotos_5028610-stock-photo-beautiful-woman.jpg - 304 null image/jpeg 47.1867ms
2025-08-04 17:36:34.743 -06:00 [INF] Request finished HTTP/1.1 GET http://localhost:5116/assets/fonts/Simple-Line-Icons.woff2?v=2.4.0 - 304 null font/woff2 31.2418ms
2025-08-04 17:36:34.755 -06:00 [INF] Request finished HTTP/1.1 GET http://localhost:5116/_vs/browserLink - 200 null text/javascript; charset=UTF-8 190.1629ms
2025-08-04 17:36:35.773 -06:00 [INF] Request starting HTTP/1.1 GET http://localhost:5116/favicon.ico - null null
2025-08-04 17:36:35.824 -06:00 [INF] Sending file. Request path: '/favicon.ico'. Physical path: 'C:\Users\hoshu\source\repos\PaginaBizu\PaginaBizu\wwwroot\favicon.ico'
2025-08-04 17:36:35.829 -06:00 [INF] Request finished HTTP/1.1 GET http://localhost:5116/favicon.ico - 200 5430 image/x-icon 56.4081ms
2025-08-04 17:36:36.267 -06:00 [INF] Request starting HTTP/1.1 GET http://localhost:5116/products - null null
2025-08-04 17:36:36.309 -06:00 [INF] Authorization failed. These requirements were not met:
RolesAuthorizationRequirement:User.IsInRole must be true for one of the following roles: (Admin)
2025-08-04 17:36:36.332 -06:00 [INF] AuthenticationScheme: Identity.Application was challenged.
2025-08-04 17:36:36.337 -06:00 [INF] Request finished HTTP/1.1 GET http://localhost:5116/products - 302 0 null 70.4225ms
2025-08-04 17:36:36.350 -06:00 [INF] Request starting HTTP/1.1 GET http://localhost:5116/Identity/Account/Login?ReturnUrl=%2Fproducts - null null
2025-08-04 17:36:36.368 -06:00 [INF] Executing endpoint '/Account/Login'
2025-08-04 17:36:36.428 -06:00 [INF] Route matched with {page = "/Account/Login", area = "Identity", action = "", controller = ""}. Executing page /Account/Login
2025-08-04 17:36:36.504 -06:00 [INF] Executing handler method PaginaBizu.Areas.Identity.Pages.Account.LoginModel.OnGetAsync - ModelState is "Valid"
2025-08-04 17:36:36.519 -06:00 [INF] AuthenticationScheme: Identity.External signed out.
2025-08-04 17:36:36.526 -06:00 [INF] Executed handler method OnGetAsync, returned result .
2025-08-04 17:36:36.537 -06:00 [INF] Executing an implicit handler method - ModelState is "Valid"
2025-08-04 17:36:36.541 -06:00 [INF] Executed an implicit handler method, returned result Microsoft.AspNetCore.Mvc.RazorPages.PageResult.
2025-08-04 17:36:36.792 -06:00 [INF] Executed page /Account/Login in 359.1274ms
2025-08-04 17:36:36.799 -06:00 [INF] Executed endpoint '/Account/Login'
2025-08-04 17:36:36.803 -06:00 [INF] Request finished HTTP/1.1 GET http://localhost:5116/Identity/Account/Login?ReturnUrl=%2Fproducts - 200 null text/html; charset=utf-8 453.1012ms
2025-08-04 17:36:36.822 -06:00 [INF] Request starting HTTP/1.1 GET http://localhost:5116/css/site.css?v=IDb81l40xEm2yDGbv2iiBqZEZ5q84qRTNUi0SVI4U34 - null null
2025-08-04 17:36:36.835 -06:00 [INF] The file /css/site.css was not modified
2025-08-04 17:36:36.839 -06:00 [INF] Request finished HTTP/1.1 GET http://localhost:5116/css/site.css?v=IDb81l40xEm2yDGbv2iiBqZEZ5q84qRTNUi0SVI4U34 - 304 null text/css 16.2615ms
2025-08-04 17:36:38.365 -06:00 [INF] Request starting HTTP/1.1 GET http://localhost:5116/swagger - null null
2025-08-04 17:36:38.379 -06:00 [INF] Request finished HTTP/1.1 GET http://localhost:5116/swagger - 301 0 null 14.6603ms
2025-08-04 17:36:38.391 -06:00 [INF] Request starting HTTP/1.1 GET http://localhost:5116/swagger/index.html - null null
2025-08-04 17:36:38.442 -06:00 [INF] Request starting HTTP/1.1 GET http://localhost:5116/css/gucci-style.css - null null
2025-08-04 17:36:38.451 -06:00 [INF] The file /css/gucci-style.css was not modified
2025-08-04 17:36:38.454 -06:00 [INF] Request finished HTTP/1.1 GET http://localhost:5116/css/gucci-style.css - 304 null text/css 12.3991ms
2025-08-04 17:36:38.518 -06:00 [INF] Request starting HTTP/1.1 GET http://localhost:5116/js/shop.js - null null
2025-08-04 17:36:38.526 -06:00 [INF] The file /js/shop.js was not modified
2025-08-04 17:36:38.532 -06:00 [INF] Request finished HTTP/1.1 GET http://localhost:5116/js/shop.js - 304 null text/javascript 14.5355ms
2025-08-04 17:36:38.568 -06:00 [INF] Request finished HTTP/1.1 GET http://localhost:5116/swagger/index.html - 200 null text/html;charset=utf-8 177.1767ms
2025-08-04 17:36:38.614 -06:00 [INF] Request starting HTTP/1.1 GET http://localhost:5116/_framework/aspnetcore-browser-refresh.js - null null
2025-08-04 17:36:38.622 -06:00 [INF] Request finished HTTP/1.1 GET http://localhost:5116/_framework/aspnetcore-browser-refresh.js - 200 16505 application/javascript; charset=utf-8 8.2044ms
2025-08-04 17:36:38.638 -06:00 [INF] Request starting HTTP/1.1 GET http://localhost:5116/_vs/browserLink - null null
2025-08-04 17:36:38.642 -06:00 [INF] Request starting HTTP/1.1 GET http://localhost:5116/swagger/swagger-ui.css - null null
2025-08-04 17:36:38.648 -06:00 [INF] Request starting HTTP/1.1 GET http://localhost:5116/swagger/swagger-ui-standalone-preset.js - null null
2025-08-04 17:36:38.654 -06:00 [INF] Request starting HTTP/1.1 GET http://localhost:5116/_framework/aspnetcore-browser-refresh.js - null null
2025-08-04 17:36:38.668 -06:00 [INF] Request finished HTTP/1.1 GET http://localhost:5116/_vs/browserLink - 200 null text/javascript; charset=UTF-8 24.4883ms
2025-08-04 17:36:38.696 -06:00 [INF] Request finished HTTP/1.1 GET http://localhost:5116/_framework/aspnetcore-browser-refresh.js - 200 16505 application/javascript; charset=utf-8 43.1867ms
2025-08-04 17:36:38.648 -06:00 [INF] Request starting HTTP/1.1 GET http://localhost:5116/swagger/index.js - null null
2025-08-04 17:36:38.647 -06:00 [INF] Request starting HTTP/1.1 GET http://localhost:5116/swagger/index.css - null null
2025-08-04 17:36:38.707 -06:00 [INF] Request finished HTTP/1.1 GET http://localhost:5116/swagger/swagger-ui.css - 200 155175 text/css 65.3437ms
2025-08-04 17:36:38.648 -06:00 [INF] Request starting HTTP/1.1 GET http://localhost:5116/swagger/swagger-ui-bundle.js - null null
2025-08-04 17:36:38.747 -06:00 [INF] Request finished HTTP/1.1 GET http://localhost:5116/swagger/swagger-ui-standalone-preset.js - 200 229223 text/javascript 99.4856ms
2025-08-04 17:36:38.751 -06:00 [INF] Request finished HTTP/1.1 GET http://localhost:5116/swagger/index.js - 200 null application/javascript;charset=utf-8 103.2819ms
2025-08-04 17:36:38.755 -06:00 [INF] Request finished HTTP/1.1 GET http://localhost:5116/swagger/index.css - 200 202 text/css 108.4104ms
2025-08-04 17:36:38.823 -06:00 [INF] Request finished HTTP/1.1 GET http://localhost:5116/swagger/swagger-ui-bundle.js - 200 1485750 text/javascript 175.6684ms
2025-08-04 17:36:38.993 -06:00 [INF] Request starting HTTP/1.1 GET http://localhost:5116/_vs/browserLink - null null
2025-08-04 17:36:39.028 -06:00 [INF] Request finished HTTP/1.1 GET http://localhost:5116/_vs/browserLink - 200 null text/javascript; charset=UTF-8 35.3934ms
2025-08-04 17:36:39.454 -06:00 [INF] Request starting HTTP/1.1 GET http://localhost:5116/swagger/v1/swagger.json - null null
2025-08-04 17:36:39.469 -06:00 [INF] Request starting HTTP/1.1 GET http://localhost:5116/swagger/favicon-32x32.png - null null
2025-08-04 17:36:39.478 -06:00 [INF] Request finished HTTP/1.1 GET http://localhost:5116/swagger/favicon-32x32.png - 200 628 image/png 9.712ms
2025-08-04 17:36:39.495 -06:00 [INF] Request finished HTTP/1.1 GET http://localhost:5116/swagger/v1/swagger.json - 200 null application/json;charset=utf-8 40.7496ms
2025-08-04 17:50:20.987 -06:00 [INF] User profile is available. Using 'C:\Users\hoshu\AppData\Local\ASP.NET\DataProtection-Keys' as key repository and Windows DPAPI to encrypt keys at rest.
2025-08-04 17:50:21.549 -06:00 [WRN] No store type was specified for the decimal property 'Total' on entity type 'Order'. This will cause values to be silently truncated if they do not fit in the default precision and scale. Explicitly specify the SQL server column type that can accommodate all the values in 'OnModelCreating' using 'HasColumnType', specify precision and scale using 'HasPrecision', or configure a value converter using 'HasConversion'.
2025-08-04 17:50:21.555 -06:00 [WRN] No store type was specified for the decimal property 'PrecioUnitario' on entity type 'OrderDetail'. This will cause values to be silently truncated if they do not fit in the default precision and scale. Explicitly specify the SQL server column type that can accommodate all the values in 'OnModelCreating' using 'HasColumnType', specify precision and scale using 'HasPrecision', or configure a value converter using 'HasConversion'.
2025-08-04 17:50:21.558 -06:00 [WRN] No store type was specified for the decimal property 'Precio' on entity type 'Product'. This will cause values to be silently truncated if they do not fit in the default precision and scale. Explicitly specify the SQL server column type that can accommodate all the values in 'OnModelCreating' using 'HasColumnType', specify precision and scale using 'HasPrecision', or configure a value converter using 'HasConversion'.
2025-08-04 17:50:22.335 -06:00 [INF] Executed DbCommand (70ms) [Parameters=[@__normalizedName_0='?' (Size = 256)], CommandType='"Text"', CommandTimeout='30']
SELECT TOP(1) [a].[Id], [a].[ConcurrencyStamp], [a].[Name], [a].[NormalizedName]
FROM [AspNetRoles] AS [a]
WHERE [a].[NormalizedName] = @__normalizedName_0
2025-08-04 17:50:22.441 -06:00 [INF] Executed DbCommand (6ms) [Parameters=[@__normalizedEmail_0='?' (Size = 256)], CommandType='"Text"', CommandTimeout='30']
SELECT TOP(2) [a].[Id], [a].[AccessFailedCount], [a].[ConcurrencyStamp], [a].[Email], [a].[EmailConfirmed], [a].[LockoutEnabled], [a].[LockoutEnd], [a].[NormalizedEmail], [a].[NormalizedUserName], [a].[PasswordHash], [a].[PhoneNumber], [a].[PhoneNumberConfirmed], [a].[SecurityStamp], [a].[TwoFactorEnabled], [a].[UserName]
FROM [AspNetUsers] AS [a]
WHERE [a].[NormalizedEmail] = @__normalizedEmail_0
2025-08-04 17:50:22.502 -06:00 [INF] Executed DbCommand (4ms) [Parameters=[@__normalizedRoleName_0='?' (Size = 256)], CommandType='"Text"', CommandTimeout='30']
SELECT TOP(2) [a].[Id], [a].[ConcurrencyStamp], [a].[Name], [a].[NormalizedName]
FROM [AspNetRoles] AS [a]
WHERE [a].[NormalizedName] = @__normalizedRoleName_0
2025-08-04 17:50:22.538 -06:00 [INF] Executed DbCommand (4ms) [Parameters=[@__p_0='?' (Size = 450), @__p_1='?' (Size = 450)], CommandType='"Text"', CommandTimeout='30']
SELECT TOP(1) [a].[UserId], [a].[RoleId]
FROM [AspNetUserRoles] AS [a]
WHERE [a].[UserId] = @__p_0 AND [a].[RoleId] = @__p_1
2025-08-04 17:50:22.558 -06:00 [INF] Executed DbCommand (1ms) [Parameters=[@__normalizedEmail_0='?' (Size = 256)], CommandType='"Text"', CommandTimeout='30']
SELECT TOP(2) [a].[Id], [a].[AccessFailedCount], [a].[ConcurrencyStamp], [a].[Email], [a].[EmailConfirmed], [a].[LockoutEnabled], [a].[LockoutEnd], [a].[NormalizedEmail], [a].[NormalizedUserName], [a].[PasswordHash], [a].[PhoneNumber], [a].[PhoneNumberConfirmed], [a].[SecurityStamp], [a].[TwoFactorEnabled], [a].[UserName]
FROM [AspNetUsers] AS [a]
WHERE [a].[NormalizedEmail] = @__normalizedEmail_0
2025-08-04 17:50:22.569 -06:00 [INF] Executed DbCommand (3ms) [Parameters=[@__normalizedRoleName_0='?' (Size = 256)], CommandType='"Text"', CommandTimeout='30']
SELECT TOP(2) [a].[Id], [a].[ConcurrencyStamp], [a].[Name], [a].[NormalizedName]
FROM [AspNetRoles] AS [a]
WHERE [a].[NormalizedName] = @__normalizedRoleName_0
2025-08-04 17:50:22.578 -06:00 [INF] Executed DbCommand (1ms) [Parameters=[@__p_0='?' (Size = 450), @__p_1='?' (Size = 450)], CommandType='"Text"', CommandTimeout='30']
SELECT TOP(1) [a].[UserId], [a].[RoleId]
FROM [AspNetUserRoles] AS [a]
WHERE [a].[UserId] = @__p_0 AND [a].[RoleId] = @__p_1
2025-08-04 17:50:22.588 -06:00 [INF] Executed DbCommand (2ms) [Parameters=[@__normalizedEmail_0='?' (Size = 256)], CommandType='"Text"', CommandTimeout='30']
SELECT TOP(2) [a].[Id], [a].[AccessFailedCount], [a].[ConcurrencyStamp], [a].[Email], [a].[EmailConfirmed], [a].[LockoutEnabled], [a].[LockoutEnd], [a].[NormalizedEmail], [a].[NormalizedUserName], [a].[PasswordHash], [a].[PhoneNumber], [a].[PhoneNumberConfirmed], [a].[SecurityStamp], [a].[TwoFactorEnabled], [a].[UserName]
FROM [AspNetUsers] AS [a]
WHERE [a].[NormalizedEmail] = @__normalizedEmail_0
2025-08-04 17:50:22.597 -06:00 [INF] Executed DbCommand (1ms) [Parameters=[@__normalizedRoleName_0='?' (Size = 256)], CommandType='"Text"', CommandTimeout='30']
SELECT TOP(2) [a].[Id], [a].[ConcurrencyStamp], [a].[Name], [a].[NormalizedName]
FROM [AspNetRoles] AS [a]
WHERE [a].[NormalizedName] = @__normalizedRoleName_0
2025-08-04 17:50:22.607 -06:00 [INF] Executed DbCommand (1ms) [Parameters=[@__p_0='?' (Size = 450), @__p_1='?' (Size = 450)], CommandType='"Text"', CommandTimeout='30']
SELECT TOP(1) [a].[UserId], [a].[RoleId]
FROM [AspNetUserRoles] AS [a]
WHERE [a].[UserId] = @__p_0 AND [a].[RoleId] = @__p_1
2025-08-04 17:50:23.965 -06:00 [INF] Now listening on: http://localhost:5116
2025-08-04 17:50:24.253 -06:00 [INF] Application started. Press Ctrl+C to shut down.
2025-08-04 17:50:24.257 -06:00 [INF] Hosting environment: Development
2025-08-04 17:50:24.260 -06:00 [INF] Content root path: C:\Users\hoshu\source\repos\PaginaBizu\PaginaBizu
2025-08-04 17:50:24.998 -06:00 [INF] Request starting HTTP/1.1 GET http://localhost:5116/ - null null
2025-08-04 17:50:25.334 -06:00 [WRN] Failed to determine the https port for redirect.
2025-08-04 17:50:25.456 -06:00 [INF] Executing endpoint 'PaginaBizu.Controllers.HomeController.Index (PaginaBizu)'
2025-08-04 17:50:25.501 -06:00 [INF] Route matched with {action = "Index", controller = "Home", page = "", area = ""}. Executing controller action with signature Microsoft.AspNetCore.Mvc.IActionResult Index() on controller PaginaBizu.Controllers.HomeController (PaginaBizu).
2025-08-04 17:50:25.521 -06:00 [INF] ➡️ Acción ejecutándose: Home/Index | Usuario: No autenticado | IP: ::1 | Hora: "2025-08-04T17:50:25.5210174-06:00"
2025-08-04 17:50:25.545 -06:00 [INF] ✅ Acción ejecutada: Home/Index | Hora: "2025-08-04T17:50:25.5449459-06:00"
2025-08-04 17:50:25.587 -06:00 [INF] Executing ViewResult, running view Index.
2025-08-04 17:50:25.870 -06:00 [INF] Executed ViewResult - view Index executed in 292.1344ms.
2025-08-04 17:50:25.880 -06:00 [INF] Executed action PaginaBizu.Controllers.HomeController.Index (PaginaBizu) in 370.2239ms
2025-08-04 17:50:25.886 -06:00 [INF] Executed endpoint 'PaginaBizu.Controllers.HomeController.Index (PaginaBizu)'
2025-08-04 17:50:25.905 -06:00 [INF] Request finished HTTP/1.1 GET http://localhost:5116/ - 200 null text/html; charset=utf-8 929.1828ms
2025-08-04 17:50:27.497 -06:00 [INF] Request starting HTTP/1.1 GET http://localhost:5116/css/tailwindcss - null null
2025-08-04 17:50:27.521 -06:00 [INF] Request finished HTTP/1.1 GET http://localhost:5116/css/tailwindcss - 404 0 null 24.9509ms
2025-08-04 17:50:27.533 -06:00 [INF] Request reached the end of the middleware pipeline without being handled by application code. Request path: GET http://localhost:5116/css/tailwindcss, Response status code: 404
2025-08-04 17:50:27.586 -06:00 [INF] Request starting HTTP/1.1 GET http://localhost:5116/_framework/aspnetcore-browser-refresh.js - null null
2025-08-04 17:50:27.587 -06:00 [INF] Request starting HTTP/1.1 GET http://localhost:5116/_vs/browserLink - null null
2025-08-04 17:50:27.598 -06:00 [INF] Request finished HTTP/1.1 GET http://localhost:5116/_framework/aspnetcore-browser-refresh.js - 200 16505 application/javascript; charset=utf-8 12.9361ms
2025-08-04 17:50:27.686 -06:00 [INF] Request finished HTTP/1.1 GET http://localhost:5116/_vs/browserLink - 200 null text/javascript; charset=UTF-8 98.8493ms
2025-08-04 17:50:43.409 -06:00 [INF] Request starting HTTP/1.1 GET http://localhost:5116/Account/Login - null null
2025-08-04 17:50:43.459 -06:00 [INF] Executing endpoint 'PaginaBizu.Controllers.AccountController.Login (PaginaBizu)'
2025-08-04 17:50:43.472 -06:00 [INF] Route matched with {action = "Login", controller = "Account", page = "", area = ""}. Executing controller action with signature Microsoft.AspNetCore.Mvc.IActionResult Login() on controller PaginaBizu.Controllers.AccountController (PaginaBizu).
2025-08-04 17:50:43.506 -06:00 [INF] ➡️ Acción ejecutándose: Account/Login | Usuario: No autenticado | IP: ::1 | Hora: "2025-08-04T17:50:43.5065083-06:00"
2025-08-04 17:50:43.513 -06:00 [INF] ✅ Acción ejecutada: Account/Login | Hora: "2025-08-04T17:50:43.5134717-06:00"
2025-08-04 17:50:43.520 -06:00 [INF] Executing ViewResult, running view ~/Views/Shared/_LoginPartialUser.cshtml.
2025-08-04 17:50:43.689 -06:00 [INF] Executed ViewResult - view ~/Views/Shared/_LoginPartialUser.cshtml executed in 170.7727ms.
2025-08-04 17:50:43.697 -06:00 [INF] Executed action PaginaBizu.Controllers.AccountController.Login (PaginaBizu) in 212.3598ms
2025-08-04 17:50:43.707 -06:00 [INF] Executed endpoint 'PaginaBizu.Controllers.AccountController.Login (PaginaBizu)'
2025-08-04 17:50:43.714 -06:00 [INF] Request finished HTTP/1.1 GET http://localhost:5116/Account/Login - 200 null text/html; charset=utf-8 304.9878ms
2025-08-04 17:50:43.778 -06:00 [INF] Request starting HTTP/1.1 GET http://localhost:5116/js/login-validation.js - null null
2025-08-04 17:50:43.778 -06:00 [INF] Request starting HTTP/1.1 GET http://localhost:5116/_framework/aspnetcore-browser-refresh.js - null null
2025-08-04 17:50:43.800 -06:00 [INF] Request finished HTTP/1.1 GET http://localhost:5116/_framework/aspnetcore-browser-refresh.js - 200 16505 application/javascript; charset=utf-8 21.8004ms
2025-08-04 17:50:43.945 -06:00 [INF] Sending file. Request path: '/js/login-validation.js'. Physical path: 'C:\Users\hoshu\source\repos\PaginaBizu\PaginaBizu\wwwroot\js\login-validation.js'
2025-08-04 17:50:43.950 -06:00 [INF] Request finished HTTP/1.1 GET http://localhost:5116/js/login-validation.js - 200 2211 text/javascript 172.1558ms
2025-08-04 17:50:44.130 -06:00 [INF] Request starting HTTP/1.1 GET http://localhost:5116/_vs/browserLink - null null
2025-08-04 17:50:44.136 -06:00 [INF] Request starting HTTP/1.1 GET http://localhost:5116/css/tailwindcss - null null
2025-08-04 17:50:44.157 -06:00 [INF] Request finished HTTP/1.1 GET http://localhost:5116/css/tailwindcss - 404 0 null 21.3676ms
2025-08-04 17:50:44.170 -06:00 [INF] Request reached the end of the middleware pipeline without being handled by application code. Request path: GET http://localhost:5116/css/tailwindcss, Response status code: 404
2025-08-04 17:50:44.183 -06:00 [INF] Request finished HTTP/1.1 GET http://localhost:5116/_vs/browserLink - 200 null text/javascript; charset=UTF-8 53.223ms
2025-08-04 17:50:45.409 -06:00 [INF] Request starting HTTP/1.1 GET http://localhost:5116/Cart/CartCount - null null
2025-08-04 17:50:45.425 -06:00 [INF] Executing endpoint 'PaginaBizu.Controllers.CartController.CartCount (PaginaBizu)'
2025-08-04 17:50:45.433 -06:00 [INF] Route matched with {action = "CartCount", controller = "Cart", page = "", area = ""}. Executing controller action with signature Microsoft.AspNetCore.Mvc.IActionResult CartCount() on controller PaginaBizu.Controllers.CartController (PaginaBizu).
2025-08-04 17:50:45.443 -06:00 [INF] ➡️ Acción ejecutándose: Cart/CartCount | Usuario: No autenticado | IP: ::1 | Hora: "2025-08-04T17:50:45.4432078-06:00"
2025-08-04 17:50:45.456 -06:00 [INF] ✅ Acción ejecutada: Cart/CartCount | Hora: "2025-08-04T17:50:45.4560666-06:00"
2025-08-04 17:50:45.467 -06:00 [INF] Executing JsonResult, writing value of type 'System.Int32'.
2025-08-04 17:50:45.485 -06:00 [INF] Executed action PaginaBizu.Controllers.CartController.CartCount (PaginaBizu) in 43.7975ms
2025-08-04 17:50:45.491 -06:00 [INF] Request starting HTTP/1.1 GET http://localhost:5116/Cart/CartCount - null null
2025-08-04 17:50:45.492 -06:00 [INF] Executed endpoint 'PaginaBizu.Controllers.CartController.CartCount (PaginaBizu)'
2025-08-04 17:50:45.506 -06:00 [INF] Executing endpoint 'PaginaBizu.Controllers.CartController.CartCount (PaginaBizu)'
2025-08-04 17:50:45.510 -06:00 [INF] Request finished HTTP/1.1 GET http://localhost:5116/Cart/CartCount - 200 null application/json; charset=utf-8 101.0326ms
2025-08-04 17:50:45.514 -06:00 [INF] Route matched with {action = "CartCount", controller = "Cart", page = "", area = ""}. Executing controller action with signature Microsoft.AspNetCore.Mvc.IActionResult CartCount() on controller PaginaBizu.Controllers.CartController (PaginaBizu).
2025-08-04 17:50:45.536 -06:00 [INF] ➡️ Acción ejecutándose: Cart/CartCount | Usuario: No autenticado | IP: ::1 | Hora: "2025-08-04T17:50:45.5364446-06:00"
2025-08-04 17:50:45.543 -06:00 [INF] ✅ Acción ejecutada: Cart/CartCount | Hora: "2025-08-04T17:50:45.5439580-06:00"
2025-08-04 17:50:45.551 -06:00 [INF] Executing JsonResult, writing value of type 'System.Int32'.
2025-08-04 17:50:45.555 -06:00 [INF] Executed action PaginaBizu.Controllers.CartController.CartCount (PaginaBizu) in 19.8057ms
2025-08-04 17:50:45.563 -06:00 [INF] Executed endpoint 'PaginaBizu.Controllers.CartController.CartCount (PaginaBizu)'
2025-08-04 17:50:45.569 -06:00 [INF] Request finished HTTP/1.1 GET http://localhost:5116/Cart/CartCount - 200 null application/json; charset=utf-8 77.9689ms
2025-08-04 17:54:35.388 -06:00 [INF] User profile is available. Using 'C:\Users\hoshu\AppData\Local\ASP.NET\DataProtection-Keys' as key repository and Windows DPAPI to encrypt keys at rest.
2025-08-04 17:54:36.595 -06:00 [WRN] No store type was specified for the decimal property 'Total' on entity type 'Order'. This will cause values to be silently truncated if they do not fit in the default precision and scale. Explicitly specify the SQL server column type that can accommodate all the values in 'OnModelCreating' using 'HasColumnType', specify precision and scale using 'HasPrecision', or configure a value converter using 'HasConversion'.
2025-08-04 17:54:36.602 -06:00 [WRN] No store type was specified for the decimal property 'PrecioUnitario' on entity type 'OrderDetail'. This will cause values to be silently truncated if they do not fit in the default precision and scale. Explicitly specify the SQL server column type that can accommodate all the values in 'OnModelCreating' using 'HasColumnType', specify precision and scale using 'HasPrecision', or configure a value converter using 'HasConversion'.
2025-08-04 17:54:36.608 -06:00 [WRN] No store type was specified for the decimal property 'Precio' on entity type 'Product'. This will cause values to be silently truncated if they do not fit in the default precision and scale. Explicitly specify the SQL server column type that can accommodate all the values in 'OnModelCreating' using 'HasColumnType', specify precision and scale using 'HasPrecision', or configure a value converter using 'HasConversion'.
2025-08-04 17:54:38.676 -06:00 [INF] Executed DbCommand (84ms) [Parameters=[@__normalizedName_0='?' (Size = 256)], CommandType='"Text"', CommandTimeout='30']
SELECT TOP(1) [a].[Id], [a].[ConcurrencyStamp], [a].[Name], [a].[NormalizedName]
FROM [AspNetRoles] AS [a]
WHERE [a].[NormalizedName] = @__normalizedName_0
2025-08-04 17:54:39.066 -06:00 [INF] Executed DbCommand (20ms) [Parameters=[@__normalizedEmail_0='?' (Size = 256)], CommandType='"Text"', CommandTimeout='30']
SELECT TOP(2) [a].[Id], [a].[AccessFailedCount], [a].[ConcurrencyStamp], [a].[Email], [a].[EmailConfirmed], [a].[LockoutEnabled], [a].[LockoutEnd], [a].[NormalizedEmail], [a].[NormalizedUserName], [a].[PasswordHash], [a].[PhoneNumber], [a].[PhoneNumberConfirmed], [a].[SecurityStamp], [a].[TwoFactorEnabled], [a].[UserName]
FROM [AspNetUsers] AS [a]
WHERE [a].[NormalizedEmail] = @__normalizedEmail_0
2025-08-04 17:54:39.200 -06:00 [INF] Executed DbCommand (4ms) [Parameters=[@__normalizedRoleName_0='?' (Size = 256)], CommandType='"Text"', CommandTimeout='30']
SELECT TOP(2) [a].[Id], [a].[ConcurrencyStamp], [a].[Name], [a].[NormalizedName]
FROM [AspNetRoles] AS [a]
WHERE [a].[NormalizedName] = @__normalizedRoleName_0
2025-08-04 17:54:39.261 -06:00 [INF] Executed DbCommand (3ms) [Parameters=[@__p_0='?' (Size = 450), @__p_1='?' (Size = 450)], CommandType='"Text"', CommandTimeout='30']
SELECT TOP(1) [a].[UserId], [a].[RoleId]
FROM [AspNetUserRoles] AS [a]
WHERE [a].[UserId] = @__p_0 AND [a].[RoleId] = @__p_1
2025-08-04 17:54:39.294 -06:00 [INF] Executed DbCommand (2ms) [Parameters=[@__normalizedEmail_0='?' (Size = 256)], CommandType='"Text"', CommandTimeout='30']
SELECT TOP(2) [a].[Id], [a].[AccessFailedCount], [a].[ConcurrencyStamp], [a].[Email], [a].[EmailConfirmed], [a].[LockoutEnabled], [a].[LockoutEnd], [a].[NormalizedEmail], [a].[NormalizedUserName], [a].[PasswordHash], [a].[PhoneNumber], [a].[PhoneNumberConfirmed], [a].[SecurityStamp], [a].[TwoFactorEnabled], [a].[UserName]
FROM [AspNetUsers] AS [a]
WHERE [a].[NormalizedEmail] = @__normalizedEmail_0
2025-08-04 17:54:39.308 -06:00 [INF] Executed DbCommand (2ms) [Parameters=[@__normalizedRoleName_0='?' (Size = 256)], CommandType='"Text"', CommandTimeout='30']
SELECT TOP(2) [a].[Id], [a].[ConcurrencyStamp], [a].[Name], [a].[NormalizedName]
FROM [AspNetRoles] AS [a]
WHERE [a].[NormalizedName] = @__normalizedRoleName_0
2025-08-04 17:54:39.321 -06:00 [INF] Executed DbCommand (3ms) [Parameters=[@__p_0='?' (Size = 450), @__p_1='?' (Size = 450)], CommandType='"Text"', CommandTimeout='30']
SELECT TOP(1) [a].[UserId], [a].[RoleId]
FROM [AspNetUserRoles] AS [a]
WHERE [a].[UserId] = @__p_0 AND [a].[RoleId] = @__p_1
2025-08-04 17:54:39.334 -06:00 [INF] Executed DbCommand (2ms) [Parameters=[@__normalizedEmail_0='?' (Size = 256)], CommandType='"Text"', CommandTimeout='30']
SELECT TOP(2) [a].[Id], [a].[AccessFailedCount], [a].[ConcurrencyStamp], [a].[Email], [a].[EmailConfirmed], [a].[LockoutEnabled], [a].[LockoutEnd], [a].[NormalizedEmail], [a].[NormalizedUserName], [a].[PasswordHash], [a].[PhoneNumber], [a].[PhoneNumberConfirmed], [a].[SecurityStamp], [a].[TwoFactorEnabled], [a].[UserName]
FROM [AspNetUsers] AS [a]
WHERE [a].[NormalizedEmail] = @__normalizedEmail_0
2025-08-04 17:54:39.348 -06:00 [INF] Executed DbCommand (3ms) [Parameters=[@__normalizedRoleName_0='?' (Size = 256)], CommandType='"Text"', CommandTimeout='30']
SELECT TOP(2) [a].[Id], [a].[ConcurrencyStamp], [a].[Name], [a].[NormalizedName]
FROM [AspNetRoles] AS [a]
WHERE [a].[NormalizedName] = @__normalizedRoleName_0
2025-08-04 17:54:39.360 -06:00 [INF] Executed DbCommand (2ms) [Parameters=[@__p_0='?' (Size = 450), @__p_1='?' (Size = 450)], CommandType='"Text"', CommandTimeout='30']
SELECT TOP(1) [a].[UserId], [a].[RoleId]
FROM [AspNetUserRoles] AS [a]
WHERE [a].[UserId] = @__p_0 AND [a].[RoleId] = @__p_1
2025-08-04 17:54:40.966 -06:00 [INF] Now listening on: http://localhost:5116
2025-08-04 17:54:41.672 -06:00 [INF] Application started. Press Ctrl+C to shut down.
2025-08-04 17:54:41.676 -06:00 [INF] Hosting environment: Development
2025-08-04 17:54:41.679 -06:00 [INF] Content root path: C:\Users\hoshu\source\repos\PaginaBizu\PaginaBizu
2025-08-04 17:54:42.225 -06:00 [INF] Request starting HTTP/1.1 GET http://localhost:5116/ - null null
2025-08-04 17:54:42.779 -06:00 [WRN] Failed to determine the https port for redirect.
2025-08-04 17:54:43.598 -06:00 [INF] Executing endpoint 'PaginaBizu.Controllers.HomeController.Index (PaginaBizu)'
2025-08-04 17:54:43.644 -06:00 [INF] Route matched with {action = "Index", controller = "Home", page = "", area = ""}. Executing controller action with signature Microsoft.AspNetCore.Mvc.IActionResult Index() on controller PaginaBizu.Controllers.HomeController (PaginaBizu).
2025-08-04 17:54:43.668 -06:00 [INF] ➡️ Acción ejecutándose: Home/Index | Usuario: No autenticado | IP: ::1 | Hora: "2025-08-04T17:54:43.6679614-06:00"
2025-08-04 17:54:43.683 -06:00 [INF] ✅ Acción ejecutada: Home/Index | Hora: "2025-08-04T17:54:43.6833659-06:00"
2025-08-04 17:54:43.706 -06:00 [INF] Executing ViewResult, running view Index.
2025-08-04 17:54:43.995 -06:00 [INF] Executed ViewResult - view Index executed in 295.3849ms.
2025-08-04 17:54:44.003 -06:00 [INF] Executed action PaginaBizu.Controllers.HomeController.Index (PaginaBizu) in 351.99ms
2025-08-04 17:54:44.008 -06:00 [INF] Executed endpoint 'PaginaBizu.Controllers.HomeController.Index (PaginaBizu)'
2025-08-04 17:54:44.027 -06:00 [INF] Request finished HTTP/1.1 GET http://localhost:5116/ - 200 null text/html; charset=utf-8 1840.0478ms
2025-08-04 17:54:45.205 -06:00 [INF] Request starting HTTP/1.1 GET http://localhost:5116/css/tailwindcss - null null
2025-08-04 17:54:45.206 -06:00 [INF] Request starting HTTP/1.1 GET http://localhost:5116/images/bg.png - null null
2025-08-04 17:54:45.261 -06:00 [INF] Request starting HTTP/1.1 GET http://localhost:5116/_framework/aspnetcore-browser-refresh.js - null null
2025-08-04 17:54:45.317 -06:00 [INF] Request starting HTTP/1.1 GET http://localhost:5116/_vs/browserLink - null null
2025-08-04 17:54:45.378 -06:00 [INF] Request finished HTTP/1.1 GET http://localhost:5116/css/tailwindcss - 404 0 null 173.1687ms
2025-08-04 17:54:45.388 -06:00 [INF] Request finished HTTP/1.1 GET http://localhost:5116/_framework/aspnetcore-browser-refresh.js - 200 16505 application/javascript; charset=utf-8 127.1826ms
2025-08-04 17:54:45.388 -06:00 [INF] Request finished HTTP/1.1 GET http://localhost:5116/images/bg.png - 404 0 null 183.0555ms
2025-08-04 17:54:45.454 -06:00 [INF] Request reached the end of the middleware pipeline without being handled by application code. Request path: GET http://localhost:5116/css/tailwindcss, Response status code: 404
2025-08-04 17:54:45.484 -06:00 [INF] Request reached the end of the middleware pipeline without being handled by application code. Request path: GET http://localhost:5116/images/bg.png, Response status code: 404
2025-08-04 17:54:45.539 -06:00 [INF] Request finished HTTP/1.1 GET http://localhost:5116/_vs/browserLink - 200 null text/javascript; charset=UTF-8 221.6486ms
2025-08-04 17:54:48.212 -06:00 [INF] Request starting HTTP/1.1 GET http://localhost:5116/Account/Login - null null
2025-08-04 17:54:48.249 -06:00 [INF] Executing endpoint 'PaginaBizu.Controllers.AccountController.Login (PaginaBizu)'
2025-08-04 17:54:48.261 -06:00 [INF] Route matched with {action = "Login", controller = "Account", page = "", area = ""}. Executing controller action with signature Microsoft.AspNetCore.Mvc.IActionResult Login() on controller PaginaBizu.Controllers.AccountController (PaginaBizu).
2025-08-04 17:54:48.291 -06:00 [INF] ➡️ Acción ejecutándose: Account/Login | Usuario: No autenticado | IP: ::1 | Hora: "2025-08-04T17:54:48.2916858-06:00"
2025-08-04 17:54:48.301 -06:00 [INF] ✅ Acción ejecutada: Account/Login | Hora: "2025-08-04T17:54:48.3013719-06:00"
2025-08-04 17:54:48.310 -06:00 [INF] Executing ViewResult, running view ~/Views/Shared/_LoginPartialUser.cshtml.
2025-08-04 17:54:48.434 -06:00 [INF] Executed ViewResult - view ~/Views/Shared/_LoginPartialUser.cshtml executed in 126.4682ms.
2025-08-04 17:54:48.443 -06:00 [INF] Executed action PaginaBizu.Controllers.AccountController.Login (PaginaBizu) in 175.6804ms
2025-08-04 17:54:48.457 -06:00 [INF] Executed endpoint 'PaginaBizu.Controllers.AccountController.Login (PaginaBizu)'
2025-08-04 17:54:48.463 -06:00 [INF] Request finished HTTP/1.1 GET http://localhost:5116/Account/Login - 200 null text/html; charset=utf-8 250.575ms
2025-08-04 17:54:48.562 -06:00 [INF] Request starting HTTP/1.1 GET http://localhost:5116/_framework/aspnetcore-browser-refresh.js - null null
2025-08-04 17:54:48.619 -06:00 [INF] Request finished HTTP/1.1 GET http://localhost:5116/_framework/aspnetcore-browser-refresh.js - 200 16505 application/javascript; charset=utf-8 58.1173ms
2025-08-04 17:54:49.137 -06:00 [INF] Request starting HTTP/1.1 GET http://localhost:5116/_vs/browserLink - null null
2025-08-04 17:54:49.141 -06:00 [INF] Request starting HTTP/1.1 GET http://localhost:5116/css/tailwindcss - null null
2025-08-04 17:54:49.185 -06:00 [INF] Request finished HTTP/1.1 GET http://localhost:5116/css/tailwindcss - 404 0 null 44.5548ms
2025-08-04 17:54:49.225 -06:00 [INF] Request finished HTTP/1.1 GET http://localhost:5116/_vs/browserLink - 200 null text/javascript; charset=UTF-8 87.7295ms
2025-08-04 17:54:49.226 -06:00 [INF] Request reached the end of the middleware pipeline without being handled by application code. Request path: GET http://localhost:5116/css/tailwindcss, Response status code: 404
2025-08-04 17:54:49.277 -06:00 [INF] Request starting HTTP/1.1 GET http://localhost:5116/Cart/CartCount - null null
2025-08-04 17:54:49.292 -06:00 [INF] Executing endpoint 'PaginaBizu.Controllers.CartController.CartCount (PaginaBizu)'
2025-08-04 17:54:49.301 -06:00 [INF] Route matched with {action = "CartCount", controller = "Cart", page = "", area = ""}. Executing controller action with signature Microsoft.AspNetCore.Mvc.IActionResult CartCount() on controller PaginaBizu.Controllers.CartController (PaginaBizu).
2025-08-04 17:54:49.311 -06:00 [INF] ➡️ Acción ejecutándose: Cart/CartCount | Usuario: No autenticado | IP: ::1 | Hora: "2025-08-04T17:54:49.3115690-06:00"
2025-08-04 17:54:49.342 -06:00 [INF] ✅ Acción ejecutada: Cart/CartCount | Hora: "2025-08-04T17:54:49.3423628-06:00"
2025-08-04 17:54:49.365 -06:00 [INF] Executing JsonResult, writing value of type 'System.Int32'.
2025-08-04 17:54:49.400 -06:00 [INF] Executed action PaginaBizu.Controllers.CartController.CartCount (PaginaBizu) in 89.4998ms
2025-08-04 17:54:49.411 -06:00 [INF] Request starting HTTP/1.1 GET http://localhost:5116/Cart/CartCount - null null
2025-08-04 17:54:49.411 -06:00 [INF] Executed endpoint 'PaginaBizu.Controllers.CartController.CartCount (PaginaBizu)'
2025-08-04 17:54:49.432 -06:00 [INF] Executing endpoint 'PaginaBizu.Controllers.CartController.CartCount (PaginaBizu)'
2025-08-04 17:54:49.434 -06:00 [INF] Request finished HTTP/1.1 GET http://localhost:5116/Cart/CartCount - 200 null application/json; charset=utf-8 156.5054ms
2025-08-04 17:54:49.447 -06:00 [INF] Route matched with {action = "CartCount", controller = "Cart", page = "", area = ""}. Executing controller action with signature Microsoft.AspNetCore.Mvc.IActionResult CartCount() on controller PaginaBizu.Controllers.CartController (PaginaBizu).
2025-08-04 17:54:49.479 -06:00 [INF] ➡️ Acción ejecutándose: Cart/CartCount | Usuario: No autenticado | IP: ::1 | Hora: "2025-08-04T17:54:49.4796943-06:00"
2025-08-04 17:54:49.496 -06:00 [INF] ✅ Acción ejecutada: Cart/CartCount | Hora: "2025-08-04T17:54:49.4962345-06:00"
2025-08-04 17:54:49.502 -06:00 [INF] Executing JsonResult, writing value of type 'System.Int32'.
2025-08-04 17:54:49.510 -06:00 [INF] Executed action PaginaBizu.Controllers.CartController.CartCount (PaginaBizu) in 31.9253ms
2025-08-04 17:54:49.515 -06:00 [INF] Executed endpoint 'PaginaBizu.Controllers.CartController.CartCount (PaginaBizu)'
2025-08-04 17:54:49.520 -06:00 [INF] Request finished HTTP/1.1 GET http://localhost:5116/Cart/CartCount - 200 null application/json; charset=utf-8 109.1424ms
2025-08-04 17:54:59.392 -06:00 [INF] Request starting HTTP/1.1 GET http://localhost:5116/css/tailwindcss - null null
2025-08-04 17:54:59.404 -06:00 [INF] Request starting HTTP/1.1 GET http://localhost:5116/.well-known/appspecific/com.chrome.devtools.json - null null
2025-08-04 17:54:59.405 -06:00 [INF] Request finished HTTP/1.1 GET http://localhost:5116/css/tailwindcss - 404 0 null 12.6978ms
2025-08-04 17:54:59.418 -06:00 [INF] Request finished HTTP/1.1 GET http://localhost:5116/.well-known/appspecific/com.chrome.devtools.json - 404 0 null 13.4411ms
2025-08-04 17:54:59.435 -06:00 [INF] Request reached the end of the middleware pipeline without being handled by application code. Request path: GET http://localhost:5116/css/tailwindcss, Response status code: 404
2025-08-04 17:54:59.450 -06:00 [INF] Request reached the end of the middleware pipeline without being handled by application code. Request path: GET http://localhost:5116/.well-known/appspecific/com.chrome.devtools.json, Response status code: 404
2025-08-04 17:55:00.709 -06:00 [INF] Request starting HTTP/1.1 GET http://localhost:5116/lib/bootstrap/dist/js/bootstrap.bundle.min.js.map - null null
2025-08-04 17:55:00.785 -06:00 [INF] Sending file. Request path: '/lib/bootstrap/dist/js/bootstrap.bundle.min.js.map'. Physical path: 'C:\Users\hoshu\source\repos\PaginaBizu\PaginaBizu\wwwroot\lib\bootstrap\dist\js\bootstrap.bundle.min.js.map'
2025-08-04 17:55:00.793 -06:00 [INF] Request finished HTTP/1.1 GET http://localhost:5116/lib/bootstrap/dist/js/bootstrap.bundle.min.js.map - 200 327261 text/plain 84.717ms
2025-08-04 17:55:00.853 -06:00 [INF] Request starting HTTP/1.1 GET http://localhost:5116/lib/bootstrap/dist/css/bootstrap.min.css.map - null null
2025-08-04 17:55:00.934 -06:00 [INF] Sending file. Request path: '/lib/bootstrap/dist/css/bootstrap.min.css.map'. Physical path: 'C:\Users\hoshu\source\repos\PaginaBizu\PaginaBizu\wwwroot\lib\bootstrap\dist\css\bootstrap.min.css.map'
2025-08-04 17:55:00.939 -06:00 [INF] Request finished HTTP/1.1 GET http://localhost:5116/lib/bootstrap/dist/css/bootstrap.min.css.map - 200 449111 text/plain 86.2061ms
2025-08-04 17:57:19.002 -06:00 [INF] User profile is available. Using 'C:\Users\hoshu\AppData\Local\ASP.NET\DataProtection-Keys' as key repository and Windows DPAPI to encrypt keys at rest.
2025-08-04 17:57:19.622 -06:00 [WRN] No store type was specified for the decimal property 'Total' on entity type 'Order'. This will cause values to be silently truncated if they do not fit in the default precision and scale. Explicitly specify the SQL server column type that can accommodate all the values in 'OnModelCreating' using 'HasColumnType', specify precision and scale using 'HasPrecision', or configure a value converter using 'HasConversion'.
2025-08-04 17:57:19.626 -06:00 [WRN] No store type was specified for the decimal property 'PrecioUnitario' on entity type 'OrderDetail'. This will cause values to be silently truncated if they do not fit in the default precision and scale. Explicitly specify the SQL server column type that can accommodate all the values in 'OnModelCreating' using 'HasColumnType', specify precision and scale using 'HasPrecision', or configure a value converter using 'HasConversion'.
2025-08-04 17:57:19.628 -06:00 [WRN] No store type was specified for the decimal property 'Precio' on entity type 'Product'. This will cause values to be silently truncated if they do not fit in the default precision and scale. Explicitly specify the SQL server column type that can accommodate all the values in 'OnModelCreating' using 'HasColumnType', specify precision and scale using 'HasPrecision', or configure a value converter using 'HasConversion'.
2025-08-04 17:57:20.488 -06:00 [INF] Executed DbCommand (61ms) [Parameters=[@__normalizedName_0='?' (Size = 256)], CommandType='"Text"', CommandTimeout='30']
SELECT TOP(1) [a].[Id], [a].[ConcurrencyStamp], [a].[Name], [a].[NormalizedName]
FROM [AspNetRoles] AS [a]
WHERE [a].[NormalizedName] = @__normalizedName_0
2025-08-04 17:57:20.590 -06:00 [INF] Executed DbCommand (6ms) [Parameters=[@__normalizedEmail_0='?' (Size = 256)], CommandType='"Text"', CommandTimeout='30']
SELECT TOP(2) [a].[Id], [a].[AccessFailedCount], [a].[ConcurrencyStamp], [a].[Email], [a].[EmailConfirmed], [a].[LockoutEnabled], [a].[LockoutEnd], [a].[NormalizedEmail], [a].[NormalizedUserName], [a].[PasswordHash], [a].[PhoneNumber], [a].[PhoneNumberConfirmed], [a].[SecurityStamp], [a].[TwoFactorEnabled], [a].[UserName]
FROM [AspNetUsers] AS [a]
WHERE [a].[NormalizedEmail] = @__normalizedEmail_0
2025-08-04 17:57:20.639 -06:00 [INF] Executed DbCommand (4ms) [Parameters=[@__normalizedRoleName_0='?' (Size = 256)], CommandType='"Text"', CommandTimeout='30']
SELECT TOP(2) [a].[Id], [a].[ConcurrencyStamp], [a].[Name], [a].[NormalizedName]
FROM [AspNetRoles] AS [a]
WHERE [a].[NormalizedName] = @__normalizedRoleName_0
2025-08-04 17:57:20.681 -06:00 [INF] Executed DbCommand (2ms) [Parameters=[@__p_0='?' (Size = 450), @__p_1='?' (Size = 450)], CommandType='"Text"', CommandTimeout='30']
SELECT TOP(1) [a].[UserId], [a].[RoleId]
FROM [AspNetUserRoles] AS [a]
WHERE [a].[UserId] = @__p_0 AND [a].[RoleId] = @__p_1
2025-08-04 17:57:20.702 -06:00 [INF] Executed DbCommand (2ms) [Parameters=[@__normalizedEmail_0='?' (Size = 256)], CommandType='"Text"', CommandTimeout='30']
SELECT TOP(2) [a].[Id], [a].[AccessFailedCount], [a].[ConcurrencyStamp], [a].[Email], [a].[EmailConfirmed], [a].[LockoutEnabled], [a].[LockoutEnd], [a].[NormalizedEmail], [a].[NormalizedUserName], [a].[PasswordHash], [a].[PhoneNumber], [a].[PhoneNumberConfirmed], [a].[SecurityStamp], [a].[TwoFactorEnabled], [a].[UserName]
FROM [AspNetUsers] AS [a]
WHERE [a].[NormalizedEmail] = @__normalizedEmail_0
2025-08-04 17:57:20.720 -06:00 [INF] Executed DbCommand (2ms) [Parameters=[@__normalizedRoleName_0='?' (Size = 256)], CommandType='"Text"', CommandTimeout='30']
SELECT TOP(2) [a].[Id], [a].[ConcurrencyStamp], [a].[Name], [a].[NormalizedName]
FROM [AspNetRoles] AS [a]
WHERE [a].[NormalizedName] = @__normalizedRoleName_0
2025-08-04 17:57:20.734 -06:00 [INF] Executed DbCommand (1ms) [Parameters=[@__p_0='?' (Size = 450), @__p_1='?' (Size = 450)], CommandType='"Text"', CommandTimeout='30']
SELECT TOP(1) [a].[UserId], [a].[RoleId]
FROM [AspNetUserRoles] AS [a]
WHERE [a].[UserId] = @__p_0 AND [a].[RoleId] = @__p_1
2025-08-04 17:57:20.741 -06:00 [INF] Executed DbCommand (1ms) [Parameters=[@__normalizedEmail_0='?' (Size = 256)], CommandType='"Text"', CommandTimeout='30']
SELECT TOP(2) [a].[Id], [a].[AccessFailedCount], [a].[ConcurrencyStamp], [a].[Email], [a].[EmailConfirmed], [a].[LockoutEnabled], [a].[LockoutEnd], [a].[NormalizedEmail], [a].[NormalizedUserName], [a].[PasswordHash], [a].[PhoneNumber], [a].[PhoneNumberConfirmed], [a].[SecurityStamp], [a].[TwoFactorEnabled], [a].[UserName]
FROM [AspNetUsers] AS [a]
WHERE [a].[NormalizedEmail] = @__normalizedEmail_0
2025-08-04 17:57:20.752 -06:00 [INF] Executed DbCommand (2ms) [Parameters=[@__normalizedRoleName_0='?' (Size = 256)], CommandType='"Text"', CommandTimeout='30']
SELECT TOP(2) [a].[Id], [a].[ConcurrencyStamp], [a].[Name], [a].[NormalizedName]
FROM [AspNetRoles] AS [a]
WHERE [a].[NormalizedName] = @__normalizedRoleName_0
2025-08-04 17:57:20.759 -06:00 [INF] Executed DbCommand (2ms) [Parameters=[@__p_0='?' (Size = 450), @__p_1='?' (Size = 450)], CommandType='"Text"', CommandTimeout='30']
SELECT TOP(1) [a].[UserId], [a].[RoleId]
FROM [AspNetUserRoles] AS [a]
WHERE [a].[UserId] = @__p_0 AND [a].[RoleId] = @__p_1
2025-08-04 17:57:21.271 -06:00 [INF] Now listening on: http://localhost:5116
2025-08-04 17:57:21.354 -06:00 [INF] Application started. Press Ctrl+C to shut down.
2025-08-04 17:57:21.365 -06:00 [INF] Hosting environment: Development
2025-08-04 17:57:21.374 -06:00 [INF] Content root path: C:\Users\hoshu\source\repos\PaginaBizu\PaginaBizu
2025-08-04 17:57:22.369 -06:00 [INF] Request starting HTTP/1.1 GET http://localhost:5116/ - null null
2025-08-04 17:57:22.663 -06:00 [WRN] Failed to determine the https port for redirect.
2025-08-04 17:57:22.732 -06:00 [INF] Executing endpoint 'PaginaBizu.Controllers.HomeController.Index (PaginaBizu)'
2025-08-04 17:57:22.755 -06:00 [INF] Route matched with {action = "Index", controller = "Home", page = "", area = ""}. Executing controller action with signature Microsoft.AspNetCore.Mvc.IActionResult Index() on controller PaginaBizu.Controllers.HomeController (PaginaBizu).
2025-08-04 17:57:22.768 -06:00 [INF] ➡️ Acción ejecutándose: Home/Index | Usuario: No autenticado | IP: ::1 | Hora: "2025-08-04T17:57:22.7685620-06:00"
2025-08-04 17:57:22.780 -06:00 [INF] ✅ Acción ejecutada: Home/Index | Hora: "2025-08-04T17:57:22.7806568-06:00"
2025-08-04 17:57:22.802 -06:00 [INF] Executing ViewResult, running view Index.
2025-08-04 17:57:22.978 -06:00 [INF] Executed ViewResult - view Index executed in 184.2175ms.
2025-08-04 17:57:22.984 -06:00 [INF] Executed action PaginaBizu.Controllers.HomeController.Index (PaginaBizu) in 222.3359ms
2025-08-04 17:57:22.989 -06:00 [INF] Executed endpoint 'PaginaBizu.Controllers.HomeController.Index (PaginaBizu)'
2025-08-04 17:57:23.005 -06:00 [INF] Request finished HTTP/1.1 GET http://localhost:5116/ - 200 null text/html; charset=utf-8 649.8681ms
2025-08-04 17:57:24.003 -06:00 [INF] Request starting HTTP/1.1 GET http://localhost:5116/images/bg.png - null null
2025-08-04 17:57:24.003 -06:00 [INF] Request starting HTTP/1.1 GET http://localhost:5116/css/tailwindcss - null null
2025-08-04 17:57:24.014 -06:00 [INF] Request starting HTTP/1.1 GET http://localhost:5116/_framework/aspnetcore-browser-refresh.js - null null
2025-08-04 17:57:24.026 -06:00 [INF] Request finished HTTP/1.1 GET http://localhost:5116/images/bg.png - 404 0 null 22.7024ms
2025-08-04 17:57:24.028 -06:00 [INF] Request finished HTTP/1.1 GET http://localhost:5116/css/tailwindcss - 404 0 null 25.0414ms
2025-08-04 17:57:24.039 -06:00 [INF] Request finished HTTP/1.1 GET http://localhost:5116/_framework/aspnetcore-browser-refresh.js - 200 16505 application/javascript; charset=utf-8 24.5261ms
2025-08-04 17:57:24.045 -06:00 [INF] Request reached the end of the middleware pipeline without being handled by application code. Request path: GET http://localhost:5116/images/bg.png, Response status code: 404
2025-08-04 17:57:24.054 -06:00 [INF] Request reached the end of the middleware pipeline without being handled by application code. Request path: GET http://localhost:5116/css/tailwindcss, Response status code: 404
2025-08-04 17:57:24.070 -06:00 [INF] Request starting HTTP/1.1 GET http://localhost:5116/_vs/browserLink - null null
2025-08-04 17:57:24.161 -06:00 [INF] Request finished HTTP/1.1 GET http://localhost:5116/_vs/browserLink - 200 null text/javascript; charset=UTF-8 90.7228ms
2025-08-04 17:57:28.681 -06:00 [INF] Request starting HTTP/1.1 GET http://localhost:5116/Account/Login - null null
2025-08-04 17:57:28.708 -06:00 [INF] Executing endpoint 'PaginaBizu.Controllers.AccountController.Login (PaginaBizu)'
2025-08-04 17:57:28.717 -06:00 [INF] Route matched with {action = "Login", controller = "Account", page = "", area = ""}. Executing controller action with signature Microsoft.AspNetCore.Mvc.IActionResult Login() on controller PaginaBizu.Controllers.AccountController (PaginaBizu).
2025-08-04 17:57:28.742 -06:00 [INF] ➡️ Acción ejecutándose: Account/Login | Usuario: No autenticado | IP: ::1 | Hora: "2025-08-04T17:57:28.7420351-06:00"
2025-08-04 17:57:28.751 -06:00 [INF] ✅ Acción ejecutada: Account/Login | Hora: "2025-08-04T17:57:28.7515854-06:00"
2025-08-04 17:57:28.762 -06:00 [INF] Executing ViewResult, running view ~/Views/Shared/_LoginPartialUser.cshtml.
2025-08-04 17:57:29.040 -06:00 [INF] Executed ViewResult - view ~/Views/Shared/_LoginPartialUser.cshtml executed in 280.5423ms.
2025-08-04 17:57:29.048 -06:00 [INF] Executed action PaginaBizu.Controllers.AccountController.Login (PaginaBizu) in 323.0662ms
2025-08-04 17:57:29.059 -06:00 [INF] Executed endpoint 'PaginaBizu.Controllers.AccountController.Login (PaginaBizu)'
2025-08-04 17:57:29.066 -06:00 [INF] Request finished HTTP/1.1 GET http://localhost:5116/Account/Login - 200 null text/html; charset=utf-8 385.072ms
2025-08-04 17:57:29.393 -06:00 [INF] Request starting HTTP/1.1 GET http://localhost:5116/_framework/aspnetcore-browser-refresh.js - null null
2025-08-04 17:57:29.402 -06:00 [INF] Request finished HTTP/1.1 GET http://localhost:5116/_framework/aspnetcore-browser-refresh.js - 200 16505 application/javascript; charset=utf-8 9.4457ms
2025-08-04 17:57:29.454 -06:00 [INF] Request starting HTTP/1.1 GET http://localhost:5116/css/tailwindcss - null null
2025-08-04 17:57:29.471 -06:00 [INF] Request finished HTTP/1.1 GET http://localhost:5116/css/tailwindcss - 404 0 null 17.53ms
2025-08-04 17:57:29.489 -06:00 [INF] Request reached the end of the middleware pipeline without being handled by application code. Request path: GET http://localhost:5116/css/tailwindcss, Response status code: 404
2025-08-04 17:57:29.505 -06:00 [INF] Request starting HTTP/1.1 GET http://localhost:5116/_vs/browserLink - null null
2025-08-04 17:57:29.552 -06:00 [INF] Request finished HTTP/1.1 GET http://localhost:5116/_vs/browserLink - 200 null text/javascript; charset=UTF-8 46.7788ms
2025-08-04 17:57:29.561 -06:00 [INF] Request starting HTTP/1.1 GET http://localhost:5116/Cart/CartCount - null null
2025-08-04 17:57:29.570 -06:00 [INF] Executing endpoint 'PaginaBizu.Controllers.CartController.CartCount (PaginaBizu)'
2025-08-04 17:57:29.574 -06:00 [INF] Route matched with {action = "CartCount", controller = "Cart", page = "", area = ""}. Executing controller action with signature Microsoft.AspNetCore.Mvc.IActionResult CartCount() on controller PaginaBizu.Controllers.CartController (PaginaBizu).
2025-08-04 17:57:29.580 -06:00 [INF] ➡️ Acción ejecutándose: Cart/CartCount | Usuario: No autenticado | IP: ::1 | Hora: "2025-08-04T17:57:29.5802657-06:00"
2025-08-04 17:57:29.589 -06:00 [INF] ✅ Acción ejecutada: Cart/CartCount | Hora: "2025-08-04T17:57:29.5890415-06:00"
2025-08-04 17:57:29.595 -06:00 [INF] Executing JsonResult, writing value of type 'System.Int32'.
2025-08-04 17:57:29.606 -06:00 [INF] Executed action PaginaBizu.Controllers.CartController.CartCount (PaginaBizu) in 26.6084ms
2025-08-04 17:57:29.606 -06:00 [INF] Request starting HTTP/1.1 GET http://localhost:5116/Cart/CartCount - null null
2025-08-04 17:57:29.609 -06:00 [INF] Executed endpoint 'PaginaBizu.Controllers.CartController.CartCount (PaginaBizu)'
2025-08-04 17:57:29.617 -06:00 [INF] Executing endpoint 'PaginaBizu.Controllers.CartController.CartCount (PaginaBizu)'
2025-08-04 17:57:29.617 -06:00 [INF] Request finished HTTP/1.1 GET http://localhost:5116/Cart/CartCount - 200 null application/json; charset=utf-8 55.6832ms
2025-08-04 17:57:29.620 -06:00 [INF] Route matched with {action = "CartCount", controller = "Cart", page = "", area = ""}. Executing controller action with signature Microsoft.AspNetCore.Mvc.IActionResult CartCount() on controller PaginaBizu.Controllers.CartController (PaginaBizu).
2025-08-04 17:57:29.632 -06:00 [INF] ➡️ Acción ejecutándose: Cart/CartCount | Usuario: No autenticado | IP: ::1 | Hora: "2025-08-04T17:57:29.6325983-06:00"
2025-08-04 17:57:29.637 -06:00 [INF] ✅ Acción ejecutada: Cart/CartCount | Hora: "2025-08-04T17:57:29.6374129-06:00"
2025-08-04 17:57:29.640 -06:00 [INF] Executing JsonResult, writing value of type 'System.Int32'.
2025-08-04 17:57:29.643 -06:00 [INF] Executed action PaginaBizu.Controllers.CartController.CartCount (PaginaBizu) in 11.6025ms
2025-08-04 17:57:29.647 -06:00 [INF] Executed endpoint 'PaginaBizu.Controllers.CartController.CartCount (PaginaBizu)'
2025-08-04 17:57:29.650 -06:00 [INF] Request finished HTTP/1.1 GET http://localhost:5116/Cart/CartCount - 200 null application/json; charset=utf-8 43.6283ms
2025-08-04 18:00:59.298 -06:00 [INF] User profile is available. Using 'C:\Users\hoshu\AppData\Local\ASP.NET\DataProtection-Keys' as key repository and Windows DPAPI to encrypt keys at rest.
2025-08-04 18:00:59.735 -06:00 [WRN] No store type was specified for the decimal property 'Total' on entity type 'Order'. This will cause values to be silently truncated if they do not fit in the default precision and scale. Explicitly specify the SQL server column type that can accommodate all the values in 'OnModelCreating' using 'HasColumnType', specify precision and scale using 'HasPrecision', or configure a value converter using 'HasConversion'.
2025-08-04 18:00:59.739 -06:00 [WRN] No store type was specified for the decimal property 'PrecioUnitario' on entity type 'OrderDetail'. This will cause values to be silently truncated if they do not fit in the default precision and scale. Explicitly specify the SQL server column type that can accommodate all the values in 'OnModelCreating' using 'HasColumnType', specify precision and scale using 'HasPrecision', or configure a value converter using 'HasConversion'.
2025-08-04 18:00:59.742 -06:00 [WRN] No store type was specified for the decimal property 'Precio' on entity type 'Product'. This will cause values to be silently truncated if they do not fit in the default precision and scale. Explicitly specify the SQL server column type that can accommodate all the values in 'OnModelCreating' using 'HasColumnType', specify precision and scale using 'HasPrecision', or configure a value converter using 'HasConversion'.
2025-08-04 18:01:00.318 -06:00 [INF] Executed DbCommand (54ms) [Parameters=[@__normalizedName_0='?' (Size = 256)], CommandType='"Text"', CommandTimeout='30']
SELECT TOP(1) [a].[Id], [a].[ConcurrencyStamp], [a].[Name], [a].[NormalizedName]
FROM [AspNetRoles] AS [a]
WHERE [a].[NormalizedName] = @__normalizedName_0
2025-08-04 18:01:00.394 -06:00 [INF] Executed DbCommand (6ms) [Parameters=[@__normalizedEmail_0='?' (Size = 256)], CommandType='"Text"', CommandTimeout='30']
SELECT TOP(2) [a].[Id], [a].[AccessFailedCount], [a].[ConcurrencyStamp], [a].[Email], [a].[EmailConfirmed], [a].[LockoutEnabled], [a].[LockoutEnd], [a].[NormalizedEmail], [a].[NormalizedUserName], [a].[PasswordHash], [a].[PhoneNumber], [a].[PhoneNumberConfirmed], [a].[SecurityStamp], [a].[TwoFactorEnabled], [a].[UserName]
FROM [AspNetUsers] AS [a]
WHERE [a].[NormalizedEmail] = @__normalizedEmail_0
2025-08-04 18:01:00.431 -06:00 [INF] Executed DbCommand (3ms) [Parameters=[@__normalizedRoleName_0='?' (Size = 256)], CommandType='"Text"', CommandTimeout='30']
SELECT TOP(2) [a].[Id], [a].[ConcurrencyStamp], [a].[Name], [a].[NormalizedName]
FROM [AspNetRoles] AS [a]
WHERE [a].[NormalizedName] = @__normalizedRoleName_0
2025-08-04 18:01:00.472 -06:00 [INF] Executed DbCommand (16ms) [Parameters=[@__p_0='?' (Size = 450), @__p_1='?' (Size = 450)], CommandType='"Text"', CommandTimeout='30']
SELECT TOP(1) [a].[UserId], [a].[RoleId]
FROM [AspNetUserRoles] AS [a]
WHERE [a].[UserId] = @__p_0 AND [a].[RoleId] = @__p_1
2025-08-04 18:01:00.492 -06:00 [INF] Executed DbCommand (2ms) [Parameters=[@__normalizedEmail_0='?' (Size = 256)], CommandType='"Text"', CommandTimeout='30']
SELECT TOP(2) [a].[Id], [a].[AccessFailedCount], [a].[ConcurrencyStamp], [a].[Email], [a].[EmailConfirmed], [a].[LockoutEnabled], [a].[LockoutEnd], [a].[NormalizedEmail], [a].[NormalizedUserName], [a].[PasswordHash], [a].[PhoneNumber], [a].[PhoneNumberConfirmed], [a].[SecurityStamp], [a].[TwoFactorEnabled], [a].[UserName]
FROM [AspNetUsers] AS [a]
WHERE [a].[NormalizedEmail] = @__normalizedEmail_0
2025-08-04 18:01:00.501 -06:00 [INF] Executed DbCommand (1ms) [Parameters=[@__normalizedRoleName_0='?' (Size = 256)], CommandType='"Text"', CommandTimeout='30']
SELECT TOP(2) [a].[Id], [a].[ConcurrencyStamp], [a].[Name], [a].[NormalizedName]
FROM [AspNetRoles] AS [a]
WHERE [a].[NormalizedName] = @__normalizedRoleName_0
2025-08-04 18:01:00.513 -06:00 [INF] Executed DbCommand (1ms) [Parameters=[@__p_0='?' (Size = 450), @__p_1='?' (Size = 450)], CommandType='"Text"', CommandTimeout='30']
SELECT TOP(1) [a].[UserId], [a].[RoleId]
FROM [AspNetUserRoles] AS [a]
WHERE [a].[UserId] = @__p_0 AND [a].[RoleId] = @__p_1
2025-08-04 18:01:00.521 -06:00 [INF] Executed DbCommand (2ms) [Parameters=[@__normalizedEmail_0='?' (Size = 256)], CommandType='"Text"', CommandTimeout='30']
SELECT TOP(2) [a].[Id], [a].[AccessFailedCount], [a].[ConcurrencyStamp], [a].[Email], [a].[EmailConfirmed], [a].[LockoutEnabled], [a].[LockoutEnd], [a].[NormalizedEmail], [a].[NormalizedUserName], [a].[PasswordHash], [a].[PhoneNumber], [a].[PhoneNumberConfirmed], [a].[SecurityStamp], [a].[TwoFactorEnabled], [a].[UserName]
FROM [AspNetUsers] AS [a]
WHERE [a].[NormalizedEmail] = @__normalizedEmail_0
2025-08-04 18:01:00.526 -06:00 [INF] Executed DbCommand (1ms) [Parameters=[@__normalizedRoleName_0='?' (Size = 256)], CommandType='"Text"', CommandTimeout='30']
SELECT TOP(2) [a].[Id], [a].[ConcurrencyStamp], [a].[Name], [a].[NormalizedName]
FROM [AspNetRoles] AS [a]
WHERE [a].[NormalizedName] = @__normalizedRoleName_0
2025-08-04 18:01:00.530 -06:00 [INF] Executed DbCommand (1ms) [Parameters=[@__p_0='?' (Size = 450), @__p_1='?' (Size = 450)], CommandType='"Text"', CommandTimeout='30']
SELECT TOP(1) [a].[UserId], [a].[RoleId]
FROM [AspNetUserRoles] AS [a]
WHERE [a].[UserId] = @__p_0 AND [a].[RoleId] = @__p_1
2025-08-04 18:01:00.969 -06:00 [INF] Now listening on: http://localhost:5116
2025-08-04 18:01:01.058 -06:00 [INF] Application started. Press Ctrl+C to shut down.
2025-08-04 18:01:01.061 -06:00 [INF] Hosting environment: Development
2025-08-04 18:01:01.064 -06:00 [INF] Content root path: C:\Users\hoshu\source\repos\PaginaBizu\PaginaBizu
2025-08-04 18:01:01.386 -06:00 [INF] Request starting HTTP/1.1 GET http://localhost:5116/ - null null
2025-08-04 18:01:01.550 -06:00 [WRN] Failed to determine the https port for redirect.
2025-08-04 18:01:01.589 -06:00 [INF] Executing endpoint 'PaginaBizu.Controllers.HomeController.Index (PaginaBizu)'
2025-08-04 18:01:01.610 -06:00 [INF] Route matched with {action = "Index", controller = "Home", page = "", area = ""}. Executing controller action with signature Microsoft.AspNetCore.Mvc.IActionResult Index() on controller PaginaBizu.Controllers.HomeController (PaginaBizu).
2025-08-04 18:01:01.625 -06:00 [INF] ➡️ Acción ejecutándose: Home/Index | Usuario: No autenticado | IP: ::1 | Hora: "2025-08-04T18:01:01.6253761-06:00"
2025-08-04 18:01:01.638 -06:00 [INF] ✅ Acción ejecutada: Home/Index | Hora: "2025-08-04T18:01:01.6384231-06:00"
2025-08-04 18:01:01.646 -06:00 [INF] Executing ViewResult, running view Index.
2025-08-04 18:01:01.722 -06:00 [INF] Executed ViewResult - view Index executed in 77.5561ms.
2025-08-04 18:01:01.730 -06:00 [INF] Executed action PaginaBizu.Controllers.HomeController.Index (PaginaBizu) in 111.5221ms
2025-08-04 18:01:01.736 -06:00 [INF] Executed endpoint 'PaginaBizu.Controllers.HomeController.Index (PaginaBizu)'
2025-08-04 18:01:01.749 -06:00 [INF] Request finished HTTP/1.1 GET http://localhost:5116/ - 200 null text/html; charset=utf-8 377.1095ms
2025-08-04 18:01:02.266 -06:00 [INF] Request starting HTTP/1.1 GET http://localhost:5116/_framework/aspnetcore-browser-refresh.js - null null
2025-08-04 18:01:02.274 -06:00 [INF] Request starting HTTP/1.1 GET http://localhost:5116/_vs/browserLink - null null
2025-08-04 18:01:02.305 -06:00 [INF] Request finished HTTP/1.1 GET http://localhost:5116/_framework/aspnetcore-browser-refresh.js - 200 16505 application/javascript; charset=utf-8 33.4301ms
2025-08-04 18:01:02.295 -06:00 [INF] Request starting HTTP/1.1 GET http://localhost:5116/css/tailwindcss - null null
2025-08-04 18:01:02.278 -06:00 [INF] Request starting HTTP/1.1 GET http://localhost:5116/images/bg.png - null null
2025-08-04 18:01:02.355 -06:00 [INF] Request finished HTTP/1.1 GET http://localhost:5116/css/tailwindcss - 404 0 null 59.5739ms
2025-08-04 18:01:02.361 -06:00 [INF] Request finished HTTP/1.1 GET http://localhost:5116/images/bg.png - 404 0 null 83.618ms
2025-08-04 18:01:02.369 -06:00 [INF] Request reached the end of the middleware pipeline without being handled by application code. Request path: GET http://localhost:5116/css/tailwindcss, Response status code: 404
2025-08-04 18:01:02.378 -06:00 [INF] Request reached the end of the middleware pipeline without being handled by application code. Request path: GET http://localhost:5116/images/bg.png, Response status code: 404
2025-08-04 18:01:02.402 -06:00 [INF] Request finished HTTP/1.1 GET http://localhost:5116/_vs/browserLink - 200 null text/javascript; charset=UTF-8 128.4111ms
