2025-08-09 17:49:43.412 -06:00 [INF] User profile is available. Using 'C:\Users\hoshu\AppData\Local\ASP.NET\DataProtection-Keys' as key repository and Windows DPAPI to encrypt keys at rest.
2025-08-09 17:49:44.558 -06:00 [WRN] No store type was specified for the decimal property 'Total' on entity type 'Order'. This will cause values to be silently truncated if they do not fit in the default precision and scale. Explicitly specify the SQL server column type that can accommodate all the values in 'OnModelCreating' using 'HasColumnType', specify precision and scale using 'HasPrecision', or configure a value converter using 'HasConversion'.
2025-08-09 17:49:44.565 -06:00 [WRN] No store type was specified for the decimal property 'PrecioUnitario' on entity type 'OrderDetail'. This will cause values to be silently truncated if they do not fit in the default precision and scale. Explicitly specify the SQL server column type that can accommodate all the values in 'OnModelCreating' using 'HasColumnType', specify precision and scale using 'HasPrecision', or configure a value converter using 'HasConversion'.
2025-08-09 17:49:44.570 -06:00 [WRN] No store type was specified for the decimal property 'Precio' on entity type 'Product'. This will cause values to be silently truncated if they do not fit in the default precision and scale. Explicitly specify the SQL server column type that can accommodate all the values in 'OnModelCreating' using 'HasColumnType', specify precision and scale using 'HasPrecision', or configure a value converter using 'HasConversion'.
2025-08-09 17:49:46.024 -06:00 [INF] Executed DbCommand (116ms) [Parameters=[@__normalizedName_0='?' (Size = 256)], CommandType='"Text"', CommandTimeout='30']
SELECT TOP(1) [a].[Id], [a].[ConcurrencyStamp], [a].[Name], [a].[NormalizedName]
FROM [AspNetRoles] AS [a]
WHERE [a].[NormalizedName] = @__normalizedName_0
2025-08-09 17:49:46.181 -06:00 [INF] Executed DbCommand (19ms) [Parameters=[@__normalizedEmail_0='?' (Size = 256)], CommandType='"Text"', CommandTimeout='30']
SELECT TOP(2) [a].[Id], [a].[AccessFailedCount], [a].[ConcurrencyStamp], [a].[Email], [a].[EmailConfirmed], [a].[LockoutEnabled], [a].[LockoutEnd], [a].[NormalizedEmail], [a].[NormalizedUserName], [a].[PasswordHash], [a].[PhoneNumber], [a].[PhoneNumberConfirmed], [a].[SecurityStamp], [a].[TwoFactorEnabled], [a].[UserName]
FROM [AspNetUsers] AS [a]
WHERE [a].[NormalizedEmail] = @__normalizedEmail_0
2025-08-09 17:49:46.247 -06:00 [INF] Executed DbCommand (8ms) [Parameters=[@__normalizedRoleName_0='?' (Size = 256)], CommandType='"Text"', CommandTimeout='30']
SELECT TOP(2) [a].[Id], [a].[ConcurrencyStamp], [a].[Name], [a].[NormalizedName]
FROM [AspNetRoles] AS [a]
WHERE [a].[NormalizedName] = @__normalizedRoleName_0
2025-08-09 17:49:46.301 -06:00 [INF] Executed DbCommand (12ms) [Parameters=[@__p_0='?' (Size = 450), @__p_1='?' (Size = 450)], CommandType='"Text"', CommandTimeout='30']
SELECT TOP(1) [a].[UserId], [a].[RoleId]
FROM [AspNetUserRoles] AS [a]
WHERE [a].[UserId] = @__p_0 AND [a].[RoleId] = @__p_1
2025-08-09 17:49:46.326 -06:00 [INF] Executed DbCommand (4ms) [Parameters=[@__normalizedEmail_0='?' (Size = 256)], CommandType='"Text"', CommandTimeout='30']
SELECT TOP(2) [a].[Id], [a].[AccessFailedCount], [a].[ConcurrencyStamp], [a].[Email], [a].[EmailConfirmed], [a].[LockoutEnabled], [a].[LockoutEnd], [a].[NormalizedEmail], [a].[NormalizedUserName], [a].[PasswordHash], [a].[PhoneNumber], [a].[PhoneNumberConfirmed], [a].[SecurityStamp], [a].[TwoFactorEnabled], [a].[UserName]
FROM [AspNetUsers] AS [a]
WHERE [a].[NormalizedEmail] = @__normalizedEmail_0
2025-08-09 17:49:46.338 -06:00 [INF] Executed DbCommand (5ms) [Parameters=[@__normalizedRoleName_0='?' (Size = 256)], CommandType='"Text"', CommandTimeout='30']
SELECT TOP(2) [a].[Id], [a].[ConcurrencyStamp], [a].[Name], [a].[NormalizedName]
FROM [AspNetRoles] AS [a]
WHERE [a].[NormalizedName] = @__normalizedRoleName_0
2025-08-09 17:49:46.344 -06:00 [INF] Executed DbCommand (1ms) [Parameters=[@__p_0='?' (Size = 450), @__p_1='?' (Size = 450)], CommandType='"Text"', CommandTimeout='30']
SELECT TOP(1) [a].[UserId], [a].[RoleId]
FROM [AspNetUserRoles] AS [a]
WHERE [a].[UserId] = @__p_0 AND [a].[RoleId] = @__p_1
2025-08-09 17:49:46.349 -06:00 [INF] Executed DbCommand (1ms) [Parameters=[@__normalizedEmail_0='?' (Size = 256)], CommandType='"Text"', CommandTimeout='30']
SELECT TOP(2) [a].[Id], [a].[AccessFailedCount], [a].[ConcurrencyStamp], [a].[Email], [a].[EmailConfirmed], [a].[LockoutEnabled], [a].[LockoutEnd], [a].[NormalizedEmail], [a].[NormalizedUserName], [a].[PasswordHash], [a].[PhoneNumber], [a].[PhoneNumberConfirmed], [a].[SecurityStamp], [a].[TwoFactorEnabled], [a].[UserName]
FROM [AspNetUsers] AS [a]
WHERE [a].[NormalizedEmail] = @__normalizedEmail_0
2025-08-09 17:49:46.354 -06:00 [INF] Executed DbCommand (1ms) [Parameters=[@__normalizedRoleName_0='?' (Size = 256)], CommandType='"Text"', CommandTimeout='30']
SELECT TOP(2) [a].[Id], [a].[ConcurrencyStamp], [a].[Name], [a].[NormalizedName]
FROM [AspNetRoles] AS [a]
WHERE [a].[NormalizedName] = @__normalizedRoleName_0
2025-08-09 17:49:46.359 -06:00 [INF] Executed DbCommand (1ms) [Parameters=[@__p_0='?' (Size = 450), @__p_1='?' (Size = 450)], CommandType='"Text"', CommandTimeout='30']
SELECT TOP(1) [a].[UserId], [a].[RoleId]
FROM [AspNetUserRoles] AS [a]
WHERE [a].[UserId] = @__p_0 AND [a].[RoleId] = @__p_1
2025-08-09 17:49:47.310 -06:00 [INF] Now listening on: http://localhost:5116
2025-08-09 17:49:47.572 -06:00 [INF] Application started. Press Ctrl+C to shut down.
2025-08-09 17:49:47.576 -06:00 [INF] Hosting environment: Development
2025-08-09 17:49:47.580 -06:00 [INF] Content root path: C:\Users\hoshu\OneDrive\Desktop\ProyectoAnalisisDeSistemas-master\ProyectoAnalisisDeSistemas-master\PaginaBizu
2025-08-09 17:49:48.976 -06:00 [INF] Request starting HTTP/1.1 GET http://localhost:5116/ - null null
2025-08-09 17:49:49.491 -06:00 [WRN] Failed to determine the https port for redirect.
2025-08-09 17:49:49.592 -06:00 [INF] Executing endpoint 'PaginaBizu.Controllers.HomeController.Index (PaginaBizu)'
2025-08-09 17:49:49.638 -06:00 [INF] Route matched with {action = "Index", controller = "Home", page = "", area = ""}. Executing controller action with signature Microsoft.AspNetCore.Mvc.IActionResult Index() on controller PaginaBizu.Controllers.HomeController (PaginaBizu).
2025-08-09 17:49:49.661 -06:00 [INF] ➡️ Acción ejecutándose: Home/Index | Usuario: No autenticado | IP: ::1 | Hora: "2025-08-09T17:49:49.6610172-06:00"
2025-08-09 17:49:49.673 -06:00 [INF] ✅ Acción ejecutada: Home/Index | Hora: "2025-08-09T17:49:49.6732401-06:00"
2025-08-09 17:49:49.692 -06:00 [INF] Executing ViewResult, running view Index.
2025-08-09 17:49:49.911 -06:00 [INF] Executed ViewResult - view Index executed in 222.8366ms.
2025-08-09 17:49:49.918 -06:00 [INF] Executed action PaginaBizu.Controllers.HomeController.Index (PaginaBizu) in 272.3494ms
2025-08-09 17:49:49.924 -06:00 [INF] Executed endpoint 'PaginaBizu.Controllers.HomeController.Index (PaginaBizu)'
2025-08-09 17:49:49.942 -06:00 [INF] Request finished HTTP/1.1 GET http://localhost:5116/ - 200 null text/html; charset=utf-8 1023.159ms
2025-08-09 17:49:50.024 -06:00 [INF] Request starting HTTP/1.1 GET http://localhost:5116/css/style.css - null null
2025-08-09 17:49:50.041 -06:00 [INF] Request starting HTTP/1.1 GET http://localhost:5116/assets/bootstrap/css/bootstrap.min.css - null null
2025-08-09 17:49:50.077 -06:00 [INF] Request starting HTTP/1.1 GET http://localhost:5116/assets/css/vanilla-zoom.min.css - null null
2025-08-09 17:49:50.150 -06:00 [INF] Request starting HTTP/1.1 GET http://localhost:5116/css/glow-form.css - null null
2025-08-09 17:49:50.148 -06:00 [INF] Request starting HTTP/1.1 GET http://localhost:5116/assets/fonts/simple-line-icons.min.css - null null
2025-08-09 17:49:50.106 -06:00 [INF] The file /assets/bootstrap/css/bootstrap.min.css was not modified
2025-08-09 17:49:50.079 -06:00 [INF] The file /css/style.css was not modified
2025-08-09 17:49:50.093 -06:00 [INF] Request starting HTTP/1.1 GET http://localhost:5116/assets/css/baguetteBox.min.css - null null
2025-08-09 17:49:50.207 -06:00 [INF] The file /assets/css/vanilla-zoom.min.css was not modified
2025-08-09 17:49:50.225 -06:00 [INF] The file /css/glow-form.css was not modified
2025-08-09 17:49:50.250 -06:00 [INF] The file /assets/fonts/simple-line-icons.min.css was not modified
2025-08-09 17:49:50.273 -06:00 [INF] Request finished HTTP/1.1 GET http://localhost:5116/assets/bootstrap/css/bootstrap.min.css - 304 null text/css 232.4407ms
2025-08-09 17:49:50.278 -06:00 [INF] Request finished HTTP/1.1 GET http://localhost:5116/css/style.css - 304 null text/css 255.2313ms
2025-08-09 17:49:50.290 -06:00 [INF] The file /assets/css/baguetteBox.min.css was not modified
2025-08-09 17:49:50.293 -06:00 [INF] Request finished HTTP/1.1 GET http://localhost:5116/assets/css/vanilla-zoom.min.css - 304 null text/css 216.6528ms
2025-08-09 17:49:50.298 -06:00 [INF] Request finished HTTP/1.1 GET http://localhost:5116/css/glow-form.css - 304 null text/css 147.6966ms
2025-08-09 17:49:50.302 -06:00 [INF] Request finished HTTP/1.1 GET http://localhost:5116/assets/fonts/simple-line-icons.min.css - 304 null text/css 154.2339ms
2025-08-09 17:49:50.335 -06:00 [INF] Request finished HTTP/1.1 GET http://localhost:5116/assets/css/baguetteBox.min.css - 304 null text/css 242.1649ms
2025-08-09 17:49:50.390 -06:00 [INF] Request starting HTTP/1.1 GET http://localhost:5116/assets/img/scenery/61-HMICpUTL._AC_UY1000_.jpg - null null
2025-08-09 17:49:50.404 -06:00 [INF] Request starting HTTP/1.1 GET http://localhost:5116/assets/img/scenery/66824523eb89f54aaf11e243-gold-bracelets-for-women-18k-gold-plated.jpg - null null
2025-08-09 17:49:50.416 -06:00 [INF] The file /assets/img/scenery/61-HMICpUTL._AC_UY1000_.jpg was not modified
2025-08-09 17:49:50.427 -06:00 [INF] The file /assets/img/scenery/66824523eb89f54aaf11e243-gold-bracelets-for-women-18k-gold-plated.jpg was not modified
2025-08-09 17:49:50.430 -06:00 [INF] Request finished HTTP/1.1 GET http://localhost:5116/assets/img/scenery/61-HMICpUTL._AC_UY1000_.jpg - 304 null image/jpeg 39.7364ms
2025-08-09 17:49:50.434 -06:00 [INF] Request finished HTTP/1.1 GET http://localhost:5116/assets/img/scenery/66824523eb89f54aaf11e243-gold-bracelets-for-women-18k-gold-plated.jpg - 304 null image/jpeg 29.7167ms
2025-08-09 17:49:51.235 -06:00 [INF] Request starting HTTP/1.1 GET http://localhost:5116/assets/img/scenery/pulsera-aine-stone-gold.jpg - null null
2025-08-09 17:49:51.235 -06:00 [INF] Request starting HTTP/1.1 GET http://localhost:5116/assets/img/scenery/09a84a043cf1b58d59b0e39a12c60491.jpg - null null
2025-08-09 17:49:51.235 -06:00 [INF] Request starting HTTP/1.1 GET http://localhost:5116/assets/js/baguetteBox.min.js - null null
2025-08-09 17:49:51.236 -06:00 [INF] Request starting HTTP/1.1 GET http://localhost:5116/assets/img/scenery/il_570xN.2179198790_o9bo.jpeg - null null
2025-08-09 17:49:51.237 -06:00 [INF] Request starting HTTP/1.1 GET http://localhost:5116/assets/js/vanilla-zoom.js - null null
2025-08-09 17:49:51.237 -06:00 [INF] Request starting HTTP/1.1 GET http://localhost:5116/assets/js/theme.js - null null
2025-08-09 17:49:51.252 -06:00 [INF] The file /assets/img/scenery/pulsera-aine-stone-gold.jpg was not modified
2025-08-09 17:49:51.259 -06:00 [INF] The file /assets/img/scenery/09a84a043cf1b58d59b0e39a12c60491.jpg was not modified
2025-08-09 17:49:51.269 -06:00 [INF] The file /assets/js/baguetteBox.min.js was not modified
2025-08-09 17:49:51.282 -06:00 [INF] The file /assets/img/scenery/il_570xN.2179198790_o9bo.jpeg was not modified
2025-08-09 17:49:51.293 -06:00 [INF] The file /assets/js/vanilla-zoom.js was not modified
2025-08-09 17:49:51.308 -06:00 [INF] The file /assets/js/theme.js was not modified
2025-08-09 17:49:51.315 -06:00 [INF] Request finished HTTP/1.1 GET http://localhost:5116/assets/img/scenery/pulsera-aine-stone-gold.jpg - 304 null image/jpeg 79.7945ms
2025-08-09 17:49:51.322 -06:00 [INF] Request finished HTTP/1.1 GET http://localhost:5116/assets/img/scenery/09a84a043cf1b58d59b0e39a12c60491.jpg - 304 null image/jpeg 86.8123ms
2025-08-09 17:49:51.340 -06:00 [INF] Request finished HTTP/1.1 GET http://localhost:5116/assets/js/vanilla-zoom.js - 304 null text/javascript 103.3859ms
2025-08-09 17:49:51.333 -06:00 [INF] Request finished HTTP/1.1 GET http://localhost:5116/assets/img/scenery/il_570xN.2179198790_o9bo.jpeg - 304 null image/jpeg 98.0625ms
2025-08-09 17:49:51.343 -06:00 [INF] Request finished HTTP/1.1 GET http://localhost:5116/assets/js/theme.js - 304 null text/javascript 106.6338ms
2025-08-09 17:49:51.359 -06:00 [INF] Request starting HTTP/1.1 GET http://localhost:5116/css/tailwindcss - null null
2025-08-09 17:49:51.329 -06:00 [INF] Request finished HTTP/1.1 GET http://localhost:5116/assets/js/baguetteBox.min.js - 304 null text/javascript 93.4197ms
2025-08-09 17:49:51.394 -06:00 [INF] Request starting HTTP/1.1 GET http://localhost:5116/assets/img/scenery/17001222879e9360ad6ad00d7ff0a6b62437cfbf97_thumbnail_720x.jpg - null null
2025-08-09 17:49:51.386 -06:00 [INF] Request starting HTTP/1.1 GET http://localhost:5116/images/bg.png - null null
2025-08-09 17:49:51.401 -06:00 [INF] Request starting HTTP/1.1 GET http://localhost:5116/_vs/browserLink - null null
2025-08-09 17:49:51.410 -06:00 [INF] Request starting HTTP/1.1 GET http://localhost:5116/_framework/aspnetcore-browser-refresh.js - null null
2025-08-09 17:49:51.427 -06:00 [INF] Request finished HTTP/1.1 GET http://localhost:5116/css/tailwindcss - 404 0 null 68.043ms
2025-08-09 17:49:51.438 -06:00 [INF] The file /assets/img/scenery/17001222879e9360ad6ad00d7ff0a6b62437cfbf97_thumbnail_720x.jpg was not modified
2025-08-09 17:49:51.458 -06:00 [INF] Request finished HTTP/1.1 GET http://localhost:5116/images/bg.png - 404 0 null 72.5266ms
2025-08-09 17:49:51.496 -06:00 [INF] Request finished HTTP/1.1 GET http://localhost:5116/assets/img/scenery/17001222879e9360ad6ad00d7ff0a6b62437cfbf97_thumbnail_720x.jpg - 304 null image/jpeg 101.2376ms
2025-08-09 17:49:51.522 -06:00 [INF] Request reached the end of the middleware pipeline without being handled by application code. Request path: GET http://localhost:5116/images/bg.png, Response status code: 404
2025-08-09 17:49:51.537 -06:00 [INF] Request starting HTTP/1.1 GET http://localhost:5116/assets/fonts/Simple-Line-Icons.woff2?v=2.4.0 - null null
2025-08-09 17:49:51.471 -06:00 [INF] Request finished HTTP/1.1 GET http://localhost:5116/_framework/aspnetcore-browser-refresh.js - 200 16505 application/javascript; charset=utf-8 61.0114ms
2025-08-09 17:49:51.494 -06:00 [INF] Request reached the end of the middleware pipeline without being handled by application code. Request path: GET http://localhost:5116/css/tailwindcss, Response status code: 404
2025-08-09 17:49:51.562 -06:00 [INF] The file /assets/fonts/Simple-Line-Icons.woff2 was not modified
2025-08-09 17:49:51.617 -06:00 [INF] Request starting HTTP/1.1 GET http://localhost:5116/assets/img/depositphotos_5028610-stock-photo-beautiful-woman.jpg - null null
2025-08-09 17:49:51.624 -06:00 [INF] Request finished HTTP/1.1 GET http://localhost:5116/assets/fonts/Simple-Line-Icons.woff2?v=2.4.0 - 304 null font/woff2 86.7099ms
2025-08-09 17:49:51.677 -06:00 [INF] Request finished HTTP/1.1 GET http://localhost:5116/_vs/browserLink - 200 null text/javascript; charset=UTF-8 275.8689ms
2025-08-09 17:49:51.682 -06:00 [INF] The file /assets/img/depositphotos_5028610-stock-photo-beautiful-woman.jpg was not modified
2025-08-09 17:49:51.731 -06:00 [INF] Request finished HTTP/1.1 GET http://localhost:5116/assets/img/depositphotos_5028610-stock-photo-beautiful-woman.jpg - 304 null image/jpeg 114.035ms
2025-08-09 17:50:21.732 -06:00 [INF] User profile is available. Using 'C:\Users\hoshu\AppData\Local\ASP.NET\DataProtection-Keys' as key repository and Windows DPAPI to encrypt keys at rest.
2025-08-09 17:50:22.316 -06:00 [WRN] No store type was specified for the decimal property 'Total' on entity type 'Order'. This will cause values to be silently truncated if they do not fit in the default precision and scale. Explicitly specify the SQL server column type that can accommodate all the values in 'OnModelCreating' using 'HasColumnType', specify precision and scale using 'HasPrecision', or configure a value converter using 'HasConversion'.
2025-08-09 17:50:22.321 -06:00 [WRN] No store type was specified for the decimal property 'PrecioUnitario' on entity type 'OrderDetail'. This will cause values to be silently truncated if they do not fit in the default precision and scale. Explicitly specify the SQL server column type that can accommodate all the values in 'OnModelCreating' using 'HasColumnType', specify precision and scale using 'HasPrecision', or configure a value converter using 'HasConversion'.
2025-08-09 17:50:22.324 -06:00 [WRN] No store type was specified for the decimal property 'Precio' on entity type 'Product'. This will cause values to be silently truncated if they do not fit in the default precision and scale. Explicitly specify the SQL server column type that can accommodate all the values in 'OnModelCreating' using 'HasColumnType', specify precision and scale using 'HasPrecision', or configure a value converter using 'HasConversion'.
2025-08-09 17:50:23.104 -06:00 [INF] Executed DbCommand (66ms) [Parameters=[@__normalizedName_0='?' (Size = 256)], CommandType='"Text"', CommandTimeout='30']
SELECT TOP(1) [a].[Id], [a].[ConcurrencyStamp], [a].[Name], [a].[NormalizedName]
FROM [AspNetRoles] AS [a]
WHERE [a].[NormalizedName] = @__normalizedName_0
2025-08-09 17:50:23.195 -06:00 [INF] Executed DbCommand (12ms) [Parameters=[@__normalizedEmail_0='?' (Size = 256)], CommandType='"Text"', CommandTimeout='30']
SELECT TOP(2) [a].[Id], [a].[AccessFailedCount], [a].[ConcurrencyStamp], [a].[Email], [a].[EmailConfirmed], [a].[LockoutEnabled], [a].[LockoutEnd], [a].[NormalizedEmail], [a].[NormalizedUserName], [a].[PasswordHash], [a].[PhoneNumber], [a].[PhoneNumberConfirmed], [a].[SecurityStamp], [a].[TwoFactorEnabled], [a].[UserName]
FROM [AspNetUsers] AS [a]
WHERE [a].[NormalizedEmail] = @__normalizedEmail_0
2025-08-09 17:50:23.251 -06:00 [INF] Executed DbCommand (3ms) [Parameters=[@__normalizedRoleName_0='?' (Size = 256)], CommandType='"Text"', CommandTimeout='30']
SELECT TOP(2) [a].[Id], [a].[ConcurrencyStamp], [a].[Name], [a].[NormalizedName]
FROM [AspNetRoles] AS [a]
WHERE [a].[NormalizedName] = @__normalizedRoleName_0
2025-08-09 17:50:23.287 -06:00 [INF] Executed DbCommand (6ms) [Parameters=[@__p_0='?' (Size = 450), @__p_1='?' (Size = 450)], CommandType='"Text"', CommandTimeout='30']
SELECT TOP(1) [a].[UserId], [a].[RoleId]
FROM [AspNetUserRoles] AS [a]
WHERE [a].[UserId] = @__p_0 AND [a].[RoleId] = @__p_1
2025-08-09 17:50:23.305 -06:00 [INF] Executed DbCommand (1ms) [Parameters=[@__normalizedEmail_0='?' (Size = 256)], CommandType='"Text"', CommandTimeout='30']
SELECT TOP(2) [a].[Id], [a].[AccessFailedCount], [a].[ConcurrencyStamp], [a].[Email], [a].[EmailConfirmed], [a].[LockoutEnabled], [a].[LockoutEnd], [a].[NormalizedEmail], [a].[NormalizedUserName], [a].[PasswordHash], [a].[PhoneNumber], [a].[PhoneNumberConfirmed], [a].[SecurityStamp], [a].[TwoFactorEnabled], [a].[UserName]
FROM [AspNetUsers] AS [a]
WHERE [a].[NormalizedEmail] = @__normalizedEmail_0
2025-08-09 17:50:23.314 -06:00 [INF] Executed DbCommand (2ms) [Parameters=[@__normalizedRoleName_0='?' (Size = 256)], CommandType='"Text"', CommandTimeout='30']
SELECT TOP(2) [a].[Id], [a].[ConcurrencyStamp], [a].[Name], [a].[NormalizedName]
FROM [AspNetRoles] AS [a]
WHERE [a].[NormalizedName] = @__normalizedRoleName_0
2025-08-09 17:50:23.321 -06:00 [INF] Executed DbCommand (2ms) [Parameters=[@__p_0='?' (Size = 450), @__p_1='?' (Size = 450)], CommandType='"Text"', CommandTimeout='30']
SELECT TOP(1) [a].[UserId], [a].[RoleId]
FROM [AspNetUserRoles] AS [a]
WHERE [a].[UserId] = @__p_0 AND [a].[RoleId] = @__p_1
2025-08-09 17:50:23.326 -06:00 [INF] Executed DbCommand (1ms) [Parameters=[@__normalizedEmail_0='?' (Size = 256)], CommandType='"Text"', CommandTimeout='30']
SELECT TOP(2) [a].[Id], [a].[AccessFailedCount], [a].[ConcurrencyStamp], [a].[Email], [a].[EmailConfirmed], [a].[LockoutEnabled], [a].[LockoutEnd], [a].[NormalizedEmail], [a].[NormalizedUserName], [a].[PasswordHash], [a].[PhoneNumber], [a].[PhoneNumberConfirmed], [a].[SecurityStamp], [a].[TwoFactorEnabled], [a].[UserName]
FROM [AspNetUsers] AS [a]
WHERE [a].[NormalizedEmail] = @__normalizedEmail_0
2025-08-09 17:50:23.332 -06:00 [INF] Executed DbCommand (1ms) [Parameters=[@__normalizedRoleName_0='?' (Size = 256)], CommandType='"Text"', CommandTimeout='30']
SELECT TOP(2) [a].[Id], [a].[ConcurrencyStamp], [a].[Name], [a].[NormalizedName]
FROM [AspNetRoles] AS [a]
WHERE [a].[NormalizedName] = @__normalizedRoleName_0
2025-08-09 17:50:23.337 -06:00 [INF] Executed DbCommand (1ms) [Parameters=[@__p_0='?' (Size = 450), @__p_1='?' (Size = 450)], CommandType='"Text"', CommandTimeout='30']
SELECT TOP(1) [a].[UserId], [a].[RoleId]
FROM [AspNetUserRoles] AS [a]
WHERE [a].[UserId] = @__p_0 AND [a].[RoleId] = @__p_1
2025-08-09 17:50:23.679 -06:00 [INF] Now listening on: http://localhost:5116
2025-08-09 17:50:23.756 -06:00 [INF] Application started. Press Ctrl+C to shut down.
2025-08-09 17:50:23.767 -06:00 [INF] Hosting environment: Development
2025-08-09 17:50:23.770 -06:00 [INF] Content root path: C:\Users\hoshu\OneDrive\Desktop\ProyectoAnalisisDeSistemas-master\ProyectoAnalisisDeSistemas-master\PaginaBizu
2025-08-09 17:50:24.109 -06:00 [INF] Request starting HTTP/1.1 GET http://localhost:5116/ - null null
2025-08-09 17:50:24.298 -06:00 [WRN] Failed to determine the https port for redirect.
2025-08-09 17:50:24.354 -06:00 [INF] Executing endpoint 'PaginaBizu.Controllers.HomeController.Index (PaginaBizu)'
2025-08-09 17:50:24.377 -06:00 [INF] Route matched with {action = "Index", controller = "Home", page = "", area = ""}. Executing controller action with signature Microsoft.AspNetCore.Mvc.IActionResult Index() on controller PaginaBizu.Controllers.HomeController (PaginaBizu).
2025-08-09 17:50:24.394 -06:00 [INF] ➡️ Acción ejecutándose: Home/Index | Usuario: No autenticado | IP: ::1 | Hora: "2025-08-09T17:50:24.3938935-06:00"
2025-08-09 17:50:24.403 -06:00 [INF] ✅ Acción ejecutada: Home/Index | Hora: "2025-08-09T17:50:24.4035504-06:00"
2025-08-09 17:50:24.417 -06:00 [INF] Executing ViewResult, running view Index.
2025-08-09 17:50:24.514 -06:00 [INF] Executed ViewResult - view Index executed in 99.7792ms.
2025-08-09 17:50:24.520 -06:00 [INF] Executed action PaginaBizu.Controllers.HomeController.Index (PaginaBizu) in 132.233ms
2025-08-09 17:50:24.523 -06:00 [INF] Executed endpoint 'PaginaBizu.Controllers.HomeController.Index (PaginaBizu)'
2025-08-09 17:50:24.541 -06:00 [INF] Request finished HTTP/1.1 GET http://localhost:5116/ - 200 null text/html; charset=utf-8 446.769ms
2025-08-09 17:50:25.153 -06:00 [INF] Request starting HTTP/1.1 GET http://localhost:5116/images/bg.png - null null
2025-08-09 17:50:25.153 -06:00 [INF] Request starting HTTP/1.1 GET http://localhost:5116/_framework/aspnetcore-browser-refresh.js - null null
2025-08-09 17:50:25.159 -06:00 [INF] Request starting HTTP/1.1 GET http://localhost:5116/_vs/browserLink - null null
2025-08-09 17:50:25.176 -06:00 [INF] Request starting HTTP/1.1 GET http://localhost:5116/css/tailwindcss - null null
2025-08-09 17:50:25.202 -06:00 [INF] Request finished HTTP/1.1 GET http://localhost:5116/_framework/aspnetcore-browser-refresh.js - 200 16505 application/javascript; charset=utf-8 49.6217ms
2025-08-09 17:50:25.202 -06:00 [INF] Request finished HTTP/1.1 GET http://localhost:5116/images/bg.png - 404 0 null 49.5429ms
2025-08-09 17:50:25.235 -06:00 [INF] Request finished HTTP/1.1 GET http://localhost:5116/css/tailwindcss - 404 0 null 60.0029ms
2025-08-09 17:50:25.271 -06:00 [INF] Request reached the end of the middleware pipeline without being handled by application code. Request path: GET http://localhost:5116/images/bg.png, Response status code: 404
2025-08-09 17:50:25.280 -06:00 [INF] Request reached the end of the middleware pipeline without being handled by application code. Request path: GET http://localhost:5116/css/tailwindcss, Response status code: 404
2025-08-09 17:50:25.318 -06:00 [INF] Request finished HTTP/1.1 GET http://localhost:5116/_vs/browserLink - 200 null text/javascript; charset=UTF-8 159.1684ms
2025-08-09 18:00:16.543 -06:00 [INF] Request starting HTTP/1.1 GET http://localhost:5116/Account/Login - null null
2025-08-09 18:00:16.581 -06:00 [INF] Executing endpoint 'PaginaBizu.Controllers.AccountController.Login (PaginaBizu)'
2025-08-09 18:00:16.587 -06:00 [INF] Route matched with {action = "Login", controller = "Account", page = "", area = ""}. Executing controller action with signature Microsoft.AspNetCore.Mvc.IActionResult Login() on controller PaginaBizu.Controllers.AccountController (PaginaBizu).
2025-08-09 18:00:16.600 -06:00 [INF] ➡️ Acción ejecutándose: Account/Login | Usuario: No autenticado | IP: ::1 | Hora: "2025-08-09T18:00:16.6000231-06:00"
2025-08-09 18:00:16.606 -06:00 [INF] ✅ Acción ejecutada: Account/Login | Hora: "2025-08-09T18:00:16.6064003-06:00"
2025-08-09 18:00:16.610 -06:00 [INF] Executing ViewResult, running view ~/Views/Shared/_LoginPartialUser.cshtml.
2025-08-09 18:00:16.687 -06:00 [INF] Executed ViewResult - view ~/Views/Shared/_LoginPartialUser.cshtml executed in 77.7732ms.
2025-08-09 18:00:16.693 -06:00 [INF] Executed action PaginaBizu.Controllers.AccountController.Login (PaginaBizu) in 101.9816ms
2025-08-09 18:00:16.699 -06:00 [INF] Executed endpoint 'PaginaBizu.Controllers.AccountController.Login (PaginaBizu)'
2025-08-09 18:00:16.705 -06:00 [INF] Request finished HTTP/1.1 GET http://localhost:5116/Account/Login - 200 null text/html; charset=utf-8 163.1471ms
2025-08-09 18:00:16.769 -06:00 [INF] Request starting HTTP/1.1 GET http://localhost:5116/_framework/aspnetcore-browser-refresh.js - null null
2025-08-09 18:00:16.771 -06:00 [INF] Request starting HTTP/1.1 GET http://localhost:5116/lib/bootstrap/dist/css/bootstrap.min.css - null null
2025-08-09 18:00:16.779 -06:00 [INF] Request starting HTTP/1.1 GET http://localhost:5116/lib/jquery/dist/jquery.min.js - null null
2025-08-09 18:00:16.782 -06:00 [INF] Request starting HTTP/1.1 GET http://localhost:5116/css/gucci-style.css - null null
2025-08-09 18:00:16.793 -06:00 [INF] Request starting HTTP/1.1 GET http://localhost:5116/PaginaBizu.styles.css?v=u2o_07VtSGrZO3WxHAXzvZBevI20fzSZge8oUb78F-4 - null null
2025-08-09 18:00:16.778 -06:00 [INF] Request finished HTTP/1.1 GET http://localhost:5116/_framework/aspnetcore-browser-refresh.js - 200 16505 application/javascript; charset=utf-8 9.3514ms
2025-08-09 18:00:16.793 -06:00 [INF] Request starting HTTP/1.1 GET http://localhost:5116/css/site.css?v=tq5MmRYVOxTwKBolobLEVhlycV0HPFnVWGBXwwh-KzE - null null
2025-08-09 18:00:16.809 -06:00 [INF] The file /lib/jquery/dist/jquery.min.js was not modified
2025-08-09 18:00:16.809 -06:00 [INF] The file /lib/bootstrap/dist/css/bootstrap.min.css was not modified
2025-08-09 18:00:16.836 -06:00 [INF] Request finished HTTP/1.1 GET http://localhost:5116/lib/jquery/dist/jquery.min.js - 304 null text/javascript 57.1431ms
2025-08-09 18:00:16.812 -06:00 [INF] The file /css/gucci-style.css was not modified
2025-08-09 18:00:16.818 -06:00 [INF] The file /PaginaBizu.styles.css was not modified
2025-08-09 18:00:16.843 -06:00 [INF] Request finished HTTP/1.1 GET http://localhost:5116/lib/bootstrap/dist/css/bootstrap.min.css - 304 null text/css 72.6427ms
2025-08-09 18:00:16.827 -06:00 [INF] Request starting HTTP/1.1 GET http://localhost:5116/lib/bootstrap/dist/js/bootstrap.bundle.min.js - null null
2025-08-09 18:00:16.833 -06:00 [INF] The file /css/site.css was not modified
2025-08-09 18:00:16.863 -06:00 [INF] Request starting HTTP/1.1 GET http://localhost:5116/js/shop.js - null null
2025-08-09 18:00:16.865 -06:00 [INF] Request finished HTTP/1.1 GET http://localhost:5116/css/gucci-style.css - 304 null text/css 83.5097ms
2025-08-09 18:00:16.868 -06:00 [INF] Request finished HTTP/1.1 GET http://localhost:5116/PaginaBizu.styles.css?v=u2o_07VtSGrZO3WxHAXzvZBevI20fzSZge8oUb78F-4 - 304 null text/css 76.2928ms
2025-08-09 18:00:16.876 -06:00 [INF] Request starting HTTP/1.1 GET http://localhost:5116/lib/jquery-validation/dist/jquery.validate.min.js - null null
2025-08-09 18:00:16.881 -06:00 [INF] The file /lib/bootstrap/dist/js/bootstrap.bundle.min.js was not modified
2025-08-09 18:00:16.884 -06:00 [INF] Request finished HTTP/1.1 GET http://localhost:5116/css/site.css?v=tq5MmRYVOxTwKBolobLEVhlycV0HPFnVWGBXwwh-KzE - 304 null text/css 91.8337ms
2025-08-09 18:00:16.891 -06:00 [INF] The file /js/shop.js was not modified
2025-08-09 18:00:16.897 -06:00 [INF] Request starting HTTP/1.1 GET http://localhost:5116/lib/jquery-validation-unobtrusive/jquery.validate.unobtrusive.min.js - null null
2025-08-09 18:00:16.908 -06:00 [INF] Request starting HTTP/1.1 GET http://localhost:5116/js/login-validation.js - null null
2025-08-09 18:00:16.915 -06:00 [INF] The file /lib/jquery-validation/dist/jquery.validate.min.js was not modified
2025-08-09 18:00:16.918 -06:00 [INF] Request finished HTTP/1.1 GET http://localhost:5116/lib/bootstrap/dist/js/bootstrap.bundle.min.js - 304 null text/javascript 91.2043ms
2025-08-09 18:00:16.929 -06:00 [INF] Request finished HTTP/1.1 GET http://localhost:5116/js/shop.js - 304 null text/javascript 66.0329ms
2025-08-09 18:00:16.946 -06:00 [INF] The file /lib/jquery-validation-unobtrusive/jquery.validate.unobtrusive.min.js was not modified
2025-08-09 18:00:16.955 -06:00 [INF] The file /js/login-validation.js was not modified
2025-08-09 18:00:16.958 -06:00 [INF] Request finished HTTP/1.1 GET http://localhost:5116/lib/jquery-validation/dist/jquery.validate.min.js - 304 null text/javascript 82.1589ms
2025-08-09 18:00:16.979 -06:00 [INF] Request finished HTTP/1.1 GET http://localhost:5116/lib/jquery-validation-unobtrusive/jquery.validate.unobtrusive.min.js - 304 null text/javascript 82.8801ms
2025-08-09 18:00:16.984 -06:00 [INF] Request finished HTTP/1.1 GET http://localhost:5116/js/login-validation.js - 304 null text/javascript 75.7685ms
2025-08-09 18:00:17.328 -06:00 [INF] Request starting HTTP/1.1 GET http://localhost:5116/_vs/browserLink - null null
2025-08-09 18:00:17.348 -06:00 [INF] Request starting HTTP/1.1 GET http://localhost:5116/css/tailwindcss - null null
2025-08-09 18:00:17.355 -06:00 [INF] Request finished HTTP/1.1 GET http://localhost:5116/css/tailwindcss - 404 0 null 7.2363ms
2025-08-09 18:00:17.364 -06:00 [INF] Request reached the end of the middleware pipeline without being handled by application code. Request path: GET http://localhost:5116/css/tailwindcss, Response status code: 404
2025-08-09 18:00:17.369 -06:00 [INF] Request finished HTTP/1.1 GET http://localhost:5116/_vs/browserLink - 200 null text/javascript; charset=UTF-8 41.8554ms
2025-08-09 18:00:17.408 -06:00 [INF] Request starting HTTP/1.1 GET http://localhost:5116/Cart/CartCount - null null
2025-08-09 18:00:17.414 -06:00 [INF] Executing endpoint 'PaginaBizu.Controllers.CartController.CartCount (PaginaBizu)'
2025-08-09 18:00:17.421 -06:00 [INF] Route matched with {action = "CartCount", controller = "Cart", page = "", area = ""}. Executing controller action with signature Microsoft.AspNetCore.Mvc.IActionResult CartCount() on controller PaginaBizu.Controllers.CartController (PaginaBizu).
2025-08-09 18:00:17.426 -06:00 [INF] ➡️ Acción ejecutándose: Cart/CartCount | Usuario: No autenticado | IP: ::1 | Hora: "2025-08-09T18:00:17.4265915-06:00"
2025-08-09 18:00:17.437 -06:00 [INF] ✅ Acción ejecutada: Cart/CartCount | Hora: "2025-08-09T18:00:17.4379066-06:00"
2025-08-09 18:00:17.442 -06:00 [INF] Executing JsonResult, writing value of type 'System.Int32'.
2025-08-09 18:00:17.455 -06:00 [INF] Executed action PaginaBizu.Controllers.CartController.CartCount (PaginaBizu) in 29.7801ms
2025-08-09 18:00:17.456 -06:00 [INF] Request starting HTTP/1.1 GET http://localhost:5116/Cart/CartCount - null null
2025-08-09 18:00:17.458 -06:00 [INF] Executed endpoint 'PaginaBizu.Controllers.CartController.CartCount (PaginaBizu)'
2025-08-09 18:00:17.464 -06:00 [INF] Executing endpoint 'PaginaBizu.Controllers.CartController.CartCount (PaginaBizu)'
2025-08-09 18:00:17.465 -06:00 [INF] Request finished HTTP/1.1 GET http://localhost:5116/Cart/CartCount - 200 null application/json; charset=utf-8 57.3019ms
2025-08-09 18:00:17.469 -06:00 [INF] Route matched with {action = "CartCount", controller = "Cart", page = "", area = ""}. Executing controller action with signature Microsoft.AspNetCore.Mvc.IActionResult CartCount() on controller PaginaBizu.Controllers.CartController (PaginaBizu).
2025-08-09 18:00:17.481 -06:00 [INF] ➡️ Acción ejecutándose: Cart/CartCount | Usuario: No autenticado | IP: ::1 | Hora: "2025-08-09T18:00:17.4818678-06:00"
2025-08-09 18:00:17.491 -06:00 [INF] ✅ Acción ejecutada: Cart/CartCount | Hora: "2025-08-09T18:00:17.4919367-06:00"
2025-08-09 18:00:17.494 -06:00 [INF] Executing JsonResult, writing value of type 'System.Int32'.
2025-08-09 18:00:17.497 -06:00 [INF] Executed action PaginaBizu.Controllers.CartController.CartCount (PaginaBizu) in 16.1886ms
2025-08-09 18:00:17.500 -06:00 [INF] Executed endpoint 'PaginaBizu.Controllers.CartController.CartCount (PaginaBizu)'
2025-08-09 18:00:17.504 -06:00 [INF] Request finished HTTP/1.1 GET http://localhost:5116/Cart/CartCount - 200 null application/json; charset=utf-8 48.1484ms
2025-08-09 18:00:23.006 -06:00 [INF] Request starting HTTP/1.1 POST http://localhost:5116/Account/Login - application/x-www-form-urlencoded 238
2025-08-09 18:00:23.027 -06:00 [INF] Executing endpoint 'PaginaBizu.Controllers.AccountController.Login (PaginaBizu)'
2025-08-09 18:00:23.051 -06:00 [INF] Route matched with {action = "Login", controller = "Account", page = "", area = ""}. Executing controller action with signature System.Threading.Tasks.Task`1[Microsoft.AspNetCore.Mvc.IActionResult] Login(System.String, System.String, Boolean) on controller PaginaBizu.Controllers.AccountController (PaginaBizu).
2025-08-09 18:00:23.082 -06:00 [INF] ➡️ Acción ejecutándose: Account/Login | Usuario: No autenticado | IP: ::1 | Hora: "2025-08-09T18:00:23.0822103-06:00"
2025-08-09 18:00:23.178 -06:00 [INF] Executed DbCommand (21ms) [Parameters=[@__normalizedUserName_0='?' (Size = 256)], CommandType='"Text"', CommandTimeout='30']
SELECT TOP(1) [a].[Id], [a].[AccessFailedCount], [a].[ConcurrencyStamp], [a].[Email], [a].[EmailConfirmed], [a].[LockoutEnabled], [a].[LockoutEnd], [a].[NormalizedEmail], [a].[NormalizedUserName], [a].[PasswordHash], [a].[PhoneNumber], [a].[PhoneNumberConfirmed], [a].[SecurityStamp], [a].[TwoFactorEnabled], [a].[UserName]
FROM [AspNetUsers] AS [a]
WHERE [a].[NormalizedUserName] = @__normalizedUserName_0
2025-08-09 18:00:23.300 -06:00 [INF] Executed DbCommand (8ms) [Parameters=[@__user_Id_0='?' (Size = 450)], CommandType='"Text"', CommandTimeout='30']
SELECT [a].[Id], [a].[ClaimType], [a].[ClaimValue], [a].[UserId]
FROM [AspNetUserClaims] AS [a]
WHERE [a].[UserId] = @__user_Id_0
2025-08-09 18:00:23.334 -06:00 [INF] Executed DbCommand (11ms) [Parameters=[@__userId_0='?' (Size = 450)], CommandType='"Text"', CommandTimeout='30']
SELECT [a0].[Name]
FROM [AspNetUserRoles] AS [a]
INNER JOIN [AspNetRoles] AS [a0] ON [a].[RoleId] = [a0].[Id]
WHERE [a].[UserId] = @__userId_0
2025-08-09 18:00:23.346 -06:00 [INF] Executed DbCommand (4ms) [Parameters=[@__normalizedName_0='?' (Size = 256)], CommandType='"Text"', CommandTimeout='30']
SELECT TOP(1) [a].[Id], [a].[ConcurrencyStamp], [a].[Name], [a].[NormalizedName]
FROM [AspNetRoles] AS [a]
WHERE [a].[NormalizedName] = @__normalizedName_0
2025-08-09 18:00:23.364 -06:00 [INF] Executed DbCommand (6ms) [Parameters=[@__role_Id_0='?' (Size = 450)], CommandType='"Text"', CommandTimeout='30']
SELECT [a].[ClaimType], [a].[ClaimValue]
FROM [AspNetRoleClaims] AS [a]
WHERE [a].[RoleId] = @__role_Id_0
2025-08-09 18:00:23.378 -06:00 [INF] AuthenticationScheme: Identity.Application signed in.
2025-08-09 18:00:23.386 -06:00 [INF] ✅ Acción ejecutada: Account/Login | Hora: "2025-08-09T18:00:23.3860204-06:00"
2025-08-09 18:00:23.393 -06:00 [INF] Executing RedirectResult, redirecting to /.
2025-08-09 18:00:23.396 -06:00 [INF] Executed action PaginaBizu.Controllers.AccountController.Login (PaginaBizu) in 339.6952ms
2025-08-09 18:00:23.400 -06:00 [INF] Executed endpoint 'PaginaBizu.Controllers.AccountController.Login (PaginaBizu)'
2025-08-09 18:00:23.405 -06:00 [INF] Request finished HTTP/1.1 POST http://localhost:5116/Account/Login - 302 0 null 399.1807ms
2025-08-09 18:00:23.413 -06:00 [INF] Request starting HTTP/1.1 GET http://localhost:5116/ - null null
2025-08-09 18:00:23.424 -06:00 [INF] Executing endpoint 'PaginaBizu.Controllers.HomeController.Index (PaginaBizu)'
2025-08-09 18:00:23.425 -06:00 [INF] Route matched with {action = "Index", controller = "Home", page = "", area = ""}. Executing controller action with signature Microsoft.AspNetCore.Mvc.IActionResult Index() on controller PaginaBizu.Controllers.HomeController (PaginaBizu).
2025-08-09 18:00:23.428 -06:00 [INF] ➡️ Acción ejecutándose: Home/Index | Usuario: hoshuacastillo48@gmail.com | IP: ::1 | Hora: "2025-08-09T18:00:23.4285996-06:00"
2025-08-09 18:00:23.431 -06:00 [INF] ✅ Acción ejecutada: Home/Index | Hora: "2025-08-09T18:00:23.4312172-06:00"
2025-08-09 18:00:23.434 -06:00 [INF] Executing ViewResult, running view Index.
2025-08-09 18:00:23.478 -06:00 [INF] Executed DbCommand (8ms) [Parameters=[@__p_0='?' (Size = 450)], CommandType='"Text"', CommandTimeout='30']
SELECT TOP(1) [a].[Id], [a].[AccessFailedCount], [a].[ConcurrencyStamp], [a].[Email], [a].[EmailConfirmed], [a].[LockoutEnabled], [a].[LockoutEnd], [a].[NormalizedEmail], [a].[NormalizedUserName], [a].[PasswordHash], [a].[PhoneNumber], [a].[PhoneNumberConfirmed], [a].[SecurityStamp], [a].[TwoFactorEnabled], [a].[UserName]
FROM [AspNetUsers] AS [a]
WHERE [a].[Id] = @__p_0
2025-08-09 18:00:23.497 -06:00 [INF] Executed DbCommand (6ms) [Parameters=[@__userId_0='?' (Size = 450)], CommandType='"Text"', CommandTimeout='30']
SELECT [a0].[Name]
FROM [AspNetUserRoles] AS [a]
INNER JOIN [AspNetRoles] AS [a0] ON [a].[RoleId] = [a0].[Id]
WHERE [a].[UserId] = @__userId_0
2025-08-09 18:00:23.511 -06:00 [INF] Executed ViewResult - view Index executed in 77.4092ms.
2025-08-09 18:00:23.519 -06:00 [INF] Executed action PaginaBizu.Controllers.HomeController.Index (PaginaBizu) in 90.7563ms
2025-08-09 18:00:23.525 -06:00 [INF] Executed endpoint 'PaginaBizu.Controllers.HomeController.Index (PaginaBizu)'
2025-08-09 18:00:23.530 -06:00 [INF] Request finished HTTP/1.1 GET http://localhost:5116/ - 200 null text/html; charset=utf-8 117.7236ms
2025-08-09 18:00:23.857 -06:00 [INF] Request starting HTTP/1.1 GET http://localhost:5116/images/bg.png - null null
2025-08-09 18:00:23.858 -06:00 [INF] Request starting HTTP/1.1 GET http://localhost:5116/css/tailwindcss - null null
2025-08-09 18:00:23.867 -06:00 [INF] Request starting HTTP/1.1 GET http://localhost:5116/_framework/aspnetcore-browser-refresh.js - null null
2025-08-09 18:00:23.869 -06:00 [INF] Request starting HTTP/1.1 GET http://localhost:5116/_vs/browserLink - null null
2025-08-09 18:00:23.871 -06:00 [INF] Request finished HTTP/1.1 GET http://localhost:5116/images/bg.png - 404 0 null 13.53ms
2025-08-09 18:00:23.877 -06:00 [INF] Request finished HTTP/1.1 GET http://localhost:5116/css/tailwindcss - 404 0 null 18.8009ms
2025-08-09 18:00:23.880 -06:00 [INF] Request finished HTTP/1.1 GET http://localhost:5116/_framework/aspnetcore-browser-refresh.js - 200 16505 application/javascript; charset=utf-8 12.5805ms
2025-08-09 18:00:23.898 -06:00 [INF] Request finished HTTP/1.1 GET http://localhost:5116/_vs/browserLink - 200 null text/javascript; charset=UTF-8 28.4036ms
2025-08-09 18:00:23.901 -06:00 [INF] Request reached the end of the middleware pipeline without being handled by application code. Request path: GET http://localhost:5116/images/bg.png, Response status code: 404
2025-08-09 18:00:23.909 -06:00 [INF] Request reached the end of the middleware pipeline without being handled by application code. Request path: GET http://localhost:5116/css/tailwindcss, Response status code: 404
2025-08-09 18:00:26.893 -06:00 [INF] Request starting HTTP/1.1 GET http://localhost:5116/Products - null null
2025-08-09 18:00:26.911 -06:00 [INF] Executing endpoint 'PaginaBizu.Controllers.ProductsController.Index (PaginaBizu)'
2025-08-09 18:00:26.921 -06:00 [INF] Route matched with {action = "Index", controller = "Products", page = "", area = ""}. Executing controller action with signature System.Threading.Tasks.Task`1[Microsoft.AspNetCore.Mvc.IActionResult] Index() on controller PaginaBizu.Controllers.ProductsController (PaginaBizu).
2025-08-09 18:00:26.925 -06:00 [INF] ➡️ Acción ejecutándose: Products/Index | Usuario: hoshuacastillo48@gmail.com | IP: ::1 | Hora: "2025-08-09T18:00:26.9257865-06:00"
2025-08-09 18:00:26.949 -06:00 [INF] Executed DbCommand (9ms) [Parameters=[], CommandType='"Text"', CommandTimeout='30']
SELECT [p].[Id], [p].[CantidadDisponible], [p].[Categoria], [p].[Descripcion], [p].[FechaCreacion], [p].[ImagenUrl], [p].[NombreArticulo], [p].[Precio]
FROM [Products] AS [p]
2025-08-09 18:00:26.987 -06:00 [INF] ✅ Acción ejecutada: Products/Index | Hora: "2025-08-09T18:00:26.9878796-06:00"
2025-08-09 18:00:26.992 -06:00 [INF] Executing ViewResult, running view Index.
2025-08-09 18:00:27.023 -06:00 [INF] Executed ViewResult - view Index executed in 31.7729ms.
2025-08-09 18:00:27.027 -06:00 [INF] Executed action PaginaBizu.Controllers.ProductsController.Index (PaginaBizu) in 101.7595ms
2025-08-09 18:00:27.030 -06:00 [INF] Executed endpoint 'PaginaBizu.Controllers.ProductsController.Index (PaginaBizu)'
2025-08-09 18:00:27.034 -06:00 [INF] Request finished HTTP/1.1 GET http://localhost:5116/Products - 200 null text/html; charset=utf-8 141.3815ms
2025-08-09 18:00:27.081 -06:00 [INF] Request starting HTTP/1.1 GET http://localhost:5116/css/shop.css - null null
2025-08-09 18:00:27.093 -06:00 [INF] Request starting HTTP/1.1 GET http://localhost:5116/imagenpulseraoro.jpg - null null
2025-08-09 18:00:27.096 -06:00 [INF] The file /css/shop.css was not modified
2025-08-09 18:00:27.106 -06:00 [INF] Request starting HTTP/1.1 GET http://localhost:5116/pulseraverde.jpg - null null
2025-08-09 18:00:27.108 -06:00 [INF] Request finished HTTP/1.1 GET http://localhost:5116/imagenpulseraoro.jpg - 404 0 null 15.2458ms
2025-08-09 18:00:27.109 -06:00 [INF] Request finished HTTP/1.1 GET http://localhost:5116/css/shop.css - 304 null text/css 28.3192ms
2025-08-09 18:00:27.117 -06:00 [INF] Request finished HTTP/1.1 GET http://localhost:5116/pulseraverde.jpg - 404 0 null 10.6852ms
2025-08-09 18:00:27.124 -06:00 [INF] Request reached the end of the middleware pipeline without being handled by application code. Request path: GET http://localhost:5116/imagenpulseraoro.jpg, Response status code: 404
2025-08-09 18:00:27.143 -06:00 [INF] Request reached the end of the middleware pipeline without being handled by application code. Request path: GET http://localhost:5116/pulseraverde.jpg, Response status code: 404
2025-08-09 18:00:27.368 -06:00 [INF] Request starting HTTP/1.1 GET http://localhost:5116/imagenpulserrojo.jpg - null null
2025-08-09 18:00:27.372 -06:00 [INF] Request starting HTTP/1.1 GET http://localhost:5116/_framework/aspnetcore-browser-refresh.js - null null
2025-08-09 18:00:27.373 -06:00 [INF] Request starting HTTP/1.1 GET http://localhost:5116/_vs/browserLink - null null
2025-08-09 18:00:27.377 -06:00 [INF] Request finished HTTP/1.1 GET http://localhost:5116/imagenpulserrojo.jpg - 404 0 null 9.3706ms
2025-08-09 18:00:27.382 -06:00 [INF] Request finished HTTP/1.1 GET http://localhost:5116/_framework/aspnetcore-browser-refresh.js - 200 16505 application/javascript; charset=utf-8 9.9902ms
2025-08-09 18:00:27.396 -06:00 [INF] Request finished HTTP/1.1 GET http://localhost:5116/_vs/browserLink - 200 null text/javascript; charset=UTF-8 23.3416ms
2025-08-09 18:00:27.399 -06:00 [INF] Request reached the end of the middleware pipeline without being handled by application code. Request path: GET http://localhost:5116/imagenpulserrojo.jpg, Response status code: 404
2025-08-09 18:00:27.431 -06:00 [INF] Request starting HTTP/1.1 GET http://localhost:5116/Cart/CartCount - null null
2025-08-09 18:00:27.442 -06:00 [INF] Executing endpoint 'PaginaBizu.Controllers.CartController.CartCount (PaginaBizu)'
2025-08-09 18:00:27.449 -06:00 [INF] Route matched with {action = "CartCount", controller = "Cart", page = "", area = ""}. Executing controller action with signature Microsoft.AspNetCore.Mvc.IActionResult CartCount() on controller PaginaBizu.Controllers.CartController (PaginaBizu).
2025-08-09 18:00:27.460 -06:00 [INF] ➡️ Acción ejecutándose: Cart/CartCount | Usuario: hoshuacastillo48@gmail.com | IP: ::1 | Hora: "2025-08-09T18:00:27.4602438-06:00"
2025-08-09 18:00:27.467 -06:00 [INF] ✅ Acción ejecutada: Cart/CartCount | Hora: "2025-08-09T18:00:27.4669712-06:00"
2025-08-09 18:00:27.471 -06:00 [INF] Executing JsonResult, writing value of type 'System.Int32'.
2025-08-09 18:00:27.473 -06:00 [INF] Executed action PaginaBizu.Controllers.CartController.CartCount (PaginaBizu) in 13.5021ms
2025-08-09 18:00:27.474 -06:00 [INF] Request starting HTTP/1.1 GET http://localhost:5116/Cart/CartCount - null null
2025-08-09 18:00:27.476 -06:00 [INF] Executed endpoint 'PaginaBizu.Controllers.CartController.CartCount (PaginaBizu)'
2025-08-09 18:00:27.482 -06:00 [INF] Executing endpoint 'PaginaBizu.Controllers.CartController.CartCount (PaginaBizu)'
2025-08-09 18:00:27.483 -06:00 [INF] Request finished HTTP/1.1 GET http://localhost:5116/Cart/CartCount - 200 null application/json; charset=utf-8 51.7469ms
2025-08-09 18:00:27.486 -06:00 [INF] Route matched with {action = "CartCount", controller = "Cart", page = "", area = ""}. Executing controller action with signature Microsoft.AspNetCore.Mvc.IActionResult CartCount() on controller PaginaBizu.Controllers.CartController (PaginaBizu).
2025-08-09 18:00:27.497 -06:00 [INF] ➡️ Acción ejecutándose: Cart/CartCount | Usuario: hoshuacastillo48@gmail.com | IP: ::1 | Hora: "2025-08-09T18:00:27.4969481-06:00"
2025-08-09 18:00:27.501 -06:00 [INF] ✅ Acción ejecutada: Cart/CartCount | Hora: "2025-08-09T18:00:27.5011858-06:00"
2025-08-09 18:00:27.505 -06:00 [INF] Executing JsonResult, writing value of type 'System.Int32'.
2025-08-09 18:00:27.507 -06:00 [INF] Executed action PaginaBizu.Controllers.CartController.CartCount (PaginaBizu) in 10.8936ms
2025-08-09 18:00:27.510 -06:00 [INF] Executed endpoint 'PaginaBizu.Controllers.CartController.CartCount (PaginaBizu)'
2025-08-09 18:00:27.512 -06:00 [INF] Request finished HTTP/1.1 GET http://localhost:5116/Cart/CartCount - 200 null application/json; charset=utf-8 37.6844ms
2025-08-09 18:05:01.669 -06:00 [INF] Request starting HTTP/1.1 GET http://localhost:5116/ - null null
2025-08-09 18:05:01.698 -06:00 [INF] Executing endpoint 'PaginaBizu.Controllers.HomeController.Index (PaginaBizu)'
2025-08-09 18:05:01.704 -06:00 [INF] Route matched with {action = "Index", controller = "Home", page = "", area = ""}. Executing controller action with signature Microsoft.AspNetCore.Mvc.IActionResult Index() on controller PaginaBizu.Controllers.HomeController (PaginaBizu).
2025-08-09 18:05:01.707 -06:00 [INF] ➡️ Acción ejecutándose: Home/Index | Usuario: hoshuacastillo48@gmail.com | IP: ::1 | Hora: "2025-08-09T18:05:01.7077431-06:00"
2025-08-09 18:05:01.712 -06:00 [INF] ✅ Acción ejecutada: Home/Index | Hora: "2025-08-09T18:05:01.7126828-06:00"
2025-08-09 18:05:01.715 -06:00 [INF] Executing ViewResult, running view Index.
2025-08-09 18:05:01.735 -06:00 [INF] Executed DbCommand (15ms) [Parameters=[@__p_0='?' (Size = 450)], CommandType='"Text"', CommandTimeout='30']
SELECT TOP(1) [a].[Id], [a].[AccessFailedCount], [a].[ConcurrencyStamp], [a].[Email], [a].[EmailConfirmed], [a].[LockoutEnabled], [a].[LockoutEnd], [a].[NormalizedEmail], [a].[NormalizedUserName], [a].[PasswordHash], [a].[PhoneNumber], [a].[PhoneNumberConfirmed], [a].[SecurityStamp], [a].[TwoFactorEnabled], [a].[UserName]
FROM [AspNetUsers] AS [a]
WHERE [a].[Id] = @__p_0
2025-08-09 18:05:01.748 -06:00 [INF] Executed DbCommand (7ms) [Parameters=[@__userId_0='?' (Size = 450)], CommandType='"Text"', CommandTimeout='30']
SELECT [a0].[Name]
FROM [AspNetUserRoles] AS [a]
INNER JOIN [AspNetRoles] AS [a0] ON [a].[RoleId] = [a0].[Id]
WHERE [a].[UserId] = @__userId_0
2025-08-09 18:05:01.753 -06:00 [INF] Executed ViewResult - view Index executed in 38.5065ms.
2025-08-09 18:05:01.756 -06:00 [INF] Executed action PaginaBizu.Controllers.HomeController.Index (PaginaBizu) in 49.228ms
2025-08-09 18:05:01.759 -06:00 [INF] Executed endpoint 'PaginaBizu.Controllers.HomeController.Index (PaginaBizu)'
2025-08-09 18:05:01.762 -06:00 [INF] Request finished HTTP/1.1 GET http://localhost:5116/ - 200 null text/html; charset=utf-8 93.3517ms
2025-08-09 18:05:03.035 -06:00 [INF] Request starting HTTP/1.1 GET http://localhost:5116/css/tailwindcss - null null
2025-08-09 18:05:03.043 -06:00 [INF] Request finished HTTP/1.1 GET http://localhost:5116/css/tailwindcss - 404 0 null 7.5331ms
2025-08-09 18:05:03.051 -06:00 [INF] Request reached the end of the middleware pipeline without being handled by application code. Request path: GET http://localhost:5116/css/tailwindcss, Response status code: 404
2025-08-09 18:05:03.086 -06:00 [INF] Request starting HTTP/1.1 GET http://localhost:5116/_framework/aspnetcore-browser-refresh.js - null null
2025-08-09 18:05:03.091 -06:00 [INF] Request finished HTTP/1.1 GET http://localhost:5116/_framework/aspnetcore-browser-refresh.js - 200 16505 application/javascript; charset=utf-8 5.0763ms
2025-08-09 18:05:03.100 -06:00 [INF] Request starting HTTP/1.1 GET http://localhost:5116/_vs/browserLink - null null
2025-08-09 18:05:03.114 -06:00 [INF] Request finished HTTP/1.1 GET http://localhost:5116/_vs/browserLink - 200 null text/javascript; charset=UTF-8 14.4491ms
2025-08-09 18:09:40.671 -06:00 [INF] User profile is available. Using 'C:\Users\hoshu\AppData\Local\ASP.NET\DataProtection-Keys' as key repository and Windows DPAPI to encrypt keys at rest.
2025-08-09 18:09:41.133 -06:00 [WRN] No store type was specified for the decimal property 'Total' on entity type 'Order'. This will cause values to be silently truncated if they do not fit in the default precision and scale. Explicitly specify the SQL server column type that can accommodate all the values in 'OnModelCreating' using 'HasColumnType', specify precision and scale using 'HasPrecision', or configure a value converter using 'HasConversion'.
2025-08-09 18:09:41.137 -06:00 [WRN] No store type was specified for the decimal property 'PrecioUnitario' on entity type 'OrderDetail'. This will cause values to be silently truncated if they do not fit in the default precision and scale. Explicitly specify the SQL server column type that can accommodate all the values in 'OnModelCreating' using 'HasColumnType', specify precision and scale using 'HasPrecision', or configure a value converter using 'HasConversion'.
2025-08-09 18:09:41.140 -06:00 [WRN] No store type was specified for the decimal property 'Precio' on entity type 'Product'. This will cause values to be silently truncated if they do not fit in the default precision and scale. Explicitly specify the SQL server column type that can accommodate all the values in 'OnModelCreating' using 'HasColumnType', specify precision and scale using 'HasPrecision', or configure a value converter using 'HasConversion'.
2025-08-09 18:09:41.845 -06:00 [INF] Executed DbCommand (56ms) [Parameters=[@__normalizedName_0='?' (Size = 256)], CommandType='"Text"', CommandTimeout='30']
SELECT TOP(1) [a].[Id], [a].[ConcurrencyStamp], [a].[Name], [a].[NormalizedName]
FROM [AspNetRoles] AS [a]
WHERE [a].[NormalizedName] = @__normalizedName_0
2025-08-09 18:09:41.930 -06:00 [INF] Executed DbCommand (10ms) [Parameters=[@__normalizedEmail_0='?' (Size = 256)], CommandType='"Text"', CommandTimeout='30']
SELECT TOP(2) [a].[Id], [a].[AccessFailedCount], [a].[ConcurrencyStamp], [a].[Email], [a].[EmailConfirmed], [a].[LockoutEnabled], [a].[LockoutEnd], [a].[NormalizedEmail], [a].[NormalizedUserName], [a].[PasswordHash], [a].[PhoneNumber], [a].[PhoneNumberConfirmed], [a].[SecurityStamp], [a].[TwoFactorEnabled], [a].[UserName]
FROM [AspNetUsers] AS [a]
WHERE [a].[NormalizedEmail] = @__normalizedEmail_0
2025-08-09 18:09:41.972 -06:00 [INF] Executed DbCommand (6ms) [Parameters=[@__normalizedRoleName_0='?' (Size = 256)], CommandType='"Text"', CommandTimeout='30']
SELECT TOP(2) [a].[Id], [a].[ConcurrencyStamp], [a].[Name], [a].[NormalizedName]
FROM [AspNetRoles] AS [a]
WHERE [a].[NormalizedName] = @__normalizedRoleName_0
2025-08-09 18:09:42.005 -06:00 [INF] Executed DbCommand (5ms) [Parameters=[@__p_0='?' (Size = 450), @__p_1='?' (Size = 450)], CommandType='"Text"', CommandTimeout='30']
SELECT TOP(1) [a].[UserId], [a].[RoleId]
FROM [AspNetUserRoles] AS [a]
WHERE [a].[UserId] = @__p_0 AND [a].[RoleId] = @__p_1
2025-08-09 18:09:42.035 -06:00 [INF] Executed DbCommand (7ms) [Parameters=[@__normalizedEmail_0='?' (Size = 256)], CommandType='"Text"', CommandTimeout='30']
SELECT TOP(2) [a].[Id], [a].[AccessFailedCount], [a].[ConcurrencyStamp], [a].[Email], [a].[EmailConfirmed], [a].[LockoutEnabled], [a].[LockoutEnd], [a].[NormalizedEmail], [a].[NormalizedUserName], [a].[PasswordHash], [a].[PhoneNumber], [a].[PhoneNumberConfirmed], [a].[SecurityStamp], [a].[TwoFactorEnabled], [a].[UserName]
FROM [AspNetUsers] AS [a]
WHERE [a].[NormalizedEmail] = @__normalizedEmail_0
2025-08-09 18:09:42.045 -06:00 [INF] Executed DbCommand (4ms) [Parameters=[@__normalizedRoleName_0='?' (Size = 256)], CommandType='"Text"', CommandTimeout='30']
SELECT TOP(2) [a].[Id], [a].[ConcurrencyStamp], [a].[Name], [a].[NormalizedName]
FROM [AspNetRoles] AS [a]
WHERE [a].[NormalizedName] = @__normalizedRoleName_0
2025-08-09 18:09:42.053 -06:00 [INF] Executed DbCommand (3ms) [Parameters=[@__p_0='?' (Size = 450), @__p_1='?' (Size = 450)], CommandType='"Text"', CommandTimeout='30']
SELECT TOP(1) [a].[UserId], [a].[RoleId]
FROM [AspNetUserRoles] AS [a]
WHERE [a].[UserId] = @__p_0 AND [a].[RoleId] = @__p_1
2025-08-09 18:09:42.057 -06:00 [INF] Executed DbCommand (1ms) [Parameters=[@__normalizedEmail_0='?' (Size = 256)], CommandType='"Text"', CommandTimeout='30']
SELECT TOP(2) [a].[Id], [a].[AccessFailedCount], [a].[ConcurrencyStamp], [a].[Email], [a].[EmailConfirmed], [a].[LockoutEnabled], [a].[LockoutEnd], [a].[NormalizedEmail], [a].[NormalizedUserName], [a].[PasswordHash], [a].[PhoneNumber], [a].[PhoneNumberConfirmed], [a].[SecurityStamp], [a].[TwoFactorEnabled], [a].[UserName]
FROM [AspNetUsers] AS [a]
WHERE [a].[NormalizedEmail] = @__normalizedEmail_0
2025-08-09 18:09:42.062 -06:00 [INF] Executed DbCommand (1ms) [Parameters=[@__normalizedRoleName_0='?' (Size = 256)], CommandType='"Text"', CommandTimeout='30']
SELECT TOP(2) [a].[Id], [a].[ConcurrencyStamp], [a].[Name], [a].[NormalizedName]
FROM [AspNetRoles] AS [a]
WHERE [a].[NormalizedName] = @__normalizedRoleName_0
2025-08-09 18:09:42.069 -06:00 [INF] Executed DbCommand (1ms) [Parameters=[@__p_0='?' (Size = 450), @__p_1='?' (Size = 450)], CommandType='"Text"', CommandTimeout='30']
SELECT TOP(1) [a].[UserId], [a].[RoleId]
FROM [AspNetUserRoles] AS [a]
WHERE [a].[UserId] = @__p_0 AND [a].[RoleId] = @__p_1
2025-08-09 18:09:42.662 -06:00 [INF] Now listening on: http://localhost:5116
2025-08-09 18:09:42.927 -06:00 [INF] Application started. Press Ctrl+C to shut down.
2025-08-09 18:09:42.930 -06:00 [INF] Hosting environment: Development
2025-08-09 18:09:42.932 -06:00 [INF] Content root path: C:\Users\hoshu\OneDrive\Desktop\ProyectoAnalisisDeSistemas-master\ProyectoAnalisisDeSistemas-master\PaginaBizu
2025-08-09 18:09:43.782 -06:00 [INF] Request starting HTTP/1.1 GET http://localhost:5116/ - null null
2025-08-09 18:09:44.057 -06:00 [WRN] Failed to determine the https port for redirect.
2025-08-09 18:09:44.120 -06:00 [INF] Executing endpoint 'PaginaBizu.Controllers.HomeController.Index (PaginaBizu)'
2025-08-09 18:09:44.137 -06:00 [INF] Route matched with {action = "Index", controller = "Home", page = "", area = ""}. Executing controller action with signature Microsoft.AspNetCore.Mvc.IActionResult Index() on controller PaginaBizu.Controllers.HomeController (PaginaBizu).
2025-08-09 18:09:44.144 -06:00 [INF] ➡️ Acción ejecutándose: Home/Index | Usuario: hoshuacastillo48@gmail.com | IP: ::1 | Hora: "2025-08-09T18:09:44.1444044-06:00"
2025-08-09 18:09:44.151 -06:00 [INF] ✅ Acción ejecutada: Home/Index | Hora: "2025-08-09T18:09:44.1517872-06:00"
2025-08-09 18:09:44.163 -06:00 [INF] Executing ViewResult, running view Index.
2025-08-09 18:09:44.277 -06:00 [INF] Executed DbCommand (17ms) [Parameters=[@__p_0='?' (Size = 450)], CommandType='"Text"', CommandTimeout='30']
SELECT TOP(1) [a].[Id], [a].[AccessFailedCount], [a].[ConcurrencyStamp], [a].[Email], [a].[EmailConfirmed], [a].[LockoutEnabled], [a].[LockoutEnd], [a].[NormalizedEmail], [a].[NormalizedUserName], [a].[PasswordHash], [a].[PhoneNumber], [a].[PhoneNumberConfirmed], [a].[SecurityStamp], [a].[TwoFactorEnabled], [a].[UserName]
FROM [AspNetUsers] AS [a]
WHERE [a].[Id] = @__p_0
2025-08-09 18:09:44.336 -06:00 [INF] Executed DbCommand (8ms) [Parameters=[@__userId_0='?' (Size = 450)], CommandType='"Text"', CommandTimeout='30']
SELECT [a0].[Name]
FROM [AspNetUserRoles] AS [a]
INNER JOIN [AspNetRoles] AS [a0] ON [a].[RoleId] = [a0].[Id]
WHERE [a].[UserId] = @__userId_0
2025-08-09 18:09:44.387 -06:00 [INF] Executed ViewResult - view Index executed in 225.4837ms.
2025-08-09 18:09:44.396 -06:00 [INF] Executed action PaginaBizu.Controllers.HomeController.Index (PaginaBizu) in 255.115ms
2025-08-09 18:09:44.402 -06:00 [INF] Executed endpoint 'PaginaBizu.Controllers.HomeController.Index (PaginaBizu)'
2025-08-09 18:09:44.427 -06:00 [INF] Request finished HTTP/1.1 GET http://localhost:5116/ - 200 null text/html; charset=utf-8 668.0956ms
2025-08-09 18:09:45.015 -06:00 [INF] Request starting HTTP/1.1 GET http://localhost:5116/images/bg.png - null null
2025-08-09 18:09:45.020 -06:00 [INF] Request starting HTTP/1.1 GET http://localhost:5116/_framework/aspnetcore-browser-refresh.js - null null
2025-08-09 18:09:45.026 -06:00 [INF] Request starting HTTP/1.1 GET http://localhost:5116/_vs/browserLink - null null
2025-08-09 18:09:45.046 -06:00 [INF] Request finished HTTP/1.1 GET http://localhost:5116/_framework/aspnetcore-browser-refresh.js - 200 16505 application/javascript; charset=utf-8 25.8603ms
2025-08-09 18:09:45.057 -06:00 [INF] Request finished HTTP/1.1 GET http://localhost:5116/images/bg.png - 404 0 null 42.5522ms
2025-08-09 18:09:45.043 -06:00 [INF] Request starting HTTP/1.1 GET http://localhost:5116/css/tailwindcss - null null
2025-08-09 18:09:45.109 -06:00 [INF] Request reached the end of the middleware pipeline without being handled by application code. Request path: GET http://localhost:5116/images/bg.png, Response status code: 404
2025-08-09 18:09:45.142 -06:00 [INF] Request finished HTTP/1.1 GET http://localhost:5116/css/tailwindcss - 404 0 null 98.8613ms
2025-08-09 18:09:45.154 -06:00 [INF] Request reached the end of the middleware pipeline without being handled by application code. Request path: GET http://localhost:5116/css/tailwindcss, Response status code: 404
2025-08-09 18:09:45.175 -06:00 [INF] Request finished HTTP/1.1 GET http://localhost:5116/_vs/browserLink - 200 null text/javascript; charset=UTF-8 148.5715ms
2025-08-09 18:10:26.991 -06:00 [INF] Request starting HTTP/1.1 GET http://localhost:5116/swagger - null null
2025-08-09 18:10:27.013 -06:00 [INF] Request finished HTTP/1.1 GET http://localhost:5116/swagger - 301 0 null 22.3632ms
2025-08-09 18:10:27.026 -06:00 [INF] Request starting HTTP/1.1 GET http://localhost:5116/swagger/index.html - null null
2025-08-09 18:10:27.121 -06:00 [INF] Request finished HTTP/1.1 GET http://localhost:5116/swagger/index.html - 200 null text/html;charset=utf-8 94.9432ms
2025-08-09 18:10:27.235 -06:00 [INF] Request starting HTTP/1.1 GET http://localhost:5116/swagger/swagger-ui.css - null null
2025-08-09 18:10:27.251 -06:00 [INF] Request starting HTTP/1.1 GET http://localhost:5116/swagger/swagger-ui-bundle.js - null null
2025-08-09 18:10:27.256 -06:00 [INF] Request starting HTTP/1.1 GET http://localhost:5116/swagger/swagger-ui-standalone-preset.js - null null
2025-08-09 18:10:27.252 -06:00 [INF] Request starting HTTP/1.1 GET http://localhost:5116/swagger/index.css - null null
2025-08-09 18:10:27.255 -06:00 [INF] Request starting HTTP/1.1 GET http://localhost:5116/swagger/index.js - null null
2025-08-09 18:10:27.311 -06:00 [INF] Request finished HTTP/1.1 GET http://localhost:5116/swagger/index.css - 200 202 text/css 59.4658ms
2025-08-09 18:10:27.341 -06:00 [INF] Request finished HTTP/1.1 GET http://localhost:5116/swagger/index.js - 200 null application/javascript;charset=utf-8 86.0674ms
2025-08-09 18:10:27.270 -06:00 [INF] Request starting HTTP/1.1 GET http://localhost:5116/_framework/aspnetcore-browser-refresh.js - null null
2025-08-09 18:10:27.340 -06:00 [INF] Request finished HTTP/1.1 GET http://localhost:5116/swagger/swagger-ui.css - 200 155175 text/css 105.633ms
2025-08-09 18:10:27.340 -06:00 [INF] Request finished HTTP/1.1 GET http://localhost:5116/swagger/swagger-ui-standalone-preset.js - 200 229223 text/javascript 84.3575ms
2025-08-09 18:10:27.378 -06:00 [INF] Request finished HTTP/1.1 GET http://localhost:5116/swagger/swagger-ui-bundle.js - 200 1485750 text/javascript 127.1114ms
2025-08-09 18:10:27.381 -06:00 [INF] Request finished HTTP/1.1 GET http://localhost:5116/_framework/aspnetcore-browser-refresh.js - 200 16505 application/javascript; charset=utf-8 112.7626ms
2025-08-09 18:10:27.528 -06:00 [INF] Request starting HTTP/1.1 GET http://localhost:5116/_vs/browserLink - null null
2025-08-09 18:10:27.567 -06:00 [INF] Request finished HTTP/1.1 GET http://localhost:5116/_vs/browserLink - 200 null text/javascript; charset=UTF-8 38.505ms
2025-08-09 18:10:27.958 -06:00 [INF] Request starting HTTP/1.1 GET http://localhost:5116/swagger/v1/swagger.json - null null
2025-08-09 18:10:27.988 -06:00 [INF] Request finished HTTP/1.1 GET http://localhost:5116/swagger/v1/swagger.json - 200 null application/json;charset=utf-8 30.2152ms
2025-08-09 18:15:05.690 -06:00 [INF] Request starting HTTP/1.1 GET http://localhost:5116/ - null null
2025-08-09 18:15:05.713 -06:00 [INF] Executing endpoint 'PaginaBizu.Controllers.HomeController.Index (PaginaBizu)'
2025-08-09 18:15:05.715 -06:00 [INF] Route matched with {action = "Index", controller = "Home", page = "", area = ""}. Executing controller action with signature Microsoft.AspNetCore.Mvc.IActionResult Index() on controller PaginaBizu.Controllers.HomeController (PaginaBizu).
2025-08-09 18:15:05.719 -06:00 [INF] ➡️ Acción ejecutándose: Home/Index | Usuario: hoshuacastillo48@gmail.com | IP: ::1 | Hora: "2025-08-09T18:15:05.7193829-06:00"
2025-08-09 18:15:05.724 -06:00 [INF] ✅ Acción ejecutada: Home/Index | Hora: "2025-08-09T18:15:05.7245200-06:00"
2025-08-09 18:15:05.727 -06:00 [INF] Executing ViewResult, running view Index.
2025-08-09 18:15:05.769 -06:00 [INF] Executed DbCommand (13ms) [Parameters=[@__p_0='?' (Size = 450)], CommandType='"Text"', CommandTimeout='30']
SELECT TOP(1) [a].[Id], [a].[AccessFailedCount], [a].[ConcurrencyStamp], [a].[Email], [a].[EmailConfirmed], [a].[LockoutEnabled], [a].[LockoutEnd], [a].[NormalizedEmail], [a].[NormalizedUserName], [a].[PasswordHash], [a].[PhoneNumber], [a].[PhoneNumberConfirmed], [a].[SecurityStamp], [a].[TwoFactorEnabled], [a].[UserName]
FROM [AspNetUsers] AS [a]
WHERE [a].[Id] = @__p_0
2025-08-09 18:15:05.786 -06:00 [INF] Executed DbCommand (7ms) [Parameters=[@__userId_0='?' (Size = 450)], CommandType='"Text"', CommandTimeout='30']
SELECT [a0].[Name]
FROM [AspNetUserRoles] AS [a]
INNER JOIN [AspNetRoles] AS [a0] ON [a].[RoleId] = [a0].[Id]
WHERE [a].[UserId] = @__userId_0
2025-08-09 18:15:05.795 -06:00 [INF] Executed ViewResult - view Index executed in 68.339ms.
2025-08-09 18:15:05.797 -06:00 [INF] Executed action PaginaBizu.Controllers.HomeController.Index (PaginaBizu) in 78.8312ms
2025-08-09 18:15:05.800 -06:00 [INF] Executed endpoint 'PaginaBizu.Controllers.HomeController.Index (PaginaBizu)'
2025-08-09 18:15:05.803 -06:00 [INF] Request finished HTTP/1.1 GET http://localhost:5116/ - 200 null text/html; charset=utf-8 112.6313ms
2025-08-09 18:15:06.281 -06:00 [INF] Request starting HTTP/1.1 GET http://localhost:5116/_framework/aspnetcore-browser-refresh.js - null null
2025-08-09 18:15:06.290 -06:00 [INF] Request finished HTTP/1.1 GET http://localhost:5116/_framework/aspnetcore-browser-refresh.js - 200 16505 application/javascript; charset=utf-8 9.3986ms
2025-08-09 18:15:07.438 -06:00 [INF] Request starting HTTP/1.1 GET http://localhost:5116/Shop - null null
2025-08-09 18:15:07.459 -06:00 [INF] Executing endpoint 'PaginaBizu.Controllers.ShopController.Index (PaginaBizu)'
2025-08-09 18:15:07.466 -06:00 [INF] Route matched with {action = "Index", controller = "Shop", page = "", area = ""}. Executing controller action with signature Microsoft.AspNetCore.Mvc.IActionResult Index() on controller PaginaBizu.Controllers.ShopController (PaginaBizu).
2025-08-09 18:15:07.472 -06:00 [INF] ➡️ Acción ejecutándose: Shop/Index | Usuario: hoshuacastillo48@gmail.com | IP: ::1 | Hora: "2025-08-09T18:15:07.4728645-06:00"
2025-08-09 18:15:07.495 -06:00 [INF] Executed DbCommand (4ms) [Parameters=[], CommandType='"Text"', CommandTimeout='30']
SELECT [p].[Id], [p].[CantidadDisponible], [p].[Categoria], [p].[Descripcion], [p].[FechaCreacion], [p].[ImagenUrl], [p].[NombreArticulo], [p].[Precio]
FROM [Products] AS [p]
2025-08-09 18:15:07.521 -06:00 [INF] ✅ Acción ejecutada: Shop/Index | Hora: "2025-08-09T18:15:07.5213989-06:00"
2025-08-09 18:15:07.527 -06:00 [INF] Executing ViewResult, running view Index.
2025-08-09 18:15:07.558 -06:00 [INF] Executed ViewResult - view Index executed in 32.4429ms.
2025-08-09 18:15:07.564 -06:00 [INF] Executed action PaginaBizu.Controllers.ShopController.Index (PaginaBizu) in 91.7964ms
2025-08-09 18:15:07.570 -06:00 [INF] Executed endpoint 'PaginaBizu.Controllers.ShopController.Index (PaginaBizu)'
2025-08-09 18:15:07.576 -06:00 [INF] Request finished HTTP/1.1 GET http://localhost:5116/Shop - 200 null text/html; charset=utf-8 138.1154ms
2025-08-09 18:15:07.616 -06:00 [INF] Request starting HTTP/1.1 GET http://localhost:5116/images/pulseraverde.jpg - null null
2025-08-09 18:15:07.616 -06:00 [INF] Request starting HTTP/1.1 GET http://localhost:5116/images/imagenpulseraoro.jpg - null null
2025-08-09 18:15:07.640 -06:00 [INF] The file /images/pulseraverde.jpg was not modified
2025-08-09 18:15:07.640 -06:00 [INF] The file /images/imagenpulseraoro.jpg was not modified
2025-08-09 18:15:07.643 -06:00 [INF] Request finished HTTP/1.1 GET http://localhost:5116/images/pulseraverde.jpg - 304 null image/jpeg 27.632ms
2025-08-09 18:15:07.645 -06:00 [INF] Request finished HTTP/1.1 GET http://localhost:5116/images/imagenpulseraoro.jpg - 304 null image/jpeg 28.7221ms
2025-08-09 18:15:07.854 -06:00 [INF] Request starting HTTP/1.1 GET http://localhost:5116/images/imagenpulserrojo.jpg - null null
2025-08-09 18:15:07.863 -06:00 [INF] Request starting HTTP/1.1 GET http://localhost:5116/_framework/aspnetcore-browser-refresh.js - null null
2025-08-09 18:15:07.863 -06:00 [INF] Request starting HTTP/1.1 GET http://localhost:5116/_vs/browserLink - null null
2025-08-09 18:15:07.864 -06:00 [INF] Request finished HTTP/1.1 GET http://localhost:5116/images/imagenpulserrojo.jpg - 404 0 null 10.9839ms
2025-08-09 18:15:07.874 -06:00 [INF] Request finished HTTP/1.1 GET http://localhost:5116/_framework/aspnetcore-browser-refresh.js - 200 16505 application/javascript; charset=utf-8 11.1308ms
2025-08-09 18:15:07.896 -06:00 [INF] Request finished HTTP/1.1 GET http://localhost:5116/_vs/browserLink - 200 null text/javascript; charset=UTF-8 32.8172ms
2025-08-09 18:15:07.897 -06:00 [INF] Request reached the end of the middleware pipeline without being handled by application code. Request path: GET http://localhost:5116/images/imagenpulserrojo.jpg, Response status code: 404
2025-08-09 18:15:07.985 -06:00 [INF] Request starting HTTP/1.1 GET http://localhost:5116/Cart/CartCount - null null
2025-08-09 18:15:07.994 -06:00 [INF] Executing endpoint 'PaginaBizu.Controllers.CartController.CartCount (PaginaBizu)'
2025-08-09 18:15:07.998 -06:00 [INF] Route matched with {action = "CartCount", controller = "Cart", page = "", area = ""}. Executing controller action with signature Microsoft.AspNetCore.Mvc.IActionResult CartCount() on controller PaginaBizu.Controllers.CartController (PaginaBizu).
2025-08-09 18:15:08.002 -06:00 [INF] ➡️ Acción ejecutándose: Cart/CartCount | Usuario: hoshuacastillo48@gmail.com | IP: ::1 | Hora: "2025-08-09T18:15:08.0026748-06:00"
2025-08-09 18:15:08.013 -06:00 [INF] ✅ Acción ejecutada: Cart/CartCount | Hora: "2025-08-09T18:15:08.0131171-06:00"
2025-08-09 18:15:08.017 -06:00 [INF] Executing JsonResult, writing value of type 'System.Int32'.
2025-08-09 18:15:08.029 -06:00 [INF] Executed action PaginaBizu.Controllers.CartController.CartCount (PaginaBizu) in 27.3774ms
2025-08-09 18:15:08.031 -06:00 [INF] Request starting HTTP/1.1 GET http://localhost:5116/Cart/CartCount - null null
2025-08-09 18:15:08.032 -06:00 [INF] Executed endpoint 'PaginaBizu.Controllers.CartController.CartCount (PaginaBizu)'
2025-08-09 18:15:08.043 -06:00 [INF] Executing endpoint 'PaginaBizu.Controllers.CartController.CartCount (PaginaBizu)'
2025-08-09 18:15:08.043 -06:00 [INF] Request finished HTTP/1.1 GET http://localhost:5116/Cart/CartCount - 200 null application/json; charset=utf-8 57.7145ms
2025-08-09 18:15:08.046 -06:00 [INF] Route matched with {action = "CartCount", controller = "Cart", page = "", area = ""}. Executing controller action with signature Microsoft.AspNetCore.Mvc.IActionResult CartCount() on controller PaginaBizu.Controllers.CartController (PaginaBizu).
2025-08-09 18:15:08.058 -06:00 [INF] ➡️ Acción ejecutándose: Cart/CartCount | Usuario: hoshuacastillo48@gmail.com | IP: ::1 | Hora: "2025-08-09T18:15:08.0584892-06:00"
2025-08-09 18:15:08.063 -06:00 [INF] ✅ Acción ejecutada: Cart/CartCount | Hora: "2025-08-09T18:15:08.0633693-06:00"
2025-08-09 18:15:08.068 -06:00 [INF] Executing JsonResult, writing value of type 'System.Int32'.
2025-08-09 18:15:08.072 -06:00 [INF] Executed action PaginaBizu.Controllers.CartController.CartCount (PaginaBizu) in 14.4828ms
2025-08-09 18:15:08.076 -06:00 [INF] Executed endpoint 'PaginaBizu.Controllers.CartController.CartCount (PaginaBizu)'
2025-08-09 18:15:08.078 -06:00 [INF] Request finished HTTP/1.1 GET http://localhost:5116/Cart/CartCount - 200 null application/json; charset=utf-8 47.412ms
2025-08-09 18:15:08.918 -06:00 [INF] Request starting HTTP/1.1 GET http://localhost:5116/Cart - null null
2025-08-09 18:15:08.932 -06:00 [INF] Executing endpoint 'PaginaBizu.Controllers.CartController.Index (PaginaBizu)'
2025-08-09 18:15:08.934 -06:00 [INF] Route matched with {action = "Index", controller = "Cart", page = "", area = ""}. Executing controller action with signature Microsoft.AspNetCore.Mvc.IActionResult Index() on controller PaginaBizu.Controllers.CartController (PaginaBizu).
2025-08-09 18:15:08.937 -06:00 [INF] ➡️ Acción ejecutándose: Cart/Index | Usuario: hoshuacastillo48@gmail.com | IP: ::1 | Hora: "2025-08-09T18:15:08.9371405-06:00"
2025-08-09 18:15:08.940 -06:00 [INF] ✅ Acción ejecutada: Cart/Index | Hora: "2025-08-09T18:15:08.9408522-06:00"
2025-08-09 18:15:08.945 -06:00 [INF] Executing ViewResult, running view Index.
2025-08-09 18:15:08.950 -06:00 [INF] Executed ViewResult - view Index executed in 4.9534ms.
2025-08-09 18:15:08.952 -06:00 [INF] Executed action PaginaBizu.Controllers.CartController.Index (PaginaBizu) in 15.3527ms
2025-08-09 18:15:08.956 -06:00 [INF] Executed endpoint 'PaginaBizu.Controllers.CartController.Index (PaginaBizu)'
2025-08-09 18:15:08.964 -06:00 [INF] Request finished HTTP/1.1 GET http://localhost:5116/Cart - 200 null text/html; charset=utf-8 46.2155ms
2025-08-09 18:15:09.002 -06:00 [INF] Request starting HTTP/1.1 GET http://localhost:5116/_vs/browserLink - null null
2025-08-09 18:15:09.006 -06:00 [INF] Request starting HTTP/1.1 GET http://localhost:5116/_framework/aspnetcore-browser-refresh.js - null null
2025-08-09 18:15:09.027 -06:00 [INF] Request finished HTTP/1.1 GET http://localhost:5116/_vs/browserLink - 200 null text/javascript; charset=UTF-8 24.5902ms
2025-08-09 18:15:09.027 -06:00 [INF] Request finished HTTP/1.1 GET http://localhost:5116/_framework/aspnetcore-browser-refresh.js - 200 16505 application/javascript; charset=utf-8 21.7917ms
2025-08-09 18:15:09.267 -06:00 [INF] Request starting HTTP/1.1 GET http://localhost:5116/Cart/CartCount - null null
2025-08-09 18:15:09.275 -06:00 [INF] Executing endpoint 'PaginaBizu.Controllers.CartController.CartCount (PaginaBizu)'
2025-08-09 18:15:09.277 -06:00 [INF] Route matched with {action = "CartCount", controller = "Cart", page = "", area = ""}. Executing controller action with signature Microsoft.AspNetCore.Mvc.IActionResult CartCount() on controller PaginaBizu.Controllers.CartController (PaginaBizu).
2025-08-09 18:15:09.280 -06:00 [INF] ➡️ Acción ejecutándose: Cart/CartCount | Usuario: hoshuacastillo48@gmail.com | IP: ::1 | Hora: "2025-08-09T18:15:09.2806978-06:00"
2025-08-09 18:15:09.283 -06:00 [INF] ✅ Acción ejecutada: Cart/CartCount | Hora: "2025-08-09T18:15:09.2839001-06:00"
2025-08-09 18:15:09.286 -06:00 [INF] Executing JsonResult, writing value of type 'System.Int32'.
2025-08-09 18:15:09.290 -06:00 [INF] Executed action PaginaBizu.Controllers.CartController.CartCount (PaginaBizu) in 9.821ms
2025-08-09 18:15:09.291 -06:00 [INF] Request starting HTTP/1.1 GET http://localhost:5116/Cart/CartCount - null null
2025-08-09 18:15:09.293 -06:00 [INF] Executed endpoint 'PaginaBizu.Controllers.CartController.CartCount (PaginaBizu)'
2025-08-09 18:15:09.298 -06:00 [INF] Executing endpoint 'PaginaBizu.Controllers.CartController.CartCount (PaginaBizu)'
2025-08-09 18:15:09.299 -06:00 [INF] Request finished HTTP/1.1 GET http://localhost:5116/Cart/CartCount - 200 null application/json; charset=utf-8 32.2257ms
2025-08-09 18:15:09.301 -06:00 [INF] Route matched with {action = "CartCount", controller = "Cart", page = "", area = ""}. Executing controller action with signature Microsoft.AspNetCore.Mvc.IActionResult CartCount() on controller PaginaBizu.Controllers.CartController (PaginaBizu).
2025-08-09 18:15:09.311 -06:00 [INF] ➡️ Acción ejecutándose: Cart/CartCount | Usuario: hoshuacastillo48@gmail.com | IP: ::1 | Hora: "2025-08-09T18:15:09.3112944-06:00"
2025-08-09 18:15:09.315 -06:00 [INF] ✅ Acción ejecutada: Cart/CartCount | Hora: "2025-08-09T18:15:09.3155151-06:00"
2025-08-09 18:15:09.319 -06:00 [INF] Executing JsonResult, writing value of type 'System.Int32'.
2025-08-09 18:15:09.323 -06:00 [INF] Executed action PaginaBizu.Controllers.CartController.CartCount (PaginaBizu) in 11.8979ms
2025-08-09 18:15:09.325 -06:00 [INF] Executed endpoint 'PaginaBizu.Controllers.CartController.CartCount (PaginaBizu)'
2025-08-09 18:15:09.328 -06:00 [INF] Request finished HTTP/1.1 GET http://localhost:5116/Cart/CartCount - 200 null application/json; charset=utf-8 36.5043ms
2025-08-09 18:15:11.265 -06:00 [INF] Request starting HTTP/1.1 GET http://localhost:5116/Cart - null null
2025-08-09 18:15:11.279 -06:00 [INF] Executing endpoint 'PaginaBizu.Controllers.CartController.Index (PaginaBizu)'
2025-08-09 18:15:11.281 -06:00 [INF] Route matched with {action = "Index", controller = "Cart", page = "", area = ""}. Executing controller action with signature Microsoft.AspNetCore.Mvc.IActionResult Index() on controller PaginaBizu.Controllers.CartController (PaginaBizu).
2025-08-09 18:15:11.283 -06:00 [INF] ➡️ Acción ejecutándose: Cart/Index | Usuario: hoshuacastillo48@gmail.com | IP: ::1 | Hora: "2025-08-09T18:15:11.2838707-06:00"
2025-08-09 18:15:11.286 -06:00 [INF] ✅ Acción ejecutada: Cart/Index | Hora: "2025-08-09T18:15:11.2861031-06:00"
2025-08-09 18:15:11.291 -06:00 [INF] Executing ViewResult, running view Index.
2025-08-09 18:15:11.295 -06:00 [INF] Executed ViewResult - view Index executed in 3.9779ms.
2025-08-09 18:15:11.297 -06:00 [INF] Executed action PaginaBizu.Controllers.CartController.Index (PaginaBizu) in 13.8171ms
2025-08-09 18:15:11.300 -06:00 [INF] Executed endpoint 'PaginaBizu.Controllers.CartController.Index (PaginaBizu)'
2025-08-09 18:15:11.305 -06:00 [INF] Request finished HTTP/1.1 GET http://localhost:5116/Cart - 200 null text/html; charset=utf-8 39.7252ms
2025-08-09 18:15:11.335 -06:00 [INF] Request starting HTTP/1.1 GET http://localhost:5116/_vs/browserLink - null null
2025-08-09 18:15:11.352 -06:00 [INF] Request starting HTTP/1.1 GET http://localhost:5116/_framework/aspnetcore-browser-refresh.js - null null
2025-08-09 18:15:11.360 -06:00 [INF] Request finished HTTP/1.1 GET http://localhost:5116/_vs/browserLink - 200 null text/javascript; charset=UTF-8 25.2749ms
2025-08-09 18:15:11.363 -06:00 [INF] Request finished HTTP/1.1 GET http://localhost:5116/_framework/aspnetcore-browser-refresh.js - 200 16505 application/javascript; charset=utf-8 10.6499ms
2025-08-09 18:15:11.549 -06:00 [INF] Request starting HTTP/1.1 GET http://localhost:5116/Cart/CartCount - null null
2025-08-09 18:15:11.558 -06:00 [INF] Executing endpoint 'PaginaBizu.Controllers.CartController.CartCount (PaginaBizu)'
2025-08-09 18:15:11.560 -06:00 [INF] Route matched with {action = "CartCount", controller = "Cart", page = "", area = ""}. Executing controller action with signature Microsoft.AspNetCore.Mvc.IActionResult CartCount() on controller PaginaBizu.Controllers.CartController (PaginaBizu).
2025-08-09 18:15:11.567 -06:00 [INF] ➡️ Acción ejecutándose: Cart/CartCount | Usuario: hoshuacastillo48@gmail.com | IP: ::1 | Hora: "2025-08-09T18:15:11.5670958-06:00"
2025-08-09 18:15:11.574 -06:00 [INF] ✅ Acción ejecutada: Cart/CartCount | Hora: "2025-08-09T18:15:11.5744394-06:00"
2025-08-09 18:15:11.579 -06:00 [INF] Executing JsonResult, writing value of type 'System.Int32'.
2025-08-09 18:15:11.582 -06:00 [INF] Executed action PaginaBizu.Controllers.CartController.CartCount (PaginaBizu) in 15.741ms
2025-08-09 18:15:11.584 -06:00 [INF] Request starting HTTP/1.1 GET http://localhost:5116/Cart/CartCount - null null
2025-08-09 18:15:11.585 -06:00 [INF] Executed endpoint 'PaginaBizu.Controllers.CartController.CartCount (PaginaBizu)'
2025-08-09 18:15:11.594 -06:00 [INF] Executing endpoint 'PaginaBizu.Controllers.CartController.CartCount (PaginaBizu)'
2025-08-09 18:15:11.596 -06:00 [INF] Request finished HTTP/1.1 GET http://localhost:5116/Cart/CartCount - 200 null application/json; charset=utf-8 47.4267ms
2025-08-09 18:15:11.600 -06:00 [INF] Route matched with {action = "CartCount", controller = "Cart", page = "", area = ""}. Executing controller action with signature Microsoft.AspNetCore.Mvc.IActionResult CartCount() on controller PaginaBizu.Controllers.CartController (PaginaBizu).
2025-08-09 18:15:11.613 -06:00 [INF] ➡️ Acción ejecutándose: Cart/CartCount | Usuario: hoshuacastillo48@gmail.com | IP: ::1 | Hora: "2025-08-09T18:15:11.6136188-06:00"
2025-08-09 18:15:11.619 -06:00 [INF] ✅ Acción ejecutada: Cart/CartCount | Hora: "2025-08-09T18:15:11.6196970-06:00"
2025-08-09 18:15:11.623 -06:00 [INF] Executing JsonResult, writing value of type 'System.Int32'.
2025-08-09 18:15:11.625 -06:00 [INF] Executed action PaginaBizu.Controllers.CartController.CartCount (PaginaBizu) in 12.0981ms
2025-08-09 18:15:11.628 -06:00 [INF] Executed endpoint 'PaginaBizu.Controllers.CartController.CartCount (PaginaBizu)'
2025-08-09 18:15:11.629 -06:00 [INF] Request finished HTTP/1.1 GET http://localhost:5116/Cart/CartCount - 200 null application/json; charset=utf-8 45.6974ms
2025-08-09 18:15:12.720 -06:00 [INF] Request starting HTTP/1.1 GET http://localhost:5116/ - null null
2025-08-09 18:15:12.732 -06:00 [INF] Executing endpoint 'PaginaBizu.Controllers.HomeController.Index (PaginaBizu)'
2025-08-09 18:15:12.734 -06:00 [INF] Route matched with {action = "Index", controller = "Home", page = "", area = ""}. Executing controller action with signature Microsoft.AspNetCore.Mvc.IActionResult Index() on controller PaginaBizu.Controllers.HomeController (PaginaBizu).
2025-08-09 18:15:12.736 -06:00 [INF] ➡️ Acción ejecutándose: Home/Index | Usuario: hoshuacastillo48@gmail.com | IP: ::1 | Hora: "2025-08-09T18:15:12.7362253-06:00"
2025-08-09 18:15:12.741 -06:00 [INF] ✅ Acción ejecutada: Home/Index | Hora: "2025-08-09T18:15:12.7417000-06:00"
2025-08-09 18:15:12.743 -06:00 [INF] Executing ViewResult, running view Index.
2025-08-09 18:15:12.748 -06:00 [INF] Executed DbCommand (3ms) [Parameters=[@__p_0='?' (Size = 450)], CommandType='"Text"', CommandTimeout='30']
SELECT TOP(1) [a].[Id], [a].[AccessFailedCount], [a].[ConcurrencyStamp], [a].[Email], [a].[EmailConfirmed], [a].[LockoutEnabled], [a].[LockoutEnd], [a].[NormalizedEmail], [a].[NormalizedUserName], [a].[PasswordHash], [a].[PhoneNumber], [a].[PhoneNumberConfirmed], [a].[SecurityStamp], [a].[TwoFactorEnabled], [a].[UserName]
FROM [AspNetUsers] AS [a]
WHERE [a].[Id] = @__p_0
2025-08-09 18:15:12.753 -06:00 [INF] Executed DbCommand (1ms) [Parameters=[@__userId_0='?' (Size = 450)], CommandType='"Text"', CommandTimeout='30']
SELECT [a0].[Name]
FROM [AspNetUserRoles] AS [a]
INNER JOIN [AspNetRoles] AS [a0] ON [a].[RoleId] = [a0].[Id]
WHERE [a].[UserId] = @__userId_0
2025-08-09 18:15:12.758 -06:00 [INF] Executed ViewResult - view Index executed in 15.0981ms.
2025-08-09 18:15:12.760 -06:00 [INF] Executed action PaginaBizu.Controllers.HomeController.Index (PaginaBizu) in 24.7485ms
2025-08-09 18:15:12.763 -06:00 [INF] Executed endpoint 'PaginaBizu.Controllers.HomeController.Index (PaginaBizu)'
2025-08-09 18:15:12.766 -06:00 [INF] Request finished HTTP/1.1 GET http://localhost:5116/ - 200 null text/html; charset=utf-8 46.7409ms
2025-08-09 18:15:13.031 -06:00 [INF] Request starting HTTP/1.1 GET http://localhost:5116/_framework/aspnetcore-browser-refresh.js - null null
2025-08-09 18:15:13.032 -06:00 [INF] Request starting HTTP/1.1 GET http://localhost:5116/_vs/browserLink - null null
2025-08-09 18:15:13.033 -06:00 [INF] Request starting HTTP/1.1 GET http://localhost:5116/css/tailwindcss - null null
2025-08-09 18:15:13.041 -06:00 [INF] Request finished HTTP/1.1 GET http://localhost:5116/_framework/aspnetcore-browser-refresh.js - 200 16505 application/javascript; charset=utf-8 9.5664ms
2025-08-09 18:15:13.055 -06:00 [INF] Request finished HTTP/1.1 GET http://localhost:5116/css/tailwindcss - 404 0 null 21.6876ms
2025-08-09 18:15:13.060 -06:00 [INF] Request finished HTTP/1.1 GET http://localhost:5116/_vs/browserLink - 200 null text/javascript; charset=UTF-8 28.1326ms
2025-08-09 18:15:13.071 -06:00 [INF] Request reached the end of the middleware pipeline without being handled by application code. Request path: GET http://localhost:5116/css/tailwindcss, Response status code: 404
2025-08-09 18:15:14.001 -06:00 [INF] Request starting HTTP/1.1 GET http://localhost:5116/Shop - null null
2025-08-09 18:15:14.015 -06:00 [INF] Executing endpoint 'PaginaBizu.Controllers.ShopController.Index (PaginaBizu)'
2025-08-09 18:15:14.017 -06:00 [INF] Route matched with {action = "Index", controller = "Shop", page = "", area = ""}. Executing controller action with signature Microsoft.AspNetCore.Mvc.IActionResult Index() on controller PaginaBizu.Controllers.ShopController (PaginaBizu).
2025-08-09 18:15:14.019 -06:00 [INF] ➡️ Acción ejecutándose: Shop/Index | Usuario: hoshuacastillo48@gmail.com | IP: ::1 | Hora: "2025-08-09T18:15:14.0196670-06:00"
2025-08-09 18:15:14.026 -06:00 [INF] Executed DbCommand (1ms) [Parameters=[], CommandType='"Text"', CommandTimeout='30']
SELECT [p].[Id], [p].[CantidadDisponible], [p].[Categoria], [p].[Descripcion], [p].[FechaCreacion], [p].[ImagenUrl], [p].[NombreArticulo], [p].[Precio]
FROM [Products] AS [p]
2025-08-09 18:15:14.031 -06:00 [INF] ✅ Acción ejecutada: Shop/Index | Hora: "2025-08-09T18:15:14.0311313-06:00"
2025-08-09 18:15:14.033 -06:00 [INF] Executing ViewResult, running view Index.
2025-08-09 18:15:14.036 -06:00 [INF] Executed ViewResult - view Index executed in 3.6966ms.
2025-08-09 18:15:14.041 -06:00 [INF] Executed action PaginaBizu.Controllers.ShopController.Index (PaginaBizu) in 21.5441ms
2025-08-09 18:15:14.043 -06:00 [INF] Executed endpoint 'PaginaBizu.Controllers.ShopController.Index (PaginaBizu)'
2025-08-09 18:15:14.046 -06:00 [INF] Request finished HTTP/1.1 GET http://localhost:5116/Shop - 200 null text/html; charset=utf-8 45.086ms
2025-08-09 18:15:14.290 -06:00 [INF] Request starting HTTP/1.1 GET http://localhost:5116/images/imagenpulserrojo.jpg - null null
2025-08-09 18:15:14.290 -06:00 [INF] Request starting HTTP/1.1 GET http://localhost:5116/_framework/aspnetcore-browser-refresh.js - null null
2025-08-09 18:15:14.291 -06:00 [INF] Request starting HTTP/1.1 GET http://localhost:5116/_vs/browserLink - null null
2025-08-09 18:15:14.301 -06:00 [INF] Request finished HTTP/1.1 GET http://localhost:5116/images/imagenpulserrojo.jpg - 404 0 null 11.3219ms
2025-08-09 18:15:14.305 -06:00 [INF] Request finished HTTP/1.1 GET http://localhost:5116/_framework/aspnetcore-browser-refresh.js - 200 16505 application/javascript; charset=utf-8 14.5056ms
2025-08-09 18:15:14.319 -06:00 [INF] Request finished HTTP/1.1 GET http://localhost:5116/_vs/browserLink - 200 null text/javascript; charset=UTF-8 27.9808ms
2025-08-09 18:15:14.325 -06:00 [INF] Request reached the end of the middleware pipeline without being handled by application code. Request path: GET http://localhost:5116/images/imagenpulserrojo.jpg, Response status code: 404
2025-08-09 18:15:14.336 -06:00 [INF] Request starting HTTP/1.1 GET http://localhost:5116/Cart/CartCount - null null
2025-08-09 18:15:14.361 -06:00 [INF] Executing endpoint 'PaginaBizu.Controllers.CartController.CartCount (PaginaBizu)'
2025-08-09 18:15:14.363 -06:00 [INF] Route matched with {action = "CartCount", controller = "Cart", page = "", area = ""}. Executing controller action with signature Microsoft.AspNetCore.Mvc.IActionResult CartCount() on controller PaginaBizu.Controllers.CartController (PaginaBizu).
2025-08-09 18:15:14.366 -06:00 [INF] ➡️ Acción ejecutándose: Cart/CartCount | Usuario: hoshuacastillo48@gmail.com | IP: ::1 | Hora: "2025-08-09T18:15:14.3664578-06:00"
2025-08-09 18:15:14.370 -06:00 [INF] ✅ Acción ejecutada: Cart/CartCount | Hora: "2025-08-09T18:15:14.3706299-06:00"
2025-08-09 18:15:14.374 -06:00 [INF] Executing JsonResult, writing value of type 'System.Int32'.
2025-08-09 18:15:14.376 -06:00 [INF] Executed action PaginaBizu.Controllers.CartController.CartCount (PaginaBizu) in 10.1605ms
2025-08-09 18:15:14.377 -06:00 [INF] Request starting HTTP/1.1 GET http://localhost:5116/Cart/CartCount - null null
2025-08-09 18:15:14.378 -06:00 [INF] Executed endpoint 'PaginaBizu.Controllers.CartController.CartCount (PaginaBizu)'
2025-08-09 18:15:14.384 -06:00 [INF] Executing endpoint 'PaginaBizu.Controllers.CartController.CartCount (PaginaBizu)'
2025-08-09 18:15:14.385 -06:00 [INF] Request finished HTTP/1.1 GET http://localhost:5116/Cart/CartCount - 200 null application/json; charset=utf-8 49.1727ms
2025-08-09 18:15:14.388 -06:00 [INF] Route matched with {action = "CartCount", controller = "Cart", page = "", area = ""}. Executing controller action with signature Microsoft.AspNetCore.Mvc.IActionResult CartCount() on controller PaginaBizu.Controllers.CartController (PaginaBizu).
2025-08-09 18:15:14.398 -06:00 [INF] ➡️ Acción ejecutándose: Cart/CartCount | Usuario: hoshuacastillo48@gmail.com | IP: ::1 | Hora: "2025-08-09T18:15:14.3982872-06:00"
2025-08-09 18:15:14.402 -06:00 [INF] ✅ Acción ejecutada: Cart/CartCount | Hora: "2025-08-09T18:15:14.4022609-06:00"
2025-08-09 18:15:14.406 -06:00 [INF] Executing JsonResult, writing value of type 'System.Int32'.
2025-08-09 18:15:14.408 -06:00 [INF] Executed action PaginaBizu.Controllers.CartController.CartCount (PaginaBizu) in 10.6969ms
2025-08-09 18:15:14.411 -06:00 [INF] Executed endpoint 'PaginaBizu.Controllers.CartController.CartCount (PaginaBizu)'
2025-08-09 18:15:14.414 -06:00 [INF] Request finished HTTP/1.1 GET http://localhost:5116/Cart/CartCount - 200 null application/json; charset=utf-8 36.2897ms
2025-08-09 18:15:15.081 -06:00 [INF] Request starting HTTP/1.1 GET http://localhost:5116/Shop/Details/1 - null null
2025-08-09 18:15:15.091 -06:00 [INF] Executing endpoint 'PaginaBizu.Controllers.ShopController.Details (PaginaBizu)'
2025-08-09 18:15:15.099 -06:00 [INF] Route matched with {action = "Details", controller = "Shop", page = "", area = ""}. Executing controller action with signature Microsoft.AspNetCore.Mvc.IActionResult Details(Int32) on controller PaginaBizu.Controllers.ShopController (PaginaBizu).
2025-08-09 18:15:15.114 -06:00 [INF] ➡️ Acción ejecutándose: Shop/Details | Usuario: hoshuacastillo48@gmail.com | IP: ::1 | Hora: "2025-08-09T18:15:15.1141297-06:00"
2025-08-09 18:15:15.125 -06:00 [INF] Executed DbCommand (3ms) [Parameters=[@__id_0='?' (DbType = Int32)], CommandType='"Text"', CommandTimeout='30']
SELECT TOP(1) [p].[Id], [p].[CantidadDisponible], [p].[Categoria], [p].[Descripcion], [p].[FechaCreacion], [p].[ImagenUrl], [p].[NombreArticulo], [p].[Precio]
FROM [Products] AS [p]
WHERE [p].[Id] = @__id_0
2025-08-09 18:15:15.138 -06:00 [INF] Executed DbCommand (5ms) [Parameters=[@__id_0='?' (DbType = Int32)], CommandType='"Text"', CommandTimeout='30']
SELECT [c].[Id], [c].[Calificacion], [c].[Contenido], [c].[Fecha], [c].[ProductoId], [c].[UsuarioId]
FROM [Comentarios] AS [c]
WHERE [c].[ProductoId] = @__id_0
ORDER BY [c].[Fecha] DESC
2025-08-09 18:15:15.152 -06:00 [INF] ✅ Acción ejecutada: Shop/Details | Hora: "2025-08-09T18:15:15.1520007-06:00"
2025-08-09 18:15:15.155 -06:00 [INF] Executing ViewResult, running view Details.
2025-08-09 18:15:15.175 -06:00 [INF] Executed ViewResult - view Details executed in 19.8977ms.
2025-08-09 18:15:15.180 -06:00 [INF] Executed action PaginaBizu.Controllers.ShopController.Details (PaginaBizu) in 78.2229ms
2025-08-09 18:15:15.184 -06:00 [INF] Executed endpoint 'PaginaBizu.Controllers.ShopController.Details (PaginaBizu)'
2025-08-09 18:15:15.186 -06:00 [INF] Request finished HTTP/1.1 GET http://localhost:5116/Shop/Details/1 - 200 null text/html; charset=utf-8 104.7729ms
2025-08-09 18:15:15.215 -06:00 [INF] Request starting HTTP/1.1 GET http://localhost:5116/_framework/aspnetcore-browser-refresh.js - null null
2025-08-09 18:15:15.225 -06:00 [INF] Request finished HTTP/1.1 GET http://localhost:5116/_framework/aspnetcore-browser-refresh.js - 200 16505 application/javascript; charset=utf-8 9.6532ms
2025-08-09 18:15:15.444 -06:00 [INF] Request starting HTTP/1.1 GET http://localhost:5116/_vs/browserLink - null null
2025-08-09 18:15:15.460 -06:00 [INF] Request finished HTTP/1.1 GET http://localhost:5116/_vs/browserLink - 200 null text/javascript; charset=UTF-8 15.9133ms
2025-08-09 18:15:16.491 -06:00 [INF] Request starting HTTP/1.1 POST http://localhost:5116/Cart/AddToCart - application/json 8
2025-08-09 18:15:16.498 -06:00 [INF] Executing endpoint 'PaginaBizu.Controllers.CartController.AddToCart (PaginaBizu)'
2025-08-09 18:15:16.502 -06:00 [INF] Route matched with {action = "AddToCart", controller = "Cart", page = "", area = ""}. Executing controller action with signature Microsoft.AspNetCore.Mvc.IActionResult AddToCart(AddToCartModel) on controller PaginaBizu.Controllers.CartController (PaginaBizu).
2025-08-09 18:15:16.523 -06:00 [INF] ➡️ Acción ejecutándose: Cart/AddToCart | Usuario: hoshuacastillo48@gmail.com | IP: ::1 | Hora: "2025-08-09T18:15:16.5232803-06:00"
2025-08-09 18:15:16.533 -06:00 [INF] Executed DbCommand (2ms) [Parameters=[@__data_Id_0='?' (DbType = Int32)], CommandType='"Text"', CommandTimeout='30']
SELECT TOP(1) [p].[Id], [p].[CantidadDisponible], [p].[Categoria], [p].[Descripcion], [p].[FechaCreacion], [p].[ImagenUrl], [p].[NombreArticulo], [p].[Precio]
FROM [Products] AS [p]
WHERE [p].[Id] = @__data_Id_0
2025-08-09 18:15:16.543 -06:00 [INF] ✅ Acción ejecutada: Cart/AddToCart | Hora: "2025-08-09T18:15:16.5435881-06:00"
2025-08-09 18:15:16.545 -06:00 [INF] Executing JsonResult, writing value of type '<>f__AnonymousType1`2[[System.Boolean, System.Private.CoreLib, Version=8.0.0.0, Culture=neutral, PublicKeyToken=7cec85d7bea7798e],[System.Int32, System.Private.CoreLib, Version=8.0.0.0, Culture=neutral, PublicKeyToken=7cec85d7bea7798e]]'.
2025-08-09 18:15:16.550 -06:00 [INF] Executed action PaginaBizu.Controllers.CartController.AddToCart (PaginaBizu) in 43.7161ms
2025-08-09 18:15:16.554 -06:00 [INF] Executed endpoint 'PaginaBizu.Controllers.CartController.AddToCart (PaginaBizu)'
2025-08-09 18:15:16.556 -06:00 [INF] Session started; Key:5c6f6961-c7b6-47da-166e-457e4b5e33f0, Id:3c1cc521-79b2-c1a2-c10a-93dd752894f1
2025-08-09 18:15:16.560 -06:00 [INF] Request finished HTTP/1.1 POST http://localhost:5116/Cart/AddToCart - 200 null application/json; charset=utf-8 68.3125ms
2025-08-09 18:15:18.134 -06:00 [INF] Request starting HTTP/1.1 GET http://localhost:5116/Cart/Index - null null
2025-08-09 18:15:18.145 -06:00 [INF] Executing endpoint 'PaginaBizu.Controllers.CartController.Index (PaginaBizu)'
2025-08-09 18:15:18.148 -06:00 [INF] Route matched with {action = "Index", controller = "Cart", page = "", area = ""}. Executing controller action with signature Microsoft.AspNetCore.Mvc.IActionResult Index() on controller PaginaBizu.Controllers.CartController (PaginaBizu).
2025-08-09 18:15:18.152 -06:00 [INF] ➡️ Acción ejecutándose: Cart/Index | Usuario: hoshuacastillo48@gmail.com | IP: ::1 | Hora: "2025-08-09T18:15:18.1529088-06:00"
2025-08-09 18:15:18.164 -06:00 [INF] ✅ Acción ejecutada: Cart/Index | Hora: "2025-08-09T18:15:18.1641309-06:00"
2025-08-09 18:15:18.167 -06:00 [INF] Executing ViewResult, running view Index.
2025-08-09 18:15:18.175 -06:00 [INF] Executed ViewResult - view Index executed in 8.0127ms.
2025-08-09 18:15:18.178 -06:00 [INF] Executed action PaginaBizu.Controllers.CartController.Index (PaginaBizu) in 25.8562ms
2025-08-09 18:15:18.181 -06:00 [INF] Executed endpoint 'PaginaBizu.Controllers.CartController.Index (PaginaBizu)'
2025-08-09 18:15:18.184 -06:00 [INF] Request finished HTTP/1.1 GET http://localhost:5116/Cart/Index - 200 null text/html; charset=utf-8 49.8043ms
2025-08-09 18:15:18.241 -06:00 [INF] Request starting HTTP/1.1 GET http://localhost:5116/_vs/browserLink - null null
2025-08-09 18:15:18.252 -06:00 [INF] Request starting HTTP/1.1 GET http://localhost:5116/_framework/aspnetcore-browser-refresh.js - null null
2025-08-09 18:15:18.258 -06:00 [INF] Request finished HTTP/1.1 GET http://localhost:5116/_vs/browserLink - 200 null text/javascript; charset=UTF-8 17.2946ms
2025-08-09 18:15:18.262 -06:00 [INF] Request finished HTTP/1.1 GET http://localhost:5116/_framework/aspnetcore-browser-refresh.js - 200 16505 application/javascript; charset=utf-8 10.933ms
2025-08-09 18:15:18.467 -06:00 [INF] Request starting HTTP/1.1 GET http://localhost:5116/Cart/CartCount - null null
2025-08-09 18:15:18.477 -06:00 [INF] Executing endpoint 'PaginaBizu.Controllers.CartController.CartCount (PaginaBizu)'
2025-08-09 18:15:18.479 -06:00 [INF] Route matched with {action = "CartCount", controller = "Cart", page = "", area = ""}. Executing controller action with signature Microsoft.AspNetCore.Mvc.IActionResult CartCount() on controller PaginaBizu.Controllers.CartController (PaginaBizu).
2025-08-09 18:15:18.483 -06:00 [INF] ➡️ Acción ejecutándose: Cart/CartCount | Usuario: hoshuacastillo48@gmail.com | IP: ::1 | Hora: "2025-08-09T18:15:18.4831359-06:00"
2025-08-09 18:15:18.488 -06:00 [INF] ✅ Acción ejecutada: Cart/CartCount | Hora: "2025-08-09T18:15:18.4880661-06:00"
2025-08-09 18:15:18.491 -06:00 [INF] Executing JsonResult, writing value of type 'System.Int32'.
2025-08-09 18:15:18.493 -06:00 [INF] Executed action PaginaBizu.Controllers.CartController.CartCount (PaginaBizu) in 10.0469ms
2025-08-09 18:15:18.494 -06:00 [INF] Request starting HTTP/1.1 GET http://localhost:5116/Cart/CartCount - null null
2025-08-09 18:15:18.495 -06:00 [INF] Executed endpoint 'PaginaBizu.Controllers.CartController.CartCount (PaginaBizu)'
2025-08-09 18:15:18.501 -06:00 [INF] Executing endpoint 'PaginaBizu.Controllers.CartController.CartCount (PaginaBizu)'
2025-08-09 18:15:18.502 -06:00 [INF] Request finished HTTP/1.1 GET http://localhost:5116/Cart/CartCount - 200 null application/json; charset=utf-8 35.259ms
2025-08-09 18:15:18.504 -06:00 [INF] Route matched with {action = "CartCount", controller = "Cart", page = "", area = ""}. Executing controller action with signature Microsoft.AspNetCore.Mvc.IActionResult CartCount() on controller PaginaBizu.Controllers.CartController (PaginaBizu).
2025-08-09 18:15:18.513 -06:00 [INF] ➡️ Acción ejecutándose: Cart/CartCount | Usuario: hoshuacastillo48@gmail.com | IP: ::1 | Hora: "2025-08-09T18:15:18.5136542-06:00"
2025-08-09 18:15:18.517 -06:00 [INF] ✅ Acción ejecutada: Cart/CartCount | Hora: "2025-08-09T18:15:18.5174333-06:00"
2025-08-09 18:15:18.521 -06:00 [INF] Executing JsonResult, writing value of type 'System.Int32'.
2025-08-09 18:15:18.524 -06:00 [INF] Executed action PaginaBizu.Controllers.CartController.CartCount (PaginaBizu) in 10.5998ms
2025-08-09 18:15:18.526 -06:00 [INF] Executed endpoint 'PaginaBizu.Controllers.CartController.CartCount (PaginaBizu)'
2025-08-09 18:15:18.529 -06:00 [INF] Request finished HTTP/1.1 GET http://localhost:5116/Cart/CartCount - 200 null application/json; charset=utf-8 34.9074ms
