2025-07-24 18:15:45.494 -06:00 [INF] User profile is available. Using 'C:\Users\hoshu\AppData\Local\ASP.NET\DataProtection-Keys' as key repository and Windows DPAPI to encrypt keys at rest.
2025-07-24 18:15:46.292 -06:00 [WRN] No store type was specified for the decimal property 'Total' on entity type 'Order'. This will cause values to be silently truncated if they do not fit in the default precision and scale. Explicitly specify the SQL server column type that can accommodate all the values in 'OnModelCreating' using 'HasColumnType', specify precision and scale using 'HasPrecision', or configure a value converter using 'HasConversion'.
2025-07-24 18:15:46.298 -06:00 [WRN] No store type was specified for the decimal property 'PrecioUnitario' on entity type 'OrderDetail'. This will cause values to be silently truncated if they do not fit in the default precision and scale. Explicitly specify the SQL server column type that can accommodate all the values in 'OnModelCreating' using 'HasColumnType', specify precision and scale using 'HasPrecision', or configure a value converter using 'HasConversion'.
2025-07-24 18:15:46.304 -06:00 [WRN] No store type was specified for the decimal property 'Precio' on entity type 'Product'. This will cause values to be silently truncated if they do not fit in the default precision and scale. Explicitly specify the SQL server column type that can accommodate all the values in 'OnModelCreating' using 'HasColumnType', specify precision and scale using 'HasPrecision', or configure a value converter using 'HasConversion'.
2025-07-24 18:15:47.341 -06:00 [INF] Executed DbCommand (112ms) [Parameters=[@__normalizedName_0='?' (Size = 256)], CommandType='"Text"', CommandTimeout='30']
SELECT TOP(1) [a].[Id], [a].[ConcurrencyStamp], [a].[Name], [a].[NormalizedName]
FROM [AspNetRoles] AS [a]
WHERE [a].[NormalizedName] = @__normalizedName_0
2025-07-24 18:15:47.435 -06:00 [INF] Executed DbCommand (10ms) [Parameters=[@__normalizedEmail_0='?' (Size = 256)], CommandType='"Text"', CommandTimeout='30']
SELECT TOP(2) [a].[Id], [a].[AccessFailedCount], [a].[ConcurrencyStamp], [a].[Email], [a].[EmailConfirmed], [a].[LockoutEnabled], [a].[LockoutEnd], [a].[NormalizedEmail], [a].[NormalizedUserName], [a].[PasswordHash], [a].[PhoneNumber], [a].[PhoneNumberConfirmed], [a].[SecurityStamp], [a].[TwoFactorEnabled], [a].[UserName]
FROM [AspNetUsers] AS [a]
WHERE [a].[NormalizedEmail] = @__normalizedEmail_0
2025-07-24 18:15:47.543 -06:00 [INF] Executed DbCommand (16ms) [Parameters=[@__normalizedRoleName_0='?' (Size = 256)], CommandType='"Text"', CommandTimeout='30']
SELECT TOP(2) [a].[Id], [a].[ConcurrencyStamp], [a].[Name], [a].[NormalizedName]
FROM [AspNetRoles] AS [a]
WHERE [a].[NormalizedName] = @__normalizedRoleName_0
2025-07-24 18:15:47.597 -06:00 [INF] Executed DbCommand (6ms) [Parameters=[@__p_0='?' (Size = 450), @__p_1='?' (Size = 450)], CommandType='"Text"', CommandTimeout='30']
SELECT TOP(1) [a].[UserId], [a].[RoleId]
FROM [AspNetUserRoles] AS [a]
WHERE [a].[UserId] = @__p_0 AND [a].[RoleId] = @__p_1
2025-07-24 18:15:47.631 -06:00 [INF] Executed DbCommand (6ms) [Parameters=[@__normalizedEmail_0='?' (Size = 256)], CommandType='"Text"', CommandTimeout='30']
SELECT TOP(2) [a].[Id], [a].[AccessFailedCount], [a].[ConcurrencyStamp], [a].[Email], [a].[EmailConfirmed], [a].[LockoutEnabled], [a].[LockoutEnd], [a].[NormalizedEmail], [a].[NormalizedUserName], [a].[PasswordHash], [a].[PhoneNumber], [a].[PhoneNumberConfirmed], [a].[SecurityStamp], [a].[TwoFactorEnabled], [a].[UserName]
FROM [AspNetUsers] AS [a]
WHERE [a].[NormalizedEmail] = @__normalizedEmail_0
2025-07-24 18:15:47.644 -06:00 [INF] Executed DbCommand (5ms) [Parameters=[@__normalizedRoleName_0='?' (Size = 256)], CommandType='"Text"', CommandTimeout='30']
SELECT TOP(2) [a].[Id], [a].[ConcurrencyStamp], [a].[Name], [a].[NormalizedName]
FROM [AspNetRoles] AS [a]
WHERE [a].[NormalizedName] = @__normalizedRoleName_0
2025-07-24 18:15:47.652 -06:00 [INF] Executed DbCommand (3ms) [Parameters=[@__p_0='?' (Size = 450), @__p_1='?' (Size = 450)], CommandType='"Text"', CommandTimeout='30']
SELECT TOP(1) [a].[UserId], [a].[RoleId]
FROM [AspNetUserRoles] AS [a]
WHERE [a].[UserId] = @__p_0 AND [a].[RoleId] = @__p_1
2025-07-24 18:15:47.657 -06:00 [INF] Executed DbCommand (1ms) [Parameters=[@__normalizedEmail_0='?' (Size = 256)], CommandType='"Text"', CommandTimeout='30']
SELECT TOP(2) [a].[Id], [a].[AccessFailedCount], [a].[ConcurrencyStamp], [a].[Email], [a].[EmailConfirmed], [a].[LockoutEnabled], [a].[LockoutEnd], [a].[NormalizedEmail], [a].[NormalizedUserName], [a].[PasswordHash], [a].[PhoneNumber], [a].[PhoneNumberConfirmed], [a].[SecurityStamp], [a].[TwoFactorEnabled], [a].[UserName]
FROM [AspNetUsers] AS [a]
WHERE [a].[NormalizedEmail] = @__normalizedEmail_0
2025-07-24 18:15:47.664 -06:00 [INF] Executed DbCommand (2ms) [Parameters=[@__normalizedRoleName_0='?' (Size = 256)], CommandType='"Text"', CommandTimeout='30']
SELECT TOP(2) [a].[Id], [a].[ConcurrencyStamp], [a].[Name], [a].[NormalizedName]
FROM [AspNetRoles] AS [a]
WHERE [a].[NormalizedName] = @__normalizedRoleName_0
2025-07-24 18:15:47.670 -06:00 [INF] Executed DbCommand (1ms) [Parameters=[@__p_0='?' (Size = 450), @__p_1='?' (Size = 450)], CommandType='"Text"', CommandTimeout='30']
SELECT TOP(1) [a].[UserId], [a].[RoleId]
FROM [AspNetUserRoles] AS [a]
WHERE [a].[UserId] = @__p_0 AND [a].[RoleId] = @__p_1
2025-07-24 18:15:48.396 -06:00 [INF] Now listening on: http://localhost:5116
2025-07-24 18:15:48.551 -06:00 [INF] Application started. Press Ctrl+C to shut down.
2025-07-24 18:15:48.558 -06:00 [INF] Hosting environment: Development
2025-07-24 18:15:48.578 -06:00 [INF] Content root path: C:\Users\hoshu\source\repos\PaginaBizu\PaginaBizu
2025-07-24 18:15:49.491 -06:00 [INF] Request starting HTTP/1.1 GET http://localhost:5116/ - null null
2025-07-24 18:15:49.921 -06:00 [WRN] Failed to determine the https port for redirect.
2025-07-24 18:15:50.014 -06:00 [INF] Executing endpoint 'PaginaBizu.Controllers.HomeController.Index (PaginaBizu)'
2025-07-24 18:15:50.039 -06:00 [INF] Route matched with {action = "Index", controller = "Home", page = "", area = ""}. Executing controller action with signature Microsoft.AspNetCore.Mvc.IActionResult Index() on controller PaginaBizu.Controllers.HomeController (PaginaBizu).
2025-07-24 18:15:50.054 -06:00 [INF] ➡️ Acción ejecutándose: Home/Index | Usuario: No autenticado | IP: ::1 | Hora: "2025-07-24T18:15:50.0544021-06:00"
2025-07-24 18:15:50.064 -06:00 [INF] ✅ Acción ejecutada: Home/Index | Hora: "2025-07-24T18:15:50.0648677-06:00"
2025-07-24 18:15:50.086 -06:00 [INF] Executing ViewResult, running view Index.
2025-07-24 18:15:50.496 -06:00 [INF] Executed ViewResult - view Index executed in 415.6923ms.
2025-07-24 18:15:50.506 -06:00 [INF] Executed action PaginaBizu.Controllers.HomeController.Index (PaginaBizu) in 460.0562ms
2025-07-24 18:15:50.515 -06:00 [INF] Executed endpoint 'PaginaBizu.Controllers.HomeController.Index (PaginaBizu)'
2025-07-24 18:15:50.536 -06:00 [INF] Request finished HTTP/1.1 GET http://localhost:5116/ - 200 null text/html; charset=utf-8 1068.4783ms
2025-07-24 18:15:50.620 -06:00 [INF] Request starting HTTP/1.1 GET http://localhost:5116/css/glow-form.css - null null
2025-07-24 18:15:50.620 -06:00 [INF] Request starting HTTP/1.1 GET http://localhost:5116/css/site.css?v=IDb81l40xEm2yDGbv2iiBqZEZ5q84qRTNUi0SVI4U34 - null null
2025-07-24 18:15:50.664 -06:00 [INF] The file /css/glow-form.css was not modified
2025-07-24 18:15:50.669 -06:00 [INF] The file /css/site.css was not modified
2025-07-24 18:15:50.675 -06:00 [INF] Request finished HTTP/1.1 GET http://localhost:5116/css/glow-form.css - 304 null text/css 55.061ms
2025-07-24 18:15:50.677 -06:00 [INF] Request finished HTTP/1.1 GET http://localhost:5116/css/site.css?v=IDb81l40xEm2yDGbv2iiBqZEZ5q84qRTNUi0SVI4U34 - 304 null text/css 57.8163ms
2025-07-24 18:15:51.371 -06:00 [INF] Request starting HTTP/1.1 GET http://localhost:5116/_framework/aspnetcore-browser-refresh.js - null null
2025-07-24 18:15:51.380 -06:00 [INF] Request starting HTTP/1.1 GET http://localhost:5116/_vs/browserLink - null null
2025-07-24 18:15:51.386 -06:00 [INF] Request finished HTTP/1.1 GET http://localhost:5116/_framework/aspnetcore-browser-refresh.js - 200 16505 application/javascript; charset=utf-8 14.7854ms
2025-07-24 18:15:51.512 -06:00 [INF] Request finished HTTP/1.1 GET http://localhost:5116/_vs/browserLink - 200 null text/javascript; charset=UTF-8 132.1543ms
2025-07-24 18:15:51.630 -06:00 [INF] Request starting HTTP/1.1 GET http://localhost:5116/images/bg.png - null null
2025-07-24 18:15:51.653 -06:00 [INF] Request finished HTTP/1.1 GET http://localhost:5116/images/bg.png - 404 0 null 23.1016ms
2025-07-24 18:15:51.667 -06:00 [INF] Request reached the end of the middleware pipeline without being handled by application code. Request path: GET http://localhost:5116/images/bg.png, Response status code: 404
2025-07-24 18:15:51.679 -06:00 [INF] Request starting HTTP/1.1 GET http://localhost:5116/css/tailwindcss - null null
2025-07-24 18:15:51.698 -06:00 [INF] Request finished HTTP/1.1 GET http://localhost:5116/css/tailwindcss - 404 0 null 19.2817ms
2025-07-24 18:15:51.712 -06:00 [INF] Request reached the end of the middleware pipeline without being handled by application code. Request path: GET http://localhost:5116/css/tailwindcss, Response status code: 404
2025-07-24 18:15:51.986 -06:00 [INF] Request starting HTTP/1.1 GET http://localhost:5116/Cart/CartCount - null null
2025-07-24 18:15:51.996 -06:00 [INF] Request finished HTTP/1.1 GET http://localhost:5116/Cart/CartCount - 404 0 null 10.3914ms
2025-07-24 18:15:52.005 -06:00 [INF] Request reached the end of the middleware pipeline without being handled by application code. Request path: GET http://localhost:5116/Cart/CartCount, Response status code: 404
2025-07-24 18:17:13.059 -06:00 [INF] Request starting HTTP/1.1 POST http://localhost:5116/Account/Login - application/x-www-form-urlencoded 238
2025-07-24 18:17:13.098 -06:00 [INF] Executing endpoint 'PaginaBizu.Controllers.AccountController.Login (PaginaBizu)'
2025-07-24 18:17:13.138 -06:00 [INF] Route matched with {action = "Login", controller = "Account", page = "", area = ""}. Executing controller action with signature System.Threading.Tasks.Task`1[Microsoft.AspNetCore.Mvc.IActionResult] Login(System.String, System.String, Boolean) on controller PaginaBizu.Controllers.AccountController (PaginaBizu).
2025-07-24 18:17:13.243 -06:00 [INF] ➡️ Acción ejecutándose: Account/Login | Usuario: No autenticado | IP: ::1 | Hora: "2025-07-24T18:17:13.2431185-06:00"
2025-07-24 18:17:13.424 -06:00 [INF] Executed DbCommand (24ms) [Parameters=[@__normalizedUserName_0='?' (Size = 256)], CommandType='"Text"', CommandTimeout='30']
SELECT TOP(1) [a].[Id], [a].[AccessFailedCount], [a].[ConcurrencyStamp], [a].[Email], [a].[EmailConfirmed], [a].[LockoutEnabled], [a].[LockoutEnd], [a].[NormalizedEmail], [a].[NormalizedUserName], [a].[PasswordHash], [a].[PhoneNumber], [a].[PhoneNumberConfirmed], [a].[SecurityStamp], [a].[TwoFactorEnabled], [a].[UserName]
FROM [AspNetUsers] AS [a]
WHERE [a].[NormalizedUserName] = @__normalizedUserName_0
2025-07-24 18:17:13.788 -06:00 [INF] Executed DbCommand (13ms) [Parameters=[@__user_Id_0='?' (Size = 450)], CommandType='"Text"', CommandTimeout='30']
SELECT [a].[Id], [a].[ClaimType], [a].[ClaimValue], [a].[UserId]
FROM [AspNetUserClaims] AS [a]
WHERE [a].[UserId] = @__user_Id_0
2025-07-24 18:17:13.889 -06:00 [INF] Executed DbCommand (8ms) [Parameters=[@__userId_0='?' (Size = 450)], CommandType='"Text"', CommandTimeout='30']
SELECT [a0].[Name]
FROM [AspNetUserRoles] AS [a]
INNER JOIN [AspNetRoles] AS [a0] ON [a].[RoleId] = [a0].[Id]
WHERE [a].[UserId] = @__userId_0
2025-07-24 18:17:13.907 -06:00 [INF] Executed DbCommand (5ms) [Parameters=[@__normalizedName_0='?' (Size = 256)], CommandType='"Text"', CommandTimeout='30']
SELECT TOP(1) [a].[Id], [a].[ConcurrencyStamp], [a].[Name], [a].[NormalizedName]
FROM [AspNetRoles] AS [a]
WHERE [a].[NormalizedName] = @__normalizedName_0
2025-07-24 18:17:13.934 -06:00 [INF] Executed DbCommand (5ms) [Parameters=[@__role_Id_0='?' (Size = 450)], CommandType='"Text"', CommandTimeout='30']
SELECT [a].[ClaimType], [a].[ClaimValue]
FROM [AspNetRoleClaims] AS [a]
WHERE [a].[RoleId] = @__role_Id_0
2025-07-24 18:17:13.958 -06:00 [INF] AuthenticationScheme: Identity.Application signed in.
2025-07-24 18:17:13.972 -06:00 [INF] ✅ Acción ejecutada: Account/Login | Hora: "2025-07-24T18:17:13.9719972-06:00"
2025-07-24 18:17:13.990 -06:00 [INF] Executing RedirectResult, redirecting to /.
2025-07-24 18:17:14.000 -06:00 [INF] Executed action PaginaBizu.Controllers.AccountController.Login (PaginaBizu) in 849.9541ms
2025-07-24 18:17:14.005 -06:00 [INF] Executed endpoint 'PaginaBizu.Controllers.AccountController.Login (PaginaBizu)'
2025-07-24 18:17:14.021 -06:00 [INF] Request finished HTTP/1.1 POST http://localhost:5116/Account/Login - 302 0 null 961.9031ms
2025-07-24 18:17:14.033 -06:00 [INF] Request starting HTTP/1.1 GET http://localhost:5116/ - null null
2025-07-24 18:17:14.070 -06:00 [INF] Executing endpoint 'PaginaBizu.Controllers.HomeController.Index (PaginaBizu)'
2025-07-24 18:17:14.079 -06:00 [INF] Route matched with {action = "Index", controller = "Home", page = "", area = ""}. Executing controller action with signature Microsoft.AspNetCore.Mvc.IActionResult Index() on controller PaginaBizu.Controllers.HomeController (PaginaBizu).
2025-07-24 18:17:14.087 -06:00 [INF] ➡️ Acción ejecutándose: Home/Index | Usuario: hoshuacastillo48@gmail.com | IP: ::1 | Hora: "2025-07-24T18:17:14.0876567-06:00"
2025-07-24 18:17:14.091 -06:00 [INF] ✅ Acción ejecutada: Home/Index | Hora: "2025-07-24T18:17:14.0918723-06:00"
2025-07-24 18:17:14.098 -06:00 [INF] Executing ViewResult, running view Index.
2025-07-24 18:17:14.119 -06:00 [INF] Executed ViewResult - view Index executed in 21.8592ms.
2025-07-24 18:17:14.123 -06:00 [INF] Executed action PaginaBizu.Controllers.HomeController.Index (PaginaBizu) in 36.8351ms
2025-07-24 18:17:14.129 -06:00 [INF] Executed endpoint 'PaginaBizu.Controllers.HomeController.Index (PaginaBizu)'
2025-07-24 18:17:14.133 -06:00 [INF] Request finished HTTP/1.1 GET http://localhost:5116/ - 200 null text/html; charset=utf-8 100.0979ms
2025-07-24 18:17:14.555 -06:00 [INF] Request starting HTTP/1.1 GET http://localhost:5116/_framework/aspnetcore-browser-refresh.js - null null
2025-07-24 18:17:14.555 -06:00 [INF] Request starting HTTP/1.1 GET http://localhost:5116/_vs/browserLink - null null
2025-07-24 18:17:14.565 -06:00 [INF] Request finished HTTP/1.1 GET http://localhost:5116/_framework/aspnetcore-browser-refresh.js - 200 16505 application/javascript; charset=utf-8 10.4454ms
2025-07-24 18:17:14.602 -06:00 [INF] Request finished HTTP/1.1 GET http://localhost:5116/_vs/browserLink - 200 null text/javascript; charset=UTF-8 47.1692ms
2025-07-24 18:17:14.705 -06:00 [INF] Request starting HTTP/1.1 GET http://localhost:5116/images/bg.png - null null
2025-07-24 18:17:14.722 -06:00 [INF] Request finished HTTP/1.1 GET http://localhost:5116/images/bg.png - 404 0 null 17.8407ms
2025-07-24 18:17:14.734 -06:00 [INF] Request reached the end of the middleware pipeline without being handled by application code. Request path: GET http://localhost:5116/images/bg.png, Response status code: 404
2025-07-24 18:17:14.738 -06:00 [INF] Request starting HTTP/1.1 GET http://localhost:5116/images/bg.png - null null
2025-07-24 18:17:14.755 -06:00 [INF] Request finished HTTP/1.1 GET http://localhost:5116/images/bg.png - 404 0 null 17.5554ms
2025-07-24 18:17:14.760 -06:00 [INF] Request reached the end of the middleware pipeline without being handled by application code. Request path: GET http://localhost:5116/images/bg.png, Response status code: 404
2025-07-24 18:17:15.096 -06:00 [INF] Request starting HTTP/1.1 GET http://localhost:5116/css/tailwindcss - null null
2025-07-24 18:17:15.108 -06:00 [INF] Request finished HTTP/1.1 GET http://localhost:5116/css/tailwindcss - 404 0 null 11.7388ms
2025-07-24 18:17:15.117 -06:00 [INF] Request reached the end of the middleware pipeline without being handled by application code. Request path: GET http://localhost:5116/css/tailwindcss, Response status code: 404
2025-07-24 18:17:15.414 -06:00 [INF] Request starting HTTP/1.1 GET http://localhost:5116/Cart/CartCount - null null
2025-07-24 18:17:15.424 -06:00 [INF] Request finished HTTP/1.1 GET http://localhost:5116/Cart/CartCount - 404 0 null 9.8874ms
2025-07-24 18:17:15.435 -06:00 [INF] Request reached the end of the middleware pipeline without being handled by application code. Request path: GET http://localhost:5116/Cart/CartCount, Response status code: 404
2025-07-24 18:17:39.924 -06:00 [INF] Request starting HTTP/1.1 GET http://localhost:5116/products - null null
2025-07-24 18:17:39.969 -06:00 [INF] Executing endpoint 'PaginaBizu.Controllers.ProductsController.Index (PaginaBizu)'
2025-07-24 18:17:39.990 -06:00 [INF] Route matched with {action = "Index", controller = "Products", page = "", area = ""}. Executing controller action with signature System.Threading.Tasks.Task`1[Microsoft.AspNetCore.Mvc.IActionResult] Index() on controller PaginaBizu.Controllers.ProductsController (PaginaBizu).
2025-07-24 18:17:39.999 -06:00 [INF] ➡️ Acción ejecutándose: Products/Index | Usuario: hoshuacastillo48@gmail.com | IP: ::1 | Hora: "2025-07-24T18:17:39.9999095-06:00"
2025-07-24 18:17:40.080 -06:00 [INF] Executed DbCommand (16ms) [Parameters=[], CommandType='"Text"', CommandTimeout='30']
SELECT [p].[Id], [p].[CantidadDisponible], [p].[Categoria], [p].[Descripcion], [p].[FechaCreacion], [p].[ImagenUrl], [p].[NombreArticulo], [p].[Precio]
FROM [Products] AS [p]
2025-07-24 18:17:40.134 -06:00 [INF] ✅ Acción ejecutada: Products/Index | Hora: "2025-07-24T18:17:40.1345403-06:00"
2025-07-24 18:17:40.140 -06:00 [INF] Executing ViewResult, running view Index.
2025-07-24 18:17:40.199 -06:00 [INF] Executed ViewResult - view Index executed in 61.1232ms.
2025-07-24 18:17:40.207 -06:00 [INF] Executed action PaginaBizu.Controllers.ProductsController.Index (PaginaBizu) in 208.4011ms
2025-07-24 18:17:40.213 -06:00 [INF] Executed endpoint 'PaginaBizu.Controllers.ProductsController.Index (PaginaBizu)'
2025-07-24 18:17:40.218 -06:00 [INF] Request finished HTTP/1.1 GET http://localhost:5116/products - 200 null text/html; charset=utf-8 293.4138ms
2025-07-24 18:17:40.232 -06:00 [INF] Request starting HTTP/1.1 GET http://localhost:5116/imagenpulseraoro.jpg - null null
2025-07-24 18:17:40.234 -06:00 [INF] Request starting HTTP/1.1 GET http://localhost:5116/pulseraverde.jpg - null null
2025-07-24 18:17:40.249 -06:00 [INF] Request finished HTTP/1.1 GET http://localhost:5116/imagenpulseraoro.jpg - 404 0 null 17.2945ms
2025-07-24 18:17:40.256 -06:00 [INF] Request finished HTTP/1.1 GET http://localhost:5116/pulseraverde.jpg - 404 0 null 22.4562ms
2025-07-24 18:17:40.271 -06:00 [INF] Request reached the end of the middleware pipeline without being handled by application code. Request path: GET http://localhost:5116/imagenpulseraoro.jpg, Response status code: 404
2025-07-24 18:17:40.289 -06:00 [INF] Request reached the end of the middleware pipeline without being handled by application code. Request path: GET http://localhost:5116/pulseraverde.jpg, Response status code: 404
2025-07-24 18:17:41.753 -06:00 [INF] Request starting HTTP/1.1 GET http://localhost:5116/imagenpulserrojo.jpg - null null
2025-07-24 18:17:41.761 -06:00 [INF] Request finished HTTP/1.1 GET http://localhost:5116/imagenpulserrojo.jpg - 404 0 null 8.7966ms
2025-07-24 18:17:41.770 -06:00 [INF] Request reached the end of the middleware pipeline without being handled by application code. Request path: GET http://localhost:5116/imagenpulserrojo.jpg, Response status code: 404
2025-07-24 18:17:41.812 -06:00 [INF] Request starting HTTP/1.1 GET http://localhost:5116/_framework/aspnetcore-browser-refresh.js - null null
2025-07-24 18:17:41.819 -06:00 [INF] Request finished HTTP/1.1 GET http://localhost:5116/_framework/aspnetcore-browser-refresh.js - 200 16505 application/javascript; charset=utf-8 7.2479ms
2025-07-24 18:17:42.004 -06:00 [INF] Request starting HTTP/1.1 GET http://localhost:5116/_vs/browserLink - null null
2025-07-24 18:17:42.021 -06:00 [INF] Request finished HTTP/1.1 GET http://localhost:5116/_vs/browserLink - 200 null text/javascript; charset=UTF-8 17.1235ms
2025-07-24 18:17:42.037 -06:00 [INF] Request starting HTTP/1.1 GET http://localhost:5116/Cart/CartCount - null null
2025-07-24 18:17:42.046 -06:00 [INF] Request finished HTTP/1.1 GET http://localhost:5116/Cart/CartCount - 404 0 null 8.8074ms
2025-07-24 18:17:42.056 -06:00 [INF] Request reached the end of the middleware pipeline without being handled by application code. Request path: GET http://localhost:5116/Cart/CartCount, Response status code: 404
2025-07-24 18:17:56.014 -06:00 [INF] Request starting HTTP/1.1 GET http://localhost:5116/_framework/aspnetcore-browser-refresh.js - null null
2025-07-24 18:17:56.020 -06:00 [INF] Request finished HTTP/1.1 GET http://localhost:5116/_framework/aspnetcore-browser-refresh.js - 200 16505 application/javascript; charset=utf-8 6.5154ms
2025-07-24 18:17:56.279 -06:00 [INF] Request starting HTTP/1.1 GET http://localhost:5116/_vs/browserLink - null null
2025-07-24 18:17:56.299 -06:00 [INF] Request finished HTTP/1.1 GET http://localhost:5116/_vs/browserLink - 200 null text/javascript; charset=UTF-8 20.7369ms
2025-07-24 18:17:56.908 -06:00 [INF] Request starting HTTP/1.1 GET http://localhost:5116/swagger/v1/swagger.json - null null
2025-07-24 18:17:56.942 -06:00 [INF] Request finished HTTP/1.1 GET http://localhost:5116/swagger/v1/swagger.json - 200 null application/json;charset=utf-8 34.4278ms
2025-07-24 18:18:24.207 -06:00 [INF] Request starting HTTP/1.1 GET http://localhost:5116/products - null null
2025-07-24 18:18:24.244 -06:00 [INF] Executing endpoint 'PaginaBizu.Controllers.ProductsController.Index (PaginaBizu)'
2025-07-24 18:18:24.251 -06:00 [INF] Route matched with {action = "Index", controller = "Products", page = "", area = ""}. Executing controller action with signature System.Threading.Tasks.Task`1[Microsoft.AspNetCore.Mvc.IActionResult] Index() on controller PaginaBizu.Controllers.ProductsController (PaginaBizu).
2025-07-24 18:18:24.256 -06:00 [INF] ➡️ Acción ejecutándose: Products/Index | Usuario: hoshuacastillo48@gmail.com | IP: ::1 | Hora: "2025-07-24T18:18:24.2562725-06:00"
2025-07-24 18:18:24.274 -06:00 [INF] Executed DbCommand (9ms) [Parameters=[], CommandType='"Text"', CommandTimeout='30']
SELECT [p].[Id], [p].[CantidadDisponible], [p].[Categoria], [p].[Descripcion], [p].[FechaCreacion], [p].[ImagenUrl], [p].[NombreArticulo], [p].[Precio]
FROM [Products] AS [p]
2025-07-24 18:18:24.289 -06:00 [INF] ✅ Acción ejecutada: Products/Index | Hora: "2025-07-24T18:18:24.2897258-06:00"
2025-07-24 18:18:24.295 -06:00 [INF] Executing ViewResult, running view Index.
2025-07-24 18:18:24.303 -06:00 [INF] Executed ViewResult - view Index executed in 8.3267ms.
2025-07-24 18:18:24.308 -06:00 [INF] Executed action PaginaBizu.Controllers.ProductsController.Index (PaginaBizu) in 52.0934ms
2025-07-24 18:18:24.318 -06:00 [INF] Executed endpoint 'PaginaBizu.Controllers.ProductsController.Index (PaginaBizu)'
2025-07-24 18:18:24.323 -06:00 [INF] Request finished HTTP/1.1 GET http://localhost:5116/products - 200 null text/html; charset=utf-8 116.403ms
2025-07-24 18:18:24.375 -06:00 [INF] Request starting HTTP/1.1 GET http://localhost:5116/imagenpulseraoro.jpg - null null
2025-07-24 18:18:24.382 -06:00 [INF] Request starting HTTP/1.1 GET http://localhost:5116/pulseraverde.jpg - null null
2025-07-24 18:18:24.395 -06:00 [INF] Request finished HTTP/1.1 GET http://localhost:5116/imagenpulseraoro.jpg - 404 0 null 20.1961ms
2025-07-24 18:18:24.401 -06:00 [INF] Request finished HTTP/1.1 GET http://localhost:5116/pulseraverde.jpg - 404 0 null 19.7726ms
2025-07-24 18:18:24.407 -06:00 [INF] Request reached the end of the middleware pipeline without being handled by application code. Request path: GET http://localhost:5116/imagenpulseraoro.jpg, Response status code: 404
2025-07-24 18:18:24.418 -06:00 [INF] Request reached the end of the middleware pipeline without being handled by application code. Request path: GET http://localhost:5116/pulseraverde.jpg, Response status code: 404
2025-07-24 18:18:24.657 -06:00 [INF] Request starting HTTP/1.1 GET http://localhost:5116/imagenpulserrojo.jpg - null null
2025-07-24 18:18:24.675 -06:00 [INF] Request starting HTTP/1.1 GET http://localhost:5116/_vs/browserLink - null null
2025-07-24 18:18:24.657 -06:00 [INF] Request starting HTTP/1.1 GET http://localhost:5116/_framework/aspnetcore-browser-refresh.js - null null
2025-07-24 18:18:24.700 -06:00 [INF] Request finished HTTP/1.1 GET http://localhost:5116/imagenpulserrojo.jpg - 404 0 null 43.3347ms
2025-07-24 18:18:24.720 -06:00 [INF] Request finished HTTP/1.1 GET http://localhost:5116/_vs/browserLink - 200 null text/javascript; charset=UTF-8 44.7948ms
2025-07-24 18:18:24.720 -06:00 [INF] Request finished HTTP/1.1 GET http://localhost:5116/_framework/aspnetcore-browser-refresh.js - 200 16505 application/javascript; charset=utf-8 63.0943ms
2025-07-24 18:18:24.740 -06:00 [INF] Request reached the end of the middleware pipeline without being handled by application code. Request path: GET http://localhost:5116/imagenpulserrojo.jpg, Response status code: 404
2025-07-24 18:18:24.856 -06:00 [INF] Request starting HTTP/1.1 GET http://localhost:5116/Cart/CartCount - null null
2025-07-24 18:18:24.868 -06:00 [INF] Request finished HTTP/1.1 GET http://localhost:5116/Cart/CartCount - 404 0 null 11.7939ms
2025-07-24 18:18:24.880 -06:00 [INF] Request reached the end of the middleware pipeline without being handled by application code. Request path: GET http://localhost:5116/Cart/CartCount, Response status code: 404
2025-07-24 18:18:30.838 -06:00 [INF] Request starting HTTP/1.1 GET http://localhost:5116/Orders - null null
2025-07-24 18:18:30.852 -06:00 [INF] Executing endpoint 'PaginaBizu.Controllers.OrdersController.Index (PaginaBizu)'
2025-07-24 18:18:30.857 -06:00 [INF] Route matched with {action = "Index", controller = "Orders", page = "", area = ""}. Executing controller action with signature Microsoft.AspNetCore.Mvc.IActionResult Index() on controller PaginaBizu.Controllers.OrdersController (PaginaBizu).
2025-07-24 18:18:30.861 -06:00 [INF] ➡️ Acción ejecutándose: Orders/Index | Usuario: hoshuacastillo48@gmail.com | IP: ::1 | Hora: "2025-07-24T18:18:30.8617047-06:00"
2025-07-24 18:18:31.066 -06:00 [INF] Executed DbCommand (58ms) [Parameters=[], CommandType='"Text"', CommandTimeout='30']
SELECT [o].[Id], [o].[Estado], [o].[Fecha], [o].[Total], [o].[UsuarioId], [t].[Id], [t].[Cantidad], [t].[OrderId], [t].[PrecioUnitario], [t].[ProductId], [t].[Id0], [t].[CantidadDisponible], [t].[Categoria], [t].[Descripcion], [t].[FechaCreacion], [t].[ImagenUrl], [t].[NombreArticulo], [t].[Precio]
FROM [Orders] AS [o]
LEFT JOIN (
    SELECT [o0].[Id], [o0].[Cantidad], [o0].[OrderId], [o0].[PrecioUnitario], [o0].[ProductId], [p].[Id] AS [Id0], [p].[CantidadDisponible], [p].[Categoria], [p].[Descripcion], [p].[FechaCreacion], [p].[ImagenUrl], [p].[NombreArticulo], [p].[Precio]
    FROM [OrderDetails] AS [o0]
    INNER JOIN [Products] AS [p] ON [o0].[ProductId] = [p].[Id]
) AS [t] ON [o].[Id] = [t].[OrderId]
ORDER BY [o].[Fecha] DESC, [o].[Id], [t].[Id]
2025-07-24 18:18:31.144 -06:00 [INF] ✅ Acción ejecutada: Orders/Index | Hora: "2025-07-24T18:18:31.1441061-06:00"
2025-07-24 18:18:31.152 -06:00 [INF] Executing ViewResult, running view Index.
2025-07-24 18:18:31.183 -06:00 [INF] Executed ViewResult - view Index executed in 33.0279ms.
2025-07-24 18:18:31.197 -06:00 [INF] Executed action PaginaBizu.Controllers.OrdersController.Index (PaginaBizu) in 335.8544ms
2025-07-24 18:18:31.204 -06:00 [INF] Executed endpoint 'PaginaBizu.Controllers.OrdersController.Index (PaginaBizu)'
2025-07-24 18:18:31.209 -06:00 [INF] Request finished HTTP/1.1 GET http://localhost:5116/Orders - 200 null text/html; charset=utf-8 370.6332ms
2025-07-24 18:18:31.247 -06:00 [INF] Request starting HTTP/1.1 GET http://localhost:5116/_vs/browserLink - null null
2025-07-24 18:18:31.248 -06:00 [INF] Request starting HTTP/1.1 GET http://localhost:5116/_framework/aspnetcore-browser-refresh.js - null null
2025-07-24 18:18:31.268 -06:00 [INF] Request finished HTTP/1.1 GET http://localhost:5116/_vs/browserLink - 200 null text/javascript; charset=UTF-8 20.324ms
2025-07-24 18:18:31.270 -06:00 [INF] Request finished HTTP/1.1 GET http://localhost:5116/_framework/aspnetcore-browser-refresh.js - 200 16505 application/javascript; charset=utf-8 21.6202ms
2025-07-24 18:18:31.651 -06:00 [INF] Request starting HTTP/1.1 GET http://localhost:5116/Cart/CartCount - null null
2025-07-24 18:18:31.661 -06:00 [INF] Request finished HTTP/1.1 GET http://localhost:5116/Cart/CartCount - 404 0 null 9.8788ms
2025-07-24 18:18:31.671 -06:00 [INF] Request reached the end of the middleware pipeline without being handled by application code. Request path: GET http://localhost:5116/Cart/CartCount, Response status code: 404
2025-07-24 18:18:43.597 -06:00 [INF] Request starting HTTP/1.1 GET http://localhost:5116/Orders/CrearPedidoPrueba - null null
2025-07-24 18:18:43.610 -06:00 [INF] Executing endpoint 'PaginaBizu.Controllers.OrdersController.CrearPedidoPrueba (PaginaBizu)'
2025-07-24 18:18:43.615 -06:00 [INF] Route matched with {action = "CrearPedidoPrueba", controller = "Orders", page = "", area = ""}. Executing controller action with signature Microsoft.AspNetCore.Mvc.IActionResult CrearPedidoPrueba() on controller PaginaBizu.Controllers.OrdersController (PaginaBizu).
2025-07-24 18:18:43.620 -06:00 [INF] ➡️ Acción ejecutándose: Orders/CrearPedidoPrueba | Usuario: hoshuacastillo48@gmail.com | IP: ::1 | Hora: "2025-07-24T18:18:43.6202936-06:00"
2025-07-24 18:18:44.035 -06:00 [INF] Executed DbCommand (50ms) [Parameters=[@p0='?' (Size = 4000), @p1='?' (DbType = DateTime2), @p2='?' (Precision = 18) (Scale = 2) (DbType = Decimal), @p3='?' (Size = 4000)], CommandType='"Text"', CommandTimeout='30']
SET IMPLICIT_TRANSACTIONS OFF;
SET NOCOUNT ON;
INSERT INTO [Orders] ([Estado], [Fecha], [Total], [UsuarioId])
OUTPUT INSERTED.[Id]
VALUES (@p0, @p1, @p2, @p3);
2025-07-24 18:18:44.088 -06:00 [INF] Executed DbCommand (9ms) [Parameters=[@p4='?' (DbType = Int32), @p5='?' (DbType = Int32), @p6='?' (Precision = 18) (Scale = 2) (DbType = Decimal), @p7='?' (DbType = Int32)], CommandType='"Text"', CommandTimeout='30']
SET IMPLICIT_TRANSACTIONS OFF;
SET NOCOUNT ON;
INSERT INTO [OrderDetails] ([Cantidad], [OrderId], [PrecioUnitario], [ProductId])
OUTPUT INSERTED.[Id]
VALUES (@p4, @p5, @p6, @p7);
2025-07-24 18:18:44.142 -06:00 [INF] ✅ Acción ejecutada: Orders/CrearPedidoPrueba | Hora: "2025-07-24T18:18:44.1429499-06:00"
2025-07-24 18:18:44.150 -06:00 [INF] Executing RedirectResult, redirecting to /Orders.
2025-07-24 18:18:44.152 -06:00 [INF] Executed action PaginaBizu.Controllers.OrdersController.CrearPedidoPrueba (PaginaBizu) in 532.0537ms
2025-07-24 18:18:44.157 -06:00 [INF] Executed endpoint 'PaginaBizu.Controllers.OrdersController.CrearPedidoPrueba (PaginaBizu)'
2025-07-24 18:18:44.161 -06:00 [INF] Request finished HTTP/1.1 GET http://localhost:5116/Orders/CrearPedidoPrueba - 302 0 null 564.5302ms
2025-07-24 18:18:44.176 -06:00 [INF] Request starting HTTP/1.1 GET http://localhost:5116/Orders - null null
2025-07-24 18:18:44.187 -06:00 [INF] Executing endpoint 'PaginaBizu.Controllers.OrdersController.Index (PaginaBizu)'
2025-07-24 18:18:44.192 -06:00 [INF] Route matched with {action = "Index", controller = "Orders", page = "", area = ""}. Executing controller action with signature Microsoft.AspNetCore.Mvc.IActionResult Index() on controller PaginaBizu.Controllers.OrdersController (PaginaBizu).
2025-07-24 18:18:44.199 -06:00 [INF] ➡️ Acción ejecutándose: Orders/Index | Usuario: hoshuacastillo48@gmail.com | IP: ::1 | Hora: "2025-07-24T18:18:44.1990590-06:00"
2025-07-24 18:18:44.217 -06:00 [INF] Executed DbCommand (13ms) [Parameters=[], CommandType='"Text"', CommandTimeout='30']
SELECT [o].[Id], [o].[Estado], [o].[Fecha], [o].[Total], [o].[UsuarioId], [t].[Id], [t].[Cantidad], [t].[OrderId], [t].[PrecioUnitario], [t].[ProductId], [t].[Id0], [t].[CantidadDisponible], [t].[Categoria], [t].[Descripcion], [t].[FechaCreacion], [t].[ImagenUrl], [t].[NombreArticulo], [t].[Precio]
FROM [Orders] AS [o]
LEFT JOIN (
    SELECT [o0].[Id], [o0].[Cantidad], [o0].[OrderId], [o0].[PrecioUnitario], [o0].[ProductId], [p].[Id] AS [Id0], [p].[CantidadDisponible], [p].[Categoria], [p].[Descripcion], [p].[FechaCreacion], [p].[ImagenUrl], [p].[NombreArticulo], [p].[Precio]
    FROM [OrderDetails] AS [o0]
    INNER JOIN [Products] AS [p] ON [o0].[ProductId] = [p].[Id]
) AS [t] ON [o].[Id] = [t].[OrderId]
ORDER BY [o].[Fecha] DESC, [o].[Id], [t].[Id]
2025-07-24 18:18:44.226 -06:00 [INF] ✅ Acción ejecutada: Orders/Index | Hora: "2025-07-24T18:18:44.2263583-06:00"
2025-07-24 18:18:44.231 -06:00 [INF] Executing ViewResult, running view Index.
2025-07-24 18:18:44.237 -06:00 [INF] Executed ViewResult - view Index executed in 5.8613ms.
2025-07-24 18:18:44.241 -06:00 [INF] Executed action PaginaBizu.Controllers.OrdersController.Index (PaginaBizu) in 42.8445ms
2025-07-24 18:18:44.244 -06:00 [INF] Executed endpoint 'PaginaBizu.Controllers.OrdersController.Index (PaginaBizu)'
2025-07-24 18:18:44.248 -06:00 [INF] Request finished HTTP/1.1 GET http://localhost:5116/Orders - 200 null text/html; charset=utf-8 72.2985ms
2025-07-24 18:18:44.332 -06:00 [INF] Request starting HTTP/1.1 GET http://localhost:5116/_framework/aspnetcore-browser-refresh.js - null null
2025-07-24 18:18:44.332 -06:00 [INF] Request starting HTTP/1.1 GET http://localhost:5116/_vs/browserLink - null null
2025-07-24 18:18:44.341 -06:00 [INF] Request finished HTTP/1.1 GET http://localhost:5116/_framework/aspnetcore-browser-refresh.js - 200 16505 application/javascript; charset=utf-8 8.471ms
2025-07-24 18:18:44.356 -06:00 [INF] Request finished HTTP/1.1 GET http://localhost:5116/_vs/browserLink - 200 null text/javascript; charset=UTF-8 24.0448ms
2025-07-24 18:18:44.605 -06:00 [INF] Request starting HTTP/1.1 GET http://localhost:5116/Cart/CartCount - null null
2025-07-24 18:18:44.613 -06:00 [INF] Request finished HTTP/1.1 GET http://localhost:5116/Cart/CartCount - 404 0 null 7.846ms
2025-07-24 18:18:44.620 -06:00 [INF] Request reached the end of the middleware pipeline without being handled by application code. Request path: GET http://localhost:5116/Cart/CartCount, Response status code: 404
2025-07-24 18:18:47.157 -06:00 [INF] Request starting HTTP/1.1 GET http://localhost:5116/Orders/Details/2 - null null
2025-07-24 18:18:47.183 -06:00 [INF] Executing endpoint 'PaginaBizu.Controllers.OrdersController.Details (PaginaBizu)'
2025-07-24 18:18:47.194 -06:00 [INF] Route matched with {action = "Details", controller = "Orders", page = "", area = ""}. Executing controller action with signature Microsoft.AspNetCore.Mvc.IActionResult Details(Int32) on controller PaginaBizu.Controllers.OrdersController (PaginaBizu).
2025-07-24 18:18:47.205 -06:00 [INF] ➡️ Acción ejecutándose: Orders/Details | Usuario: hoshuacastillo48@gmail.com | IP: ::1 | Hora: "2025-07-24T18:18:47.2058673-06:00"
2025-07-24 18:18:47.271 -06:00 [INF] Executed DbCommand (13ms) [Parameters=[@__id_0='?' (DbType = Int32)], CommandType='"Text"', CommandTimeout='30']
SELECT [t].[Id], [t].[Estado], [t].[Fecha], [t].[Total], [t].[UsuarioId], [t0].[Id], [t0].[Cantidad], [t0].[OrderId], [t0].[PrecioUnitario], [t0].[ProductId], [t0].[Id0], [t0].[CantidadDisponible], [t0].[Categoria], [t0].[Descripcion], [t0].[FechaCreacion], [t0].[ImagenUrl], [t0].[NombreArticulo], [t0].[Precio]
FROM (
    SELECT TOP(1) [o].[Id], [o].[Estado], [o].[Fecha], [o].[Total], [o].[UsuarioId]
    FROM [Orders] AS [o]
    WHERE [o].[Id] = @__id_0
) AS [t]
LEFT JOIN (
    SELECT [o0].[Id], [o0].[Cantidad], [o0].[OrderId], [o0].[PrecioUnitario], [o0].[ProductId], [p].[Id] AS [Id0], [p].[CantidadDisponible], [p].[Categoria], [p].[Descripcion], [p].[FechaCreacion], [p].[ImagenUrl], [p].[NombreArticulo], [p].[Precio]
    FROM [OrderDetails] AS [o0]
    INNER JOIN [Products] AS [p] ON [o0].[ProductId] = [p].[Id]
) AS [t0] ON [t].[Id] = [t0].[OrderId]
ORDER BY [t].[Id], [t0].[Id]
2025-07-24 18:18:47.279 -06:00 [INF] ✅ Acción ejecutada: Orders/Details | Hora: "2025-07-24T18:18:47.2794694-06:00"
2025-07-24 18:18:47.286 -06:00 [INF] Executing ViewResult, running view Details.
2025-07-24 18:18:47.302 -06:00 [INF] Executed ViewResult - view Details executed in 16.9406ms.
2025-07-24 18:18:47.310 -06:00 [INF] Executed action PaginaBizu.Controllers.OrdersController.Details (PaginaBizu) in 106.2026ms
2025-07-24 18:18:47.320 -06:00 [INF] Executed endpoint 'PaginaBizu.Controllers.OrdersController.Details (PaginaBizu)'
2025-07-24 18:18:47.330 -06:00 [INF] Request finished HTTP/1.1 GET http://localhost:5116/Orders/Details/2 - 200 null text/html; charset=utf-8 173.5122ms
2025-07-24 18:18:47.364 -06:00 [INF] Request starting HTTP/1.1 GET http://localhost:5116/_vs/browserLink - null null
2025-07-24 18:18:47.371 -06:00 [INF] Request starting HTTP/1.1 GET http://localhost:5116/_framework/aspnetcore-browser-refresh.js - null null
2025-07-24 18:18:47.386 -06:00 [INF] Request finished HTTP/1.1 GET http://localhost:5116/_vs/browserLink - 200 null text/javascript; charset=UTF-8 21.952ms
2025-07-24 18:18:47.387 -06:00 [INF] Request finished HTTP/1.1 GET http://localhost:5116/_framework/aspnetcore-browser-refresh.js - 200 16505 application/javascript; charset=utf-8 16.1918ms
2025-07-24 18:18:47.633 -06:00 [INF] Request starting HTTP/1.1 GET http://localhost:5116/Cart/CartCount - null null
2025-07-24 18:18:47.641 -06:00 [INF] Request finished HTTP/1.1 GET http://localhost:5116/Cart/CartCount - 404 0 null 7.763ms
2025-07-24 18:18:47.650 -06:00 [INF] Request reached the end of the middleware pipeline without being handled by application code. Request path: GET http://localhost:5116/Cart/CartCount, Response status code: 404
2025-07-24 18:18:56.939 -06:00 [INF] Request starting HTTP/1.1 GET http://localhost:5116/Orders - null null
2025-07-24 18:18:56.962 -06:00 [INF] Executing endpoint 'PaginaBizu.Controllers.OrdersController.Index (PaginaBizu)'
2025-07-24 18:18:56.970 -06:00 [INF] Route matched with {action = "Index", controller = "Orders", page = "", area = ""}. Executing controller action with signature Microsoft.AspNetCore.Mvc.IActionResult Index() on controller PaginaBizu.Controllers.OrdersController (PaginaBizu).
2025-07-24 18:18:56.980 -06:00 [INF] ➡️ Acción ejecutándose: Orders/Index | Usuario: hoshuacastillo48@gmail.com | IP: ::1 | Hora: "2025-07-24T18:18:56.9800842-06:00"
2025-07-24 18:18:57.005 -06:00 [INF] Executed DbCommand (16ms) [Parameters=[], CommandType='"Text"', CommandTimeout='30']
SELECT [o].[Id], [o].[Estado], [o].[Fecha], [o].[Total], [o].[UsuarioId], [t].[Id], [t].[Cantidad], [t].[OrderId], [t].[PrecioUnitario], [t].[ProductId], [t].[Id0], [t].[CantidadDisponible], [t].[Categoria], [t].[Descripcion], [t].[FechaCreacion], [t].[ImagenUrl], [t].[NombreArticulo], [t].[Precio]
FROM [Orders] AS [o]
LEFT JOIN (
    SELECT [o0].[Id], [o0].[Cantidad], [o0].[OrderId], [o0].[PrecioUnitario], [o0].[ProductId], [p].[Id] AS [Id0], [p].[CantidadDisponible], [p].[Categoria], [p].[Descripcion], [p].[FechaCreacion], [p].[ImagenUrl], [p].[NombreArticulo], [p].[Precio]
    FROM [OrderDetails] AS [o0]
    INNER JOIN [Products] AS [p] ON [o0].[ProductId] = [p].[Id]
) AS [t] ON [o].[Id] = [t].[OrderId]
ORDER BY [o].[Fecha] DESC, [o].[Id], [t].[Id]
2025-07-24 18:18:57.012 -06:00 [INF] ✅ Acción ejecutada: Orders/Index | Hora: "2025-07-24T18:18:57.0129308-06:00"
2025-07-24 18:18:57.019 -06:00 [INF] Executing ViewResult, running view Index.
2025-07-24 18:18:57.025 -06:00 [INF] Executed ViewResult - view Index executed in 5.8455ms.
2025-07-24 18:18:57.030 -06:00 [INF] Executed action PaginaBizu.Controllers.OrdersController.Index (PaginaBizu) in 50.5956ms
2025-07-24 18:18:57.038 -06:00 [INF] Executed endpoint 'PaginaBizu.Controllers.OrdersController.Index (PaginaBizu)'
2025-07-24 18:18:57.045 -06:00 [INF] Request finished HTTP/1.1 GET http://localhost:5116/Orders - 200 null text/html; charset=utf-8 105.7571ms
2025-07-24 18:18:57.098 -06:00 [INF] Request starting HTTP/1.1 GET http://localhost:5116/_vs/browserLink - null null
2025-07-24 18:18:57.100 -06:00 [INF] Request starting HTTP/1.1 GET http://localhost:5116/_framework/aspnetcore-browser-refresh.js - null null
2025-07-24 18:18:57.115 -06:00 [INF] Request finished HTTP/1.1 GET http://localhost:5116/_vs/browserLink - 200 null text/javascript; charset=UTF-8 16.8874ms
2025-07-24 18:18:57.117 -06:00 [INF] Request finished HTTP/1.1 GET http://localhost:5116/_framework/aspnetcore-browser-refresh.js - 200 16505 application/javascript; charset=utf-8 17.336ms
2025-07-24 18:18:57.358 -06:00 [INF] Request starting HTTP/1.1 GET http://localhost:5116/Cart/CartCount - null null
2025-07-24 18:18:57.369 -06:00 [INF] Request finished HTTP/1.1 GET http://localhost:5116/Cart/CartCount - 404 0 null 10.3363ms
2025-07-24 18:18:57.376 -06:00 [INF] Request reached the end of the middleware pipeline without being handled by application code. Request path: GET http://localhost:5116/Cart/CartCount, Response status code: 404
2025-07-24 18:19:00.319 -06:00 [INF] Request starting HTTP/1.1 GET http://localhost:5116/Orders/Edit/1002 - null null
2025-07-24 18:19:00.336 -06:00 [INF] Executing endpoint 'PaginaBizu.Controllers.OrdersController.Edit (PaginaBizu)'
2025-07-24 18:19:00.343 -06:00 [INF] Route matched with {action = "Edit", controller = "Orders", page = "", area = ""}. Executing controller action with signature Microsoft.AspNetCore.Mvc.IActionResult Edit(Int32) on controller PaginaBizu.Controllers.OrdersController (PaginaBizu).
2025-07-24 18:19:00.349 -06:00 [INF] ➡️ Acción ejecutándose: Orders/Edit | Usuario: hoshuacastillo48@gmail.com | IP: ::1 | Hora: "2025-07-24T18:19:00.3489133-06:00"
2025-07-24 18:19:00.371 -06:00 [INF] Executed DbCommand (4ms) [Parameters=[@__p_0='?' (DbType = Int32)], CommandType='"Text"', CommandTimeout='30']
SELECT TOP(1) [o].[Id], [o].[Estado], [o].[Fecha], [o].[Total], [o].[UsuarioId]
FROM [Orders] AS [o]
WHERE [o].[Id] = @__p_0
2025-07-24 18:19:00.379 -06:00 [INF] ✅ Acción ejecutada: Orders/Edit | Hora: "2025-07-24T18:19:00.3790890-06:00"
2025-07-24 18:19:00.385 -06:00 [INF] Executing ViewResult, running view Edit.
2025-07-24 18:19:00.501 -06:00 [INF] Executed ViewResult - view Edit executed in 116.731ms.
2025-07-24 18:19:00.508 -06:00 [INF] Executed action PaginaBizu.Controllers.OrdersController.Edit (PaginaBizu) in 160.0896ms
2025-07-24 18:19:00.513 -06:00 [INF] Executed endpoint 'PaginaBizu.Controllers.OrdersController.Edit (PaginaBizu)'
2025-07-24 18:19:00.523 -06:00 [INF] Request finished HTTP/1.1 GET http://localhost:5116/Orders/Edit/1002 - 200 null text/html; charset=utf-8 204.2625ms
2025-07-24 18:19:00.558 -06:00 [INF] Request starting HTTP/1.1 GET http://localhost:5116/_framework/aspnetcore-browser-refresh.js - null null
2025-07-24 18:19:00.568 -06:00 [INF] Request finished HTTP/1.1 GET http://localhost:5116/_framework/aspnetcore-browser-refresh.js - 200 16505 application/javascript; charset=utf-8 9.9397ms
2025-07-24 18:19:00.862 -06:00 [INF] Request starting HTTP/1.1 GET http://localhost:5116/_vs/browserLink - null null
2025-07-24 18:19:00.872 -06:00 [INF] Request starting HTTP/1.1 GET http://localhost:5116/Cart/CartCount - null null
2025-07-24 18:19:00.881 -06:00 [INF] Request finished HTTP/1.1 GET http://localhost:5116/_vs/browserLink - 200 null text/javascript; charset=UTF-8 18.274ms
2025-07-24 18:19:00.884 -06:00 [INF] Request finished HTTP/1.1 GET http://localhost:5116/Cart/CartCount - 404 0 null 12.3639ms
2025-07-24 18:19:00.905 -06:00 [INF] Request reached the end of the middleware pipeline without being handled by application code. Request path: GET http://localhost:5116/Cart/CartCount, Response status code: 404
2025-07-24 18:19:05.222 -06:00 [INF] Request starting HTTP/1.1 POST http://localhost:5116/Orders/Edit/1002 - application/x-www-form-urlencoded 251
2025-07-24 18:19:05.236 -06:00 [INF] Executing endpoint 'PaginaBizu.Controllers.OrdersController.Edit (PaginaBizu)'
2025-07-24 18:19:05.256 -06:00 [INF] Route matched with {action = "Edit", controller = "Orders", page = "", area = ""}. Executing controller action with signature Microsoft.AspNetCore.Mvc.IActionResult Edit(Int32, PaginaBizu.Models.Order) on controller PaginaBizu.Controllers.OrdersController (PaginaBizu).
2025-07-24 18:19:05.288 -06:00 [INF] ➡️ Acción ejecutándose: Orders/Edit | Usuario: hoshuacastillo48@gmail.com | IP: ::1 | Hora: "2025-07-24T18:19:05.2881675-06:00"
2025-07-24 18:19:05.298 -06:00 [INF] ✅ Acción ejecutada: Orders/Edit | Hora: "2025-07-24T18:19:05.2986508-06:00"
2025-07-24 18:19:05.305 -06:00 [INF] Executing ViewResult, running view Edit.
2025-07-24 18:19:05.314 -06:00 [INF] Executed ViewResult - view Edit executed in 9.3944ms.
2025-07-24 18:19:05.321 -06:00 [INF] Executed action PaginaBizu.Controllers.OrdersController.Edit (PaginaBizu) in 58.5928ms
2025-07-24 18:19:05.328 -06:00 [INF] Executed endpoint 'PaginaBizu.Controllers.OrdersController.Edit (PaginaBizu)'
2025-07-24 18:19:05.340 -06:00 [INF] Request finished HTTP/1.1 POST http://localhost:5116/Orders/Edit/1002 - 200 null text/html; charset=utf-8 118.1506ms
2025-07-24 18:19:05.367 -06:00 [INF] Request starting HTTP/1.1 GET http://localhost:5116/_vs/browserLink - null null
2025-07-24 18:19:05.376 -06:00 [INF] Request starting HTTP/1.1 GET http://localhost:5116/_framework/aspnetcore-browser-refresh.js - null null
2025-07-24 18:19:05.382 -06:00 [INF] Request finished HTTP/1.1 GET http://localhost:5116/_vs/browserLink - 200 null text/javascript; charset=UTF-8 14.8616ms
2025-07-24 18:19:05.385 -06:00 [INF] Request finished HTTP/1.1 GET http://localhost:5116/_framework/aspnetcore-browser-refresh.js - 200 16505 application/javascript; charset=utf-8 10.1174ms
2025-07-24 18:19:05.740 -06:00 [INF] Request starting HTTP/1.1 GET http://localhost:5116/Cart/CartCount - null null
2025-07-24 18:19:05.751 -06:00 [INF] Request finished HTTP/1.1 GET http://localhost:5116/Cart/CartCount - 404 0 null 11.2241ms
2025-07-24 18:19:05.762 -06:00 [INF] Request reached the end of the middleware pipeline without being handled by application code. Request path: GET http://localhost:5116/Cart/CartCount, Response status code: 404
2025-07-24 18:19:08.482 -06:00 [INF] Request starting HTTP/1.1 GET http://localhost:5116/ - null null
2025-07-24 18:19:08.495 -06:00 [INF] Executing endpoint 'PaginaBizu.Controllers.HomeController.Index (PaginaBizu)'
2025-07-24 18:19:08.498 -06:00 [INF] Route matched with {action = "Index", controller = "Home", page = "", area = ""}. Executing controller action with signature Microsoft.AspNetCore.Mvc.IActionResult Index() on controller PaginaBizu.Controllers.HomeController (PaginaBizu).
2025-07-24 18:19:08.503 -06:00 [INF] ➡️ Acción ejecutándose: Home/Index | Usuario: hoshuacastillo48@gmail.com | IP: ::1 | Hora: "2025-07-24T18:19:08.5035141-06:00"
2025-07-24 18:19:08.507 -06:00 [INF] ✅ Acción ejecutada: Home/Index | Hora: "2025-07-24T18:19:08.5077779-06:00"
2025-07-24 18:19:08.510 -06:00 [INF] Executing ViewResult, running view Index.
2025-07-24 18:19:08.517 -06:00 [INF] Executed ViewResult - view Index executed in 6.7907ms.
2025-07-24 18:19:08.524 -06:00 [INF] Executed action PaginaBizu.Controllers.HomeController.Index (PaginaBizu) in 21.3557ms
2025-07-24 18:19:08.534 -06:00 [INF] Executed endpoint 'PaginaBizu.Controllers.HomeController.Index (PaginaBizu)'
2025-07-24 18:19:08.538 -06:00 [INF] Request finished HTTP/1.1 GET http://localhost:5116/ - 200 null text/html; charset=utf-8 55.572ms
2025-07-24 18:19:08.814 -06:00 [INF] Request starting HTTP/1.1 GET http://localhost:5116/_framework/aspnetcore-browser-refresh.js - null null
2025-07-24 18:19:08.815 -06:00 [INF] Request starting HTTP/1.1 GET http://localhost:5116/_vs/browserLink - null null
2025-07-24 18:19:08.816 -06:00 [INF] Request starting HTTP/1.1 GET http://localhost:5116/css/tailwindcss - null null
2025-07-24 18:19:08.829 -06:00 [INF] Request finished HTTP/1.1 GET http://localhost:5116/_framework/aspnetcore-browser-refresh.js - 200 16505 application/javascript; charset=utf-8 14.077ms
2025-07-24 18:19:08.843 -06:00 [INF] Request finished HTTP/1.1 GET http://localhost:5116/_vs/browserLink - 200 null text/javascript; charset=UTF-8 27.5072ms
2025-07-24 18:19:08.845 -06:00 [INF] Request finished HTTP/1.1 GET http://localhost:5116/css/tailwindcss - 404 0 null 29.5919ms
2025-07-24 18:19:08.863 -06:00 [INF] Request reached the end of the middleware pipeline without being handled by application code. Request path: GET http://localhost:5116/css/tailwindcss, Response status code: 404
2025-07-24 18:19:09.093 -06:00 [INF] Request starting HTTP/1.1 GET http://localhost:5116/Cart/CartCount - null null
2025-07-24 18:19:09.103 -06:00 [INF] Request finished HTTP/1.1 GET http://localhost:5116/Cart/CartCount - 404 0 null 9.6865ms
2025-07-24 18:19:09.112 -06:00 [INF] Request reached the end of the middleware pipeline without being handled by application code. Request path: GET http://localhost:5116/Cart/CartCount, Response status code: 404
2025-07-24 18:19:12.005 -06:00 [INF] Request starting HTTP/1.1 GET http://localhost:5116/products - null null
2025-07-24 18:19:12.021 -06:00 [INF] Executing endpoint 'PaginaBizu.Controllers.ProductsController.Index (PaginaBizu)'
2025-07-24 18:19:12.025 -06:00 [INF] Route matched with {action = "Index", controller = "Products", page = "", area = ""}. Executing controller action with signature System.Threading.Tasks.Task`1[Microsoft.AspNetCore.Mvc.IActionResult] Index() on controller PaginaBizu.Controllers.ProductsController (PaginaBizu).
2025-07-24 18:19:12.039 -06:00 [INF] ➡️ Acción ejecutándose: Products/Index | Usuario: hoshuacastillo48@gmail.com | IP: ::1 | Hora: "2025-07-24T18:19:12.0394643-06:00"
2025-07-24 18:19:12.068 -06:00 [INF] Executed DbCommand (10ms) [Parameters=[], CommandType='"Text"', CommandTimeout='30']
SELECT [p].[Id], [p].[CantidadDisponible], [p].[Categoria], [p].[Descripcion], [p].[FechaCreacion], [p].[ImagenUrl], [p].[NombreArticulo], [p].[Precio]
FROM [Products] AS [p]
2025-07-24 18:19:12.075 -06:00 [INF] ✅ Acción ejecutada: Products/Index | Hora: "2025-07-24T18:19:12.0751170-06:00"
2025-07-24 18:19:12.078 -06:00 [INF] Executing ViewResult, running view Index.
2025-07-24 18:19:12.086 -06:00 [INF] Executed ViewResult - view Index executed in 8.2356ms.
2025-07-24 18:19:12.091 -06:00 [INF] Executed action PaginaBizu.Controllers.ProductsController.Index (PaginaBizu) in 51.9408ms
2025-07-24 18:19:12.094 -06:00 [INF] Executed endpoint 'PaginaBizu.Controllers.ProductsController.Index (PaginaBizu)'
2025-07-24 18:19:12.098 -06:00 [INF] Request finished HTTP/1.1 GET http://localhost:5116/products - 200 null text/html; charset=utf-8 93.0352ms
2025-07-24 18:19:12.118 -06:00 [INF] Request starting HTTP/1.1 GET http://localhost:5116/imagenpulseraoro.jpg - null null
2025-07-24 18:19:12.119 -06:00 [INF] Request starting HTTP/1.1 GET http://localhost:5116/pulseraverde.jpg - null null
2025-07-24 18:19:12.126 -06:00 [INF] Request finished HTTP/1.1 GET http://localhost:5116/imagenpulseraoro.jpg - 404 0 null 7.9274ms
2025-07-24 18:19:12.132 -06:00 [INF] Request finished HTTP/1.1 GET http://localhost:5116/pulseraverde.jpg - 404 0 null 12.9217ms
2025-07-24 18:19:12.137 -06:00 [INF] Request reached the end of the middleware pipeline without being handled by application code. Request path: GET http://localhost:5116/imagenpulseraoro.jpg, Response status code: 404
2025-07-24 18:19:12.144 -06:00 [INF] Request reached the end of the middleware pipeline without being handled by application code. Request path: GET http://localhost:5116/pulseraverde.jpg, Response status code: 404
2025-07-24 18:19:13.250 -06:00 [INF] Request starting HTTP/1.1 GET http://localhost:5116/imagenpulserrojo.jpg - null null
2025-07-24 18:19:13.259 -06:00 [INF] Request starting HTTP/1.1 GET http://localhost:5116/_framework/aspnetcore-browser-refresh.js - null null
2025-07-24 18:19:13.261 -06:00 [INF] Request finished HTTP/1.1 GET http://localhost:5116/imagenpulserrojo.jpg - 404 0 null 10.4607ms
2025-07-24 18:19:13.261 -06:00 [INF] Request starting HTTP/1.1 GET http://localhost:5116/_vs/browserLink - null null
2025-07-24 18:19:13.269 -06:00 [INF] Request finished HTTP/1.1 GET http://localhost:5116/_framework/aspnetcore-browser-refresh.js - 200 16505 application/javascript; charset=utf-8 9.9562ms
2025-07-24 18:19:13.278 -06:00 [INF] Request reached the end of the middleware pipeline without being handled by application code. Request path: GET http://localhost:5116/imagenpulserrojo.jpg, Response status code: 404
2025-07-24 18:19:13.295 -06:00 [INF] Request finished HTTP/1.1 GET http://localhost:5116/_vs/browserLink - 200 null text/javascript; charset=UTF-8 33.338ms
2025-07-24 18:19:13.408 -06:00 [INF] Request starting HTTP/1.1 GET http://localhost:5116/Cart/CartCount - null null
2025-07-24 18:19:13.417 -06:00 [INF] Request finished HTTP/1.1 GET http://localhost:5116/Cart/CartCount - 404 0 null 8.4276ms
2025-07-24 18:19:13.423 -06:00 [INF] Request reached the end of the middleware pipeline without being handled by application code. Request path: GET http://localhost:5116/Cart/CartCount, Response status code: 404
2025-07-24 18:19:22.739 -06:00 [INF] Request starting HTTP/1.1 GET http://localhost:5116/Orders - null null
2025-07-24 18:19:22.765 -06:00 [INF] Executing endpoint 'PaginaBizu.Controllers.OrdersController.Index (PaginaBizu)'
2025-07-24 18:19:22.768 -06:00 [INF] Route matched with {action = "Index", controller = "Orders", page = "", area = ""}. Executing controller action with signature Microsoft.AspNetCore.Mvc.IActionResult Index() on controller PaginaBizu.Controllers.OrdersController (PaginaBizu).
2025-07-24 18:19:22.774 -06:00 [INF] ➡️ Acción ejecutándose: Orders/Index | Usuario: hoshuacastillo48@gmail.com | IP: ::1 | Hora: "2025-07-24T18:19:22.7742603-06:00"
2025-07-24 18:19:22.795 -06:00 [INF] Executed DbCommand (15ms) [Parameters=[], CommandType='"Text"', CommandTimeout='30']
SELECT [o].[Id], [o].[Estado], [o].[Fecha], [o].[Total], [o].[UsuarioId], [t].[Id], [t].[Cantidad], [t].[OrderId], [t].[PrecioUnitario], [t].[ProductId], [t].[Id0], [t].[CantidadDisponible], [t].[Categoria], [t].[Descripcion], [t].[FechaCreacion], [t].[ImagenUrl], [t].[NombreArticulo], [t].[Precio]
FROM [Orders] AS [o]
LEFT JOIN (
    SELECT [o0].[Id], [o0].[Cantidad], [o0].[OrderId], [o0].[PrecioUnitario], [o0].[ProductId], [p].[Id] AS [Id0], [p].[CantidadDisponible], [p].[Categoria], [p].[Descripcion], [p].[FechaCreacion], [p].[ImagenUrl], [p].[NombreArticulo], [p].[Precio]
    FROM [OrderDetails] AS [o0]
    INNER JOIN [Products] AS [p] ON [o0].[ProductId] = [p].[Id]
) AS [t] ON [o].[Id] = [t].[OrderId]
ORDER BY [o].[Fecha] DESC, [o].[Id], [t].[Id]
2025-07-24 18:19:22.804 -06:00 [INF] ✅ Acción ejecutada: Orders/Index | Hora: "2025-07-24T18:19:22.8040131-06:00"
2025-07-24 18:19:22.809 -06:00 [INF] Executing ViewResult, running view Index.
2025-07-24 18:19:22.812 -06:00 [INF] Executed ViewResult - view Index executed in 3.2718ms.
2025-07-24 18:19:22.818 -06:00 [INF] Executed action PaginaBizu.Controllers.OrdersController.Index (PaginaBizu) in 43.9953ms
2025-07-24 18:19:22.823 -06:00 [INF] Executed endpoint 'PaginaBizu.Controllers.OrdersController.Index (PaginaBizu)'
2025-07-24 18:19:22.827 -06:00 [INF] Request finished HTTP/1.1 GET http://localhost:5116/Orders - 200 null text/html; charset=utf-8 88.492ms
2025-07-24 18:19:22.878 -06:00 [INF] Request starting HTTP/1.1 GET http://localhost:5116/_vs/browserLink - null null
2025-07-24 18:19:22.880 -06:00 [INF] Request starting HTTP/1.1 GET http://localhost:5116/_framework/aspnetcore-browser-refresh.js - null null
2025-07-24 18:19:22.906 -06:00 [INF] Request finished HTTP/1.1 GET http://localhost:5116/_framework/aspnetcore-browser-refresh.js - 200 16505 application/javascript; charset=utf-8 25.3757ms
2025-07-24 18:19:22.906 -06:00 [INF] Request finished HTTP/1.1 GET http://localhost:5116/_vs/browserLink - 200 null text/javascript; charset=UTF-8 27.828ms
2025-07-24 18:19:23.354 -06:00 [INF] Request starting HTTP/1.1 GET http://localhost:5116/Cart/CartCount - null null
2025-07-24 18:19:23.362 -06:00 [INF] Request finished HTTP/1.1 GET http://localhost:5116/Cart/CartCount - 404 0 null 7.6955ms
2025-07-24 18:19:23.373 -06:00 [INF] Request reached the end of the middleware pipeline without being handled by application code. Request path: GET http://localhost:5116/Cart/CartCount, Response status code: 404
2025-07-24 18:19:31.474 -06:00 [INF] Request starting HTTP/1.1 GET http://localhost:5116/ - null null
2025-07-24 18:19:31.492 -06:00 [INF] Executing endpoint 'PaginaBizu.Controllers.HomeController.Index (PaginaBizu)'
2025-07-24 18:19:31.495 -06:00 [INF] Route matched with {action = "Index", controller = "Home", page = "", area = ""}. Executing controller action with signature Microsoft.AspNetCore.Mvc.IActionResult Index() on controller PaginaBizu.Controllers.HomeController (PaginaBizu).
2025-07-24 18:19:31.506 -06:00 [INF] ➡️ Acción ejecutándose: Home/Index | Usuario: hoshuacastillo48@gmail.com | IP: ::1 | Hora: "2025-07-24T18:19:31.5066066-06:00"
2025-07-24 18:19:31.513 -06:00 [INF] ✅ Acción ejecutada: Home/Index | Hora: "2025-07-24T18:19:31.5136752-06:00"
2025-07-24 18:19:31.519 -06:00 [INF] Executing ViewResult, running view Index.
2025-07-24 18:19:31.523 -06:00 [INF] Executed ViewResult - view Index executed in 4.0432ms.
2025-07-24 18:19:31.527 -06:00 [INF] Executed action PaginaBizu.Controllers.HomeController.Index (PaginaBizu) in 21.0395ms
2025-07-24 18:19:31.536 -06:00 [INF] Executed endpoint 'PaginaBizu.Controllers.HomeController.Index (PaginaBizu)'
2025-07-24 18:19:31.543 -06:00 [INF] Request finished HTTP/1.1 GET http://localhost:5116/ - 200 null text/html; charset=utf-8 68.954ms
2025-07-24 18:19:31.823 -06:00 [INF] Request starting HTTP/1.1 GET http://localhost:5116/_framework/aspnetcore-browser-refresh.js - null null
2025-07-24 18:19:31.826 -06:00 [INF] Request starting HTTP/1.1 GET http://localhost:5116/_vs/browserLink - null null
2025-07-24 18:19:31.831 -06:00 [INF] Request finished HTTP/1.1 GET http://localhost:5116/_framework/aspnetcore-browser-refresh.js - 200 16505 application/javascript; charset=utf-8 7.6274ms
2025-07-24 18:19:31.846 -06:00 [INF] Request finished HTTP/1.1 GET http://localhost:5116/_vs/browserLink - 200 null text/javascript; charset=UTF-8 20.5186ms
2025-07-24 18:19:31.974 -06:00 [INF] Request starting HTTP/1.1 GET http://localhost:5116/images/bg.png - null null
2025-07-24 18:19:31.987 -06:00 [INF] Request finished HTTP/1.1 GET http://localhost:5116/images/bg.png - 404 0 null 13.7345ms
2025-07-24 18:19:32.003 -06:00 [INF] Request reached the end of the middleware pipeline without being handled by application code. Request path: GET http://localhost:5116/images/bg.png, Response status code: 404
2025-07-24 18:19:32.026 -06:00 [INF] Request starting HTTP/1.1 GET http://localhost:5116/css/tailwindcss - null null
2025-07-24 18:19:32.035 -06:00 [INF] Request finished HTTP/1.1 GET http://localhost:5116/css/tailwindcss - 404 0 null 9.4184ms
2025-07-24 18:19:32.045 -06:00 [INF] Request reached the end of the middleware pipeline without being handled by application code. Request path: GET http://localhost:5116/css/tailwindcss, Response status code: 404
2025-07-24 18:19:32.169 -06:00 [INF] Request starting HTTP/1.1 GET http://localhost:5116/Cart/CartCount - null null
2025-07-24 18:19:32.175 -06:00 [INF] Request finished HTTP/1.1 GET http://localhost:5116/Cart/CartCount - 404 0 null 5.6987ms
2025-07-24 18:19:32.184 -06:00 [INF] Request reached the end of the middleware pipeline without being handled by application code. Request path: GET http://localhost:5116/Cart/CartCount, Response status code: 404
2025-07-24 18:19:35.662 -06:00 [INF] Request starting HTTP/1.1 GET http://localhost:5116/Shop - null null
2025-07-24 18:19:35.676 -06:00 [INF] Executing endpoint 'PaginaBizu.Controllers.ShopController.Index (PaginaBizu)'
2025-07-24 18:19:35.682 -06:00 [INF] Route matched with {action = "Index", controller = "Shop", page = "", area = ""}. Executing controller action with signature Microsoft.AspNetCore.Mvc.IActionResult Index() on controller PaginaBizu.Controllers.ShopController (PaginaBizu).
2025-07-24 18:19:35.689 -06:00 [INF] ➡️ Acción ejecutándose: Shop/Index | Usuario: hoshuacastillo48@gmail.com | IP: ::1 | Hora: "2025-07-24T18:19:35.6894135-06:00"
2025-07-24 18:19:35.708 -06:00 [INF] Executed DbCommand (5ms) [Parameters=[], CommandType='"Text"', CommandTimeout='30']
SELECT [p].[Id], [p].[CantidadDisponible], [p].[Categoria], [p].[Descripcion], [p].[FechaCreacion], [p].[ImagenUrl], [p].[NombreArticulo], [p].[Precio]
FROM [Products] AS [p]
2025-07-24 18:19:35.720 -06:00 [INF] ✅ Acción ejecutada: Shop/Index | Hora: "2025-07-24T18:19:35.7203649-06:00"
2025-07-24 18:19:35.735 -06:00 [INF] Executing ViewResult, running view Index.
2025-07-24 18:19:35.755 -06:00 [INF] Executed ViewResult - view Index executed in 23.0129ms.
2025-07-24 18:19:35.759 -06:00 [INF] Executed action PaginaBizu.Controllers.ShopController.Index (PaginaBizu) in 70.9582ms
2025-07-24 18:19:35.764 -06:00 [INF] Executed endpoint 'PaginaBizu.Controllers.ShopController.Index (PaginaBizu)'
2025-07-24 18:19:35.768 -06:00 [INF] Request finished HTTP/1.1 GET http://localhost:5116/Shop - 200 null text/html; charset=utf-8 106.5316ms
2025-07-24 18:19:36.082 -06:00 [INF] Request starting HTTP/1.1 GET http://localhost:5116/images/imagenpulserrojo.jpg - null null
2025-07-24 18:19:36.082 -06:00 [INF] Request starting HTTP/1.1 GET http://localhost:5116/_framework/aspnetcore-browser-refresh.js - null null
2025-07-24 18:19:36.083 -06:00 [INF] Request starting HTTP/1.1 GET http://localhost:5116/_vs/browserLink - null null
2025-07-24 18:19:36.090 -06:00 [INF] Request finished HTTP/1.1 GET http://localhost:5116/images/imagenpulserrojo.jpg - 404 0 null 8.0304ms
2025-07-24 18:19:36.094 -06:00 [INF] Request finished HTTP/1.1 GET http://localhost:5116/_framework/aspnetcore-browser-refresh.js - 200 16505 application/javascript; charset=utf-8 11.733ms
2025-07-24 18:19:36.107 -06:00 [INF] Request finished HTTP/1.1 GET http://localhost:5116/_vs/browserLink - 200 null text/javascript; charset=UTF-8 23.6011ms
2025-07-24 18:19:36.109 -06:00 [INF] Request reached the end of the middleware pipeline without being handled by application code. Request path: GET http://localhost:5116/images/imagenpulserrojo.jpg, Response status code: 404
2025-07-24 18:19:36.206 -06:00 [INF] Request starting HTTP/1.1 GET http://localhost:5116/Cart/CartCount - null null
2025-07-24 18:19:36.217 -06:00 [INF] Request finished HTTP/1.1 GET http://localhost:5116/Cart/CartCount - 404 0 null 10.3176ms
2025-07-24 18:19:36.223 -06:00 [INF] Request reached the end of the middleware pipeline without being handled by application code. Request path: GET http://localhost:5116/Cart/CartCount, Response status code: 404
2025-07-24 18:21:39.340 -06:00 [INF] User profile is available. Using 'C:\Users\hoshu\AppData\Local\ASP.NET\DataProtection-Keys' as key repository and Windows DPAPI to encrypt keys at rest.
2025-07-24 18:21:39.846 -06:00 [WRN] No store type was specified for the decimal property 'Total' on entity type 'Order'. This will cause values to be silently truncated if they do not fit in the default precision and scale. Explicitly specify the SQL server column type that can accommodate all the values in 'OnModelCreating' using 'HasColumnType', specify precision and scale using 'HasPrecision', or configure a value converter using 'HasConversion'.
2025-07-24 18:21:39.853 -06:00 [WRN] No store type was specified for the decimal property 'PrecioUnitario' on entity type 'OrderDetail'. This will cause values to be silently truncated if they do not fit in the default precision and scale. Explicitly specify the SQL server column type that can accommodate all the values in 'OnModelCreating' using 'HasColumnType', specify precision and scale using 'HasPrecision', or configure a value converter using 'HasConversion'.
2025-07-24 18:21:39.855 -06:00 [WRN] No store type was specified for the decimal property 'Precio' on entity type 'Product'. This will cause values to be silently truncated if they do not fit in the default precision and scale. Explicitly specify the SQL server column type that can accommodate all the values in 'OnModelCreating' using 'HasColumnType', specify precision and scale using 'HasPrecision', or configure a value converter using 'HasConversion'.
2025-07-24 18:21:40.485 -06:00 [INF] Executed DbCommand (52ms) [Parameters=[@__normalizedName_0='?' (Size = 256)], CommandType='"Text"', CommandTimeout='30']
SELECT TOP(1) [a].[Id], [a].[ConcurrencyStamp], [a].[Name], [a].[NormalizedName]
FROM [AspNetRoles] AS [a]
WHERE [a].[NormalizedName] = @__normalizedName_0
2025-07-24 18:21:40.570 -06:00 [INF] Executed DbCommand (7ms) [Parameters=[@__normalizedEmail_0='?' (Size = 256)], CommandType='"Text"', CommandTimeout='30']
SELECT TOP(2) [a].[Id], [a].[AccessFailedCount], [a].[ConcurrencyStamp], [a].[Email], [a].[EmailConfirmed], [a].[LockoutEnabled], [a].[LockoutEnd], [a].[NormalizedEmail], [a].[NormalizedUserName], [a].[PasswordHash], [a].[PhoneNumber], [a].[PhoneNumberConfirmed], [a].[SecurityStamp], [a].[TwoFactorEnabled], [a].[UserName]
FROM [AspNetUsers] AS [a]
WHERE [a].[NormalizedEmail] = @__normalizedEmail_0
2025-07-24 18:21:40.609 -06:00 [INF] Executed DbCommand (3ms) [Parameters=[@__normalizedRoleName_0='?' (Size = 256)], CommandType='"Text"', CommandTimeout='30']
SELECT TOP(2) [a].[Id], [a].[ConcurrencyStamp], [a].[Name], [a].[NormalizedName]
FROM [AspNetRoles] AS [a]
WHERE [a].[NormalizedName] = @__normalizedRoleName_0
2025-07-24 18:21:40.640 -06:00 [INF] Executed DbCommand (3ms) [Parameters=[@__p_0='?' (Size = 450), @__p_1='?' (Size = 450)], CommandType='"Text"', CommandTimeout='30']
SELECT TOP(1) [a].[UserId], [a].[RoleId]
FROM [AspNetUserRoles] AS [a]
WHERE [a].[UserId] = @__p_0 AND [a].[RoleId] = @__p_1
2025-07-24 18:21:40.666 -06:00 [INF] Executed DbCommand (6ms) [Parameters=[@__normalizedEmail_0='?' (Size = 256)], CommandType='"Text"', CommandTimeout='30']
SELECT TOP(2) [a].[Id], [a].[AccessFailedCount], [a].[ConcurrencyStamp], [a].[Email], [a].[EmailConfirmed], [a].[LockoutEnabled], [a].[LockoutEnd], [a].[NormalizedEmail], [a].[NormalizedUserName], [a].[PasswordHash], [a].[PhoneNumber], [a].[PhoneNumberConfirmed], [a].[SecurityStamp], [a].[TwoFactorEnabled], [a].[UserName]
FROM [AspNetUsers] AS [a]
WHERE [a].[NormalizedEmail] = @__normalizedEmail_0
2025-07-24 18:21:40.678 -06:00 [INF] Executed DbCommand (5ms) [Parameters=[@__normalizedRoleName_0='?' (Size = 256)], CommandType='"Text"', CommandTimeout='30']
SELECT TOP(2) [a].[Id], [a].[ConcurrencyStamp], [a].[Name], [a].[NormalizedName]
FROM [AspNetRoles] AS [a]
WHERE [a].[NormalizedName] = @__normalizedRoleName_0
2025-07-24 18:21:40.688 -06:00 [INF] Executed DbCommand (3ms) [Parameters=[@__p_0='?' (Size = 450), @__p_1='?' (Size = 450)], CommandType='"Text"', CommandTimeout='30']
SELECT TOP(1) [a].[UserId], [a].[RoleId]
FROM [AspNetUserRoles] AS [a]
WHERE [a].[UserId] = @__p_0 AND [a].[RoleId] = @__p_1
2025-07-24 18:21:40.699 -06:00 [INF] Executed DbCommand (6ms) [Parameters=[@__normalizedEmail_0='?' (Size = 256)], CommandType='"Text"', CommandTimeout='30']
SELECT TOP(2) [a].[Id], [a].[AccessFailedCount], [a].[ConcurrencyStamp], [a].[Email], [a].[EmailConfirmed], [a].[LockoutEnabled], [a].[LockoutEnd], [a].[NormalizedEmail], [a].[NormalizedUserName], [a].[PasswordHash], [a].[PhoneNumber], [a].[PhoneNumberConfirmed], [a].[SecurityStamp], [a].[TwoFactorEnabled], [a].[UserName]
FROM [AspNetUsers] AS [a]
WHERE [a].[NormalizedEmail] = @__normalizedEmail_0
2025-07-24 18:21:40.713 -06:00 [INF] Executed DbCommand (5ms) [Parameters=[@__normalizedRoleName_0='?' (Size = 256)], CommandType='"Text"', CommandTimeout='30']
SELECT TOP(2) [a].[Id], [a].[ConcurrencyStamp], [a].[Name], [a].[NormalizedName]
FROM [AspNetRoles] AS [a]
WHERE [a].[NormalizedName] = @__normalizedRoleName_0
2025-07-24 18:21:40.729 -06:00 [INF] Executed DbCommand (5ms) [Parameters=[@__p_0='?' (Size = 450), @__p_1='?' (Size = 450)], CommandType='"Text"', CommandTimeout='30']
SELECT TOP(1) [a].[UserId], [a].[RoleId]
FROM [AspNetUserRoles] AS [a]
WHERE [a].[UserId] = @__p_0 AND [a].[RoleId] = @__p_1
2025-07-24 18:21:41.151 -06:00 [INF] Now listening on: http://localhost:5116
2025-07-24 18:21:41.317 -06:00 [INF] Application started. Press Ctrl+C to shut down.
2025-07-24 18:21:41.320 -06:00 [INF] Hosting environment: Development
2025-07-24 18:21:41.375 -06:00 [INF] Content root path: C:\Users\hoshu\source\repos\PaginaBizu\PaginaBizu
2025-07-24 18:21:42.011 -06:00 [INF] Request starting HTTP/1.1 GET http://localhost:5116/ - null null
2025-07-24 18:21:42.265 -06:00 [WRN] Failed to determine the https port for redirect.
2025-07-24 18:21:42.370 -06:00 [INF] Executing endpoint 'PaginaBizu.Controllers.HomeController.Index (PaginaBizu)'
2025-07-24 18:21:42.397 -06:00 [INF] Route matched with {action = "Index", controller = "Home", page = "", area = ""}. Executing controller action with signature Microsoft.AspNetCore.Mvc.IActionResult Index() on controller PaginaBizu.Controllers.HomeController (PaginaBizu).
2025-07-24 18:21:42.443 -06:00 [INF] ➡️ Acción ejecutándose: Home/Index | Usuario: hoshuacastillo48@gmail.com | IP: ::1 | Hora: "2025-07-24T18:21:42.4428590-06:00"
2025-07-24 18:21:42.457 -06:00 [INF] ✅ Acción ejecutada: Home/Index | Hora: "2025-07-24T18:21:42.4570858-06:00"
2025-07-24 18:21:42.483 -06:00 [INF] Executing ViewResult, running view Index.
2025-07-24 18:21:42.759 -06:00 [INF] Executed ViewResult - view Index executed in 279.1842ms.
2025-07-24 18:21:42.765 -06:00 [INF] Executed action PaginaBizu.Controllers.HomeController.Index (PaginaBizu) in 350.2997ms
2025-07-24 18:21:42.771 -06:00 [INF] Executed endpoint 'PaginaBizu.Controllers.HomeController.Index (PaginaBizu)'
2025-07-24 18:21:42.784 -06:00 [INF] Request finished HTTP/1.1 GET http://localhost:5116/ - 200 null text/html; charset=utf-8 792.9677ms
2025-07-24 18:21:43.538 -06:00 [INF] Request starting HTTP/1.1 GET http://localhost:5116/_framework/aspnetcore-browser-refresh.js - null null
2025-07-24 18:21:43.550 -06:00 [INF] Request starting HTTP/1.1 GET http://localhost:5116/_vs/browserLink - null null
2025-07-24 18:21:43.556 -06:00 [INF] Request finished HTTP/1.1 GET http://localhost:5116/_framework/aspnetcore-browser-refresh.js - 200 16505 application/javascript; charset=utf-8 17.7506ms
2025-07-24 18:21:43.608 -06:00 [INF] Request finished HTTP/1.1 GET http://localhost:5116/_vs/browserLink - 200 null text/javascript; charset=UTF-8 58.9033ms
2025-07-24 18:21:43.941 -06:00 [INF] Request starting HTTP/1.1 GET http://localhost:5116/images/bg.png - null null
2025-07-24 18:21:43.965 -06:00 [INF] Request finished HTTP/1.1 GET http://localhost:5116/images/bg.png - 404 0 null 24.4398ms
2025-07-24 18:21:43.976 -06:00 [INF] Request reached the end of the middleware pipeline without being handled by application code. Request path: GET http://localhost:5116/images/bg.png, Response status code: 404
2025-07-24 18:21:43.981 -06:00 [INF] Request starting HTTP/1.1 GET http://localhost:5116/css/tailwindcss - null null
2025-07-24 18:21:44.009 -06:00 [INF] Request starting HTTP/1.1 GET http://localhost:5116/images/bg.png - null null
2025-07-24 18:21:44.027 -06:00 [INF] Request finished HTTP/1.1 GET http://localhost:5116/css/tailwindcss - 404 0 null 46.0529ms
2025-07-24 18:21:44.032 -06:00 [INF] Request finished HTTP/1.1 GET http://localhost:5116/images/bg.png - 404 0 null 22.4519ms
2025-07-24 18:21:44.038 -06:00 [INF] Request reached the end of the middleware pipeline without being handled by application code. Request path: GET http://localhost:5116/css/tailwindcss, Response status code: 404
2025-07-24 18:21:44.045 -06:00 [INF] Request reached the end of the middleware pipeline without being handled by application code. Request path: GET http://localhost:5116/images/bg.png, Response status code: 404
2025-07-24 18:21:44.294 -06:00 [INF] Request starting HTTP/1.1 GET http://localhost:5116/Cart/CartCount - null null
2025-07-24 18:21:44.305 -06:00 [INF] Request finished HTTP/1.1 GET http://localhost:5116/Cart/CartCount - 404 0 null 11.2432ms
2025-07-24 18:21:44.315 -06:00 [INF] Request reached the end of the middleware pipeline without being handled by application code. Request path: GET http://localhost:5116/Cart/CartCount, Response status code: 404
